C:/Users/joepe/STM32CubeIDE/workspace_1.11.0_2/JAN_19/CM7/Core/Src/stm32h7xx_it.c:70:6:NMI_Handler	4	static
C:/Users/joepe/STM32CubeIDE/workspace_1.11.0_2/JAN_19/CM7/Core/Src/stm32h7xx_it.c:85:6:HardFault_Handler	4	static
C:/Users/joepe/STM32CubeIDE/workspace_1.11.0_2/JAN_19/CM7/Core/Src/stm32h7xx_it.c:100:6:MemManage_Handler	4	static
C:/Users/joepe/STM32CubeIDE/workspace_1.11.0_2/JAN_19/CM7/Core/Src/stm32h7xx_it.c:115:6:BusFault_Handler	4	static
C:/Users/joepe/STM32CubeIDE/workspace_1.11.0_2/JAN_19/CM7/Core/Src/stm32h7xx_it.c:130:6:UsageFault_Handler	4	static
C:/Users/joepe/STM32CubeIDE/workspace_1.11.0_2/JAN_19/CM7/Core/Src/stm32h7xx_it.c:145:6:DebugMon_Handler	4	static
C:/Users/joepe/STM32CubeIDE/workspace_1.11.0_2/JAN_19/CM7/Core/Src/stm32h7xx_it.c:165:6:TIM1_UP_IRQHandler	8	static
