C:/Users/joepe/STM32CubeIDE/workspace_1.11.0_2/JAN_24/CM7/Core/Src/main.c:171:5:main	144	static,ignoring_inline_asm
C:/Users/joepe/STM32CubeIDE/workspace_1.11.0_2/JAN_24/CM7/Core/Src/main.c:326:6:SystemClock_Config	120	static
C:/Users/joepe/STM32CubeIDE/workspace_1.11.0_2/JAN_24/CM7/Core/Src/main.c:385:13:MX_SPI1_Init	8	static
C:/Users/joepe/STM32CubeIDE/workspace_1.11.0_2/JAN_24/CM7/Core/Src/main.c:433:13:MX_SPI2_Init	8	static
C:/Users/joepe/STM32CubeIDE/workspace_1.11.0_2/JAN_24/CM7/Core/Src/main.c:481:13:MX_SPI3_Init	8	static
C:/Users/joepe/STM32CubeIDE/workspace_1.11.0_2/JAN_24/CM7/Core/Src/main.c:529:13:MX_TIM1_Init	112	static
C:/Users/joepe/STM32CubeIDE/workspace_1.11.0_2/JAN_24/CM7/Core/Src/main.c:609:13:MX_TIM2_Init	40	static
C:/Users/joepe/STM32CubeIDE/workspace_1.11.0_2/JAN_24/CM7/Core/Src/main.c:654:13:MX_TIM4_Init	48	static
C:/Users/joepe/STM32CubeIDE/workspace_1.11.0_2/JAN_24/CM7/Core/Src/main.c:703:13:MX_TIM16_Init	80	static
C:/Users/joepe/STM32CubeIDE/workspace_1.11.0_2/JAN_24/CM7/Core/Src/main.c:766:13:MX_USART3_UART_Init	8	static
C:/Users/joepe/STM32CubeIDE/workspace_1.11.0_2/JAN_24/CM7/Core/Src/main.c:814:13:MX_GPIO_Init	72	static
C:/Users/joepe/STM32CubeIDE/workspace_1.11.0_2/JAN_24/CM7/Core/Src/main.c:958:6:HAL_GPIO_EXTI_Callback	16	static
C:/Users/joepe/STM32CubeIDE/workspace_1.11.0_2/JAN_24/CM7/Core/Src/main.c:971:6:HAL_TIM_PeriodElapsedCallback	16	static
C:/Users/joepe/STM32CubeIDE/workspace_1.11.0_2/JAN_24/CM7/Core/Src/main.c:996:6:Error_Handler	4	static,ignoring_inline_asm
