C:/Users/joepe/STM32CubeIDE/workspace_1.11.0_2/JAN_24/CM7/Core/Src/main.c:78:5:main	144	static,ignoring_inline_asm
C:/Users/joepe/STM32CubeIDE/workspace_1.11.0_2/JAN_24/CM7/Core/Src/main.c:181:6:SystemClock_Config	120	static
C:/Users/joepe/STM32CubeIDE/workspace_1.11.0_2/JAN_24/CM7/Core/Src/main.c:240:13:MX_SPI2_Init	8	static
C:/Users/joepe/STM32CubeIDE/workspace_1.11.0_2/JAN_24/CM7/Core/Src/main.c:288:13:MX_TIM2_Init	40	static
C:/Users/joepe/STM32CubeIDE/workspace_1.11.0_2/JAN_24/CM7/Core/Src/main.c:333:13:MX_USART3_UART_Init	8	static
C:/Users/joepe/STM32CubeIDE/workspace_1.11.0_2/JAN_24/CM7/Core/Src/main.c:381:13:MX_GPIO_Init	64	static
C:/Users/joepe/STM32CubeIDE/workspace_1.11.0_2/JAN_24/CM7/Core/Src/main.c:502:6:Error_Handler	4	static,ignoring_inline_asm
