C:/Users/joepe/STM32CubeIDE/workspace_1.11.0_2/JAN_24/CM7/Core/Src/stm32h7xx_hal_msp.c:65:6:HAL_MspInit	16	static
C:/Users/joepe/STM32CubeIDE/workspace_1.11.0_2/JAN_24/CM7/Core/Src/stm32h7xx_hal_msp.c:86:6:HAL_SPI_MspInit	248	static
C:/Users/joepe/STM32CubeIDE/workspace_1.11.0_2/JAN_24/CM7/Core/Src/stm32h7xx_hal_msp.c:150:6:HAL_SPI_MspDeInit	16	static
C:/Users/joepe/STM32CubeIDE/workspace_1.11.0_2/JAN_24/CM7/Core/Src/stm32h7xx_hal_msp.c:184:6:HAL_TIM_Base_MspInit	32	static
C:/Users/joepe/STM32CubeIDE/workspace_1.11.0_2/JAN_24/CM7/Core/Src/stm32h7xx_hal_msp.c:234:6:HAL_TIM_PWM_MspInit	24	static
C:/Users/joepe/STM32CubeIDE/workspace_1.11.0_2/JAN_24/CM7/Core/Src/stm32h7xx_hal_msp.c:253:6:HAL_TIM_MspPostInit	48	static
C:/Users/joepe/STM32CubeIDE/workspace_1.11.0_2/JAN_24/CM7/Core/Src/stm32h7xx_hal_msp.c:305:6:HAL_TIM_Base_MspDeInit	16	static
C:/Users/joepe/STM32CubeIDE/workspace_1.11.0_2/JAN_24/CM7/Core/Src/stm32h7xx_hal_msp.c:355:6:HAL_TIM_PWM_MspDeInit	16	static
C:/Users/joepe/STM32CubeIDE/workspace_1.11.0_2/JAN_24/CM7/Core/Src/stm32h7xx_hal_msp.c:380:6:HAL_UART_MspInit	240	static
C:/Users/joepe/STM32CubeIDE/workspace_1.11.0_2/JAN_24/CM7/Core/Src/stm32h7xx_hal_msp.c:427:6:HAL_UART_MspDeInit	16	static
