C:/Users/joepe/STM32CubeIDE/workspace_1.11.0_2/JAN_24/CM7/Core/Src/stm32h7xx_hal_msp.c:66:6:HAL_MspInit	16	static
C:/Users/joepe/STM32CubeIDE/workspace_1.11.0_2/JAN_24/CM7/Core/Src/stm32h7xx_hal_msp.c:87:6:HAL_ADC_MspInit	80	static
C:/Users/joepe/STM32CubeIDE/workspace_1.11.0_2/JAN_24/CM7/Core/Src/stm32h7xx_hal_msp.c:182:6:HAL_ADC_MspDeInit	16	static
C:/Users/joepe/STM32CubeIDE/workspace_1.11.0_2/JAN_24/CM7/Core/Src/stm32h7xx_hal_msp.c:232:6:HAL_SPI_MspInit	248	static
C:/Users/joepe/STM32CubeIDE/workspace_1.11.0_2/JAN_24/CM7/Core/Src/stm32h7xx_hal_msp.c:296:6:HAL_SPI_MspDeInit	16	static
C:/Users/joepe/STM32CubeIDE/workspace_1.11.0_2/JAN_24/CM7/Core/Src/stm32h7xx_hal_msp.c:330:6:HAL_TIM_Base_MspInit	32	static
C:/Users/joepe/STM32CubeIDE/workspace_1.11.0_2/JAN_24/CM7/Core/Src/stm32h7xx_hal_msp.c:380:6:HAL_TIM_PWM_MspInit	24	static
C:/Users/joepe/STM32CubeIDE/workspace_1.11.0_2/JAN_24/CM7/Core/Src/stm32h7xx_hal_msp.c:399:6:HAL_TIM_MspPostInit	48	static
C:/Users/joepe/STM32CubeIDE/workspace_1.11.0_2/JAN_24/CM7/Core/Src/stm32h7xx_hal_msp.c:451:6:HAL_TIM_Base_MspDeInit	16	static
C:/Users/joepe/STM32CubeIDE/workspace_1.11.0_2/JAN_24/CM7/Core/Src/stm32h7xx_hal_msp.c:501:6:HAL_TIM_PWM_MspDeInit	16	static
C:/Users/joepe/STM32CubeIDE/workspace_1.11.0_2/JAN_24/CM7/Core/Src/stm32h7xx_hal_msp.c:526:6:HAL_UART_MspInit	240	static
C:/Users/joepe/STM32CubeIDE/workspace_1.11.0_2/JAN_24/CM7/Core/Src/stm32h7xx_hal_msp.c:573:6:HAL_UART_MspDeInit	16	static
