C:/Users/joepe/STM32CubeIDE/workspace_1.11.0_2/JAN_24/CM7/Core/Src/stm32h7xx_it.c:72:6:NMI_Handler	4	static
C:/Users/joepe/STM32CubeIDE/workspace_1.11.0_2/JAN_24/CM7/Core/Src/stm32h7xx_it.c:87:6:HardFault_Handler	4	static
C:/Users/joepe/STM32CubeIDE/workspace_1.11.0_2/JAN_24/CM7/Core/Src/stm32h7xx_it.c:102:6:MemManage_Handler	4	static
C:/Users/joepe/STM32CubeIDE/workspace_1.11.0_2/JAN_24/CM7/Core/Src/stm32h7xx_it.c:117:6:BusFault_Handler	4	static
C:/Users/joepe/STM32CubeIDE/workspace_1.11.0_2/JAN_24/CM7/Core/Src/stm32h7xx_it.c:132:6:UsageFault_Handler	4	static
C:/Users/joepe/STM32CubeIDE/workspace_1.11.0_2/JAN_24/CM7/Core/Src/stm32h7xx_it.c:147:6:SVC_Handler	4	static
C:/Users/joepe/STM32CubeIDE/workspace_1.11.0_2/JAN_24/CM7/Core/Src/stm32h7xx_it.c:160:6:DebugMon_Handler	4	static
C:/Users/joepe/STM32CubeIDE/workspace_1.11.0_2/JAN_24/CM7/Core/Src/stm32h7xx_it.c:173:6:PendSV_Handler	4	static
C:/Users/joepe/STM32CubeIDE/workspace_1.11.0_2/JAN_24/CM7/Core/Src/stm32h7xx_it.c:186:6:SysTick_Handler	8	static
C:/Users/joepe/STM32CubeIDE/workspace_1.11.0_2/JAN_24/CM7/Core/Src/stm32h7xx_it.c:207:6:DMA1_Stream0_IRQHandler	8	static
C:/Users/joepe/STM32CubeIDE/workspace_1.11.0_2/JAN_24/CM7/Core/Src/stm32h7xx_it.c:221:6:EXTI9_5_IRQHandler	8	static
C:/Users/joepe/STM32CubeIDE/workspace_1.11.0_2/JAN_24/CM7/Core/Src/stm32h7xx_it.c:236:6:TIM2_IRQHandler	8	static
C:/Users/joepe/STM32CubeIDE/workspace_1.11.0_2/JAN_24/CM7/Core/Src/stm32h7xx_it.c:250:6:TIM4_IRQHandler	8	static
C:/Users/joepe/STM32CubeIDE/workspace_1.11.0_2/JAN_24/CM7/Core/Src/stm32h7xx_it.c:264:6:TIM16_IRQHandler	8	static
