C:/Users/joepe/STM32CubeIDE/workspace_1.11.0_2/JAN_24/CM4/Core/Src/stm32h7xx_hal_msp.c:63:6:HAL_MspInit	16	static
C:/Users/joepe/STM32CubeIDE/workspace_1.11.0_2/JAN_24/CM4/Core/Src/stm32h7xx_hal_msp.c:84:6:HAL_ETH_MspInit	80	static
C:/Users/joepe/STM32CubeIDE/workspace_1.11.0_2/JAN_24/CM4/Core/Src/stm32h7xx_hal_msp.c:186:6:HAL_ETH_MspDeInit	16	static
C:/Users/joepe/STM32CubeIDE/workspace_1.11.0_2/JAN_24/CM4/Core/Src/stm32h7xx_hal_msp.c:247:6:HAL_FDCAN_MspInit	248	static
C:/Users/joepe/STM32CubeIDE/workspace_1.11.0_2/JAN_24/CM4/Core/Src/stm32h7xx_hal_msp.c:334:6:HAL_FDCAN_MspDeInit	16	static
C:/Users/joepe/STM32CubeIDE/workspace_1.11.0_2/JAN_24/CM4/Core/Src/stm32h7xx_hal_msp.c:387:6:HAL_MMC_MspInit	248	static
C:/Users/joepe/STM32CubeIDE/workspace_1.11.0_2/JAN_24/CM4/Core/Src/stm32h7xx_hal_msp.c:459:6:HAL_MMC_MspDeInit	16	static
C:/Users/joepe/STM32CubeIDE/workspace_1.11.0_2/JAN_24/CM4/Core/Src/stm32h7xx_hal_msp.c:497:13:HAL_FMC_MspInit	232	static
C:/Users/joepe/STM32CubeIDE/workspace_1.11.0_2/JAN_24/CM4/Core/Src/stm32h7xx_hal_msp.c:606:6:HAL_SDRAM_MspInit	16	static
C:/Users/joepe/STM32CubeIDE/workspace_1.11.0_2/JAN_24/CM4/Core/Src/stm32h7xx_hal_msp.c:618:13:HAL_FMC_MspDeInit	8	static
C:/Users/joepe/STM32CubeIDE/workspace_1.11.0_2/JAN_24/CM4/Core/Src/stm32h7xx_hal_msp.c:690:6:HAL_SDRAM_MspDeInit	16	static
C:/Users/joepe/STM32CubeIDE/workspace_1.11.0_2/JAN_24/CM4/Core/Src/stm32h7xx_hal_msp.c:702:6:HAL_SAI_MspInit	240	static
C:/Users/joepe/STM32CubeIDE/workspace_1.11.0_2/JAN_24/CM4/Core/Src/stm32h7xx_hal_msp.c:773:6:HAL_SAI_MspDeInit	16	static
