Archive member included to satisfy reference by file (symbol)

c:/st/stm32cubeide_1.11.0/stm32cubeide/plugins/com.st.stm32cube.ide.mcu.externaltools.gnu-tools-for-stm32.10.3-2021.10.win32_1.0.100.202210260954/tools/bin/../lib/gcc/arm-none-eabi/10.3.1/../../../../arm-none-eabi/lib/thumb/v7e-m+fp/hard\libc_nano.a(lib_a-errno.o)
                              ./Application/User/Core/syscalls.o (__errno)
c:/st/stm32cubeide_1.11.0/stm32cubeide/plugins/com.st.stm32cube.ide.mcu.externaltools.gnu-tools-for-stm32.10.3-2021.10.win32_1.0.100.202210260954/tools/bin/../lib/gcc/arm-none-eabi/10.3.1/../../../../arm-none-eabi/lib/thumb/v7e-m+fp/hard\libc_nano.a(lib_a-exit.o)
                              c:/st/stm32cubeide_1.11.0/stm32cubeide/plugins/com.st.stm32cube.ide.mcu.externaltools.gnu-tools-for-stm32.10.3-2021.10.win32_1.0.100.202210260954/tools/bin/../lib/gcc/arm-none-eabi/10.3.1/../../../../arm-none-eabi/lib/thumb/v7e-m+fp/hard/crt0.o (exit)
c:/st/stm32cubeide_1.11.0/stm32cubeide/plugins/com.st.stm32cube.ide.mcu.externaltools.gnu-tools-for-stm32.10.3-2021.10.win32_1.0.100.202210260954/tools/bin/../lib/gcc/arm-none-eabi/10.3.1/../../../../arm-none-eabi/lib/thumb/v7e-m+fp/hard\libc_nano.a(lib_a-impure.o)
                              c:/st/stm32cubeide_1.11.0/stm32cubeide/plugins/com.st.stm32cube.ide.mcu.externaltools.gnu-tools-for-stm32.10.3-2021.10.win32_1.0.100.202210260954/tools/bin/../lib/gcc/arm-none-eabi/10.3.1/../../../../arm-none-eabi/lib/thumb/v7e-m+fp/hard\libc_nano.a(lib_a-exit.o) (_global_impure_ptr)
c:/st/stm32cubeide_1.11.0/stm32cubeide/plugins/com.st.stm32cube.ide.mcu.externaltools.gnu-tools-for-stm32.10.3-2021.10.win32_1.0.100.202210260954/tools/bin/../lib/gcc/arm-none-eabi/10.3.1/../../../../arm-none-eabi/lib/thumb/v7e-m+fp/hard\libc_nano.a(lib_a-init.o)
                              c:/st/stm32cubeide_1.11.0/stm32cubeide/plugins/com.st.stm32cube.ide.mcu.externaltools.gnu-tools-for-stm32.10.3-2021.10.win32_1.0.100.202210260954/tools/bin/../lib/gcc/arm-none-eabi/10.3.1/../../../../arm-none-eabi/lib/thumb/v7e-m+fp/hard/crt0.o (__libc_init_array)
c:/st/stm32cubeide_1.11.0/stm32cubeide/plugins/com.st.stm32cube.ide.mcu.externaltools.gnu-tools-for-stm32.10.3-2021.10.win32_1.0.100.202210260954/tools/bin/../lib/gcc/arm-none-eabi/10.3.1/../../../../arm-none-eabi/lib/thumb/v7e-m+fp/hard\libc_nano.a(lib_a-memcpy-stub.o)
                              ./Drivers/STM32H7xx_HAL_Driver/stm32h7xx_hal_fdcan.o (memcpy)
c:/st/stm32cubeide_1.11.0/stm32cubeide/plugins/com.st.stm32cube.ide.mcu.externaltools.gnu-tools-for-stm32.10.3-2021.10.win32_1.0.100.202210260954/tools/bin/../lib/gcc/arm-none-eabi/10.3.1/../../../../arm-none-eabi/lib/thumb/v7e-m+fp/hard\libc_nano.a(lib_a-memset.o)
                              c:/st/stm32cubeide_1.11.0/stm32cubeide/plugins/com.st.stm32cube.ide.mcu.externaltools.gnu-tools-for-stm32.10.3-2021.10.win32_1.0.100.202210260954/tools/bin/../lib/gcc/arm-none-eabi/10.3.1/../../../../arm-none-eabi/lib/thumb/v7e-m+fp/hard/crt0.o (memset)
c:/st/stm32cubeide_1.11.0/stm32cubeide/plugins/com.st.stm32cube.ide.mcu.externaltools.gnu-tools-for-stm32.10.3-2021.10.win32_1.0.100.202210260954/tools/bin/../lib/gcc/arm-none-eabi/10.3.1/thumb/v7e-m+fp/hard\libgcc.a(_aeabi_uldivmod.o)
                              ./Drivers/STM32H7xx_HAL_Driver/stm32h7xx_hal_uart.o (__aeabi_uldivmod)
c:/st/stm32cubeide_1.11.0/stm32cubeide/plugins/com.st.stm32cube.ide.mcu.externaltools.gnu-tools-for-stm32.10.3-2021.10.win32_1.0.100.202210260954/tools/bin/../lib/gcc/arm-none-eabi/10.3.1/thumb/v7e-m+fp/hard\libgcc.a(_udivmoddi4.o)
                              c:/st/stm32cubeide_1.11.0/stm32cubeide/plugins/com.st.stm32cube.ide.mcu.externaltools.gnu-tools-for-stm32.10.3-2021.10.win32_1.0.100.202210260954/tools/bin/../lib/gcc/arm-none-eabi/10.3.1/thumb/v7e-m+fp/hard\libgcc.a(_aeabi_uldivmod.o) (__udivmoddi4)
c:/st/stm32cubeide_1.11.0/stm32cubeide/plugins/com.st.stm32cube.ide.mcu.externaltools.gnu-tools-for-stm32.10.3-2021.10.win32_1.0.100.202210260954/tools/bin/../lib/gcc/arm-none-eabi/10.3.1/thumb/v7e-m+fp/hard\libgcc.a(_dvmd_tls.o)
                              c:/st/stm32cubeide_1.11.0/stm32cubeide/plugins/com.st.stm32cube.ide.mcu.externaltools.gnu-tools-for-stm32.10.3-2021.10.win32_1.0.100.202210260954/tools/bin/../lib/gcc/arm-none-eabi/10.3.1/thumb/v7e-m+fp/hard\libgcc.a(_aeabi_uldivmod.o) (__aeabi_ldiv0)

Discarded input sections

 .text          0x0000000000000000        0x0 c:/st/stm32cubeide_1.11.0/stm32cubeide/plugins/com.st.stm32cube.ide.mcu.externaltools.gnu-tools-for-stm32.10.3-2021.10.win32_1.0.100.202210260954/tools/bin/../lib/gcc/arm-none-eabi/10.3.1/thumb/v7e-m+fp/hard/crti.o
 .data          0x0000000000000000        0x0 c:/st/stm32cubeide_1.11.0/stm32cubeide/plugins/com.st.stm32cube.ide.mcu.externaltools.gnu-tools-for-stm32.10.3-2021.10.win32_1.0.100.202210260954/tools/bin/../lib/gcc/arm-none-eabi/10.3.1/thumb/v7e-m+fp/hard/crti.o
[...]
Memory Configuration

Name             Origin             Length             Attributes
FLASH            0x0000000008100000 0x0000000000100000 xr
RAM              0x0000000010000000 0x0000000000048000 xrw
*default*        0x0000000000000000 0xffffffffffffffff

Linker script and memory map

LOAD c:/st/stm32cubeide_1.11.0/stm32cubeide/plugins/com.st.stm32cube.ide.mcu.externaltools.gnu-tools-for-stm32.10.3-2021.10.win32_1.0.100.202210260954/tools/bin/../lib/gcc/arm-none-eabi/10.3.1/thumb/v7e-m+fp/hard/crti.o
LOAD c:/st/stm32cubeide_1.11.0/stm32cubeide/plugins/com.st.stm32cube.ide.mcu.externaltools.gnu-tools-for-stm32.10.3-2021.10.win32_1.0.100.202210260954/tools/bin/../lib/gcc/arm-none-eabi/10.3.1/thumb/v7e-m+fp/hard/crtbegin.o
LOAD c:/st/stm32cubeide_1.11.0/stm32cubeide/plugins/com.st.stm32cube.ide.mcu.externaltools.gnu-tools-for-stm32.10.3-2021.10.win32_1.0.100.202210260954/tools/bin/../lib/gcc/arm-none-eabi/10.3.1/../../../../arm-none-eabi/lib/thumb/v7e-m+fp/hard/crt0.o
LOAD ./Application/User/Core/main.o
LOAD ./Application/User/Core/stm32h7xx_hal_msp.o
LOAD ./Application/User/Core/stm32h7xx_it.o
LOAD ./Application/User/Core/syscalls.o
LOAD ./Application/User/Core/sysmem.o
LOAD ./Application/User/Startup/startup_stm32h745xihx.o
LOAD ./Drivers/CMSIS/system_stm32h7xx_dualcore_boot_cm4_cm7.o
LOAD ./Drivers/STM32H7xx_HAL_Driver/stm32h7xx_hal.o
LOAD ./Drivers/STM32H7xx_HAL_Driver/stm32h7xx_hal_cortex.o
LOAD ./Drivers/STM32H7xx_HAL_Driver/stm32h7xx_hal_dma.o
LOAD ./Drivers/STM32H7xx_HAL_Driver/stm32h7xx_hal_dma_ex.o
LOAD ./Drivers/STM32H7xx_HAL_Driver/stm32h7xx_hal_eth.o
LOAD ./Drivers/STM32H7xx_HAL_Driver/stm32h7xx_hal_eth_ex.o
LOAD ./Drivers/STM32H7xx_HAL_Driver/stm32h7xx_hal_exti.o
LOAD ./Drivers/STM32H7xx_HAL_Driver/stm32h7xx_hal_fdcan.o
LOAD ./Drivers/STM32H7xx_HAL_Driver/stm32h7xx_hal_flash.o
LOAD ./Drivers/STM32H7xx_HAL_Driver/stm32h7xx_hal_flash_ex.o
LOAD ./Drivers/STM32H7xx_HAL_Driver/stm32h7xx_hal_gpio.o
LOAD ./Drivers/STM32H7xx_HAL_Driver/stm32h7xx_hal_hsem.o
LOAD ./Drivers/STM32H7xx_HAL_Driver/stm32h7xx_hal_i2c.o
LOAD ./Drivers/STM32H7xx_HAL_Driver/stm32h7xx_hal_i2c_ex.o
LOAD ./Drivers/STM32H7xx_HAL_Driver/stm32h7xx_hal_mdma.o
LOAD ./Drivers/STM32H7xx_HAL_Driver/stm32h7xx_hal_mmc.o
LOAD ./Drivers/STM32H7xx_HAL_Driver/stm32h7xx_hal_mmc_ex.o
LOAD ./Drivers/STM32H7xx_HAL_Driver/stm32h7xx_hal_pcd.o
LOAD ./Drivers/STM32H7xx_HAL_Driver/stm32h7xx_hal_pcd_ex.o
LOAD ./Drivers/STM32H7xx_HAL_Driver/stm32h7xx_hal_pwr.o
LOAD ./Drivers/STM32H7xx_HAL_Driver/stm32h7xx_hal_pwr_ex.o
LOAD ./Drivers/STM32H7xx_HAL_Driver/stm32h7xx_hal_qspi.o
LOAD ./Drivers/STM32H7xx_HAL_Driver/stm32h7xx_hal_rcc.o
LOAD ./Drivers/STM32H7xx_HAL_Driver/stm32h7xx_hal_rcc_ex.o
LOAD ./Drivers/STM32H7xx_HAL_Driver/stm32h7xx_hal_sai.o
LOAD ./Drivers/STM32H7xx_HAL_Driver/stm32h7xx_hal_sai_ex.o
LOAD ./Drivers/STM32H7xx_HAL_Driver/stm32h7xx_hal_sdram.o
LOAD ./Drivers/STM32H7xx_HAL_Driver/stm32h7xx_hal_tim.o
LOAD ./Drivers/STM32H7xx_HAL_Driver/stm32h7xx_hal_tim_ex.o
LOAD ./Drivers/STM32H7xx_HAL_Driver/stm32h7xx_hal_uart.o
LOAD ./Drivers/STM32H7xx_HAL_Driver/stm32h7xx_hal_uart_ex.o
LOAD ./Drivers/STM32H7xx_HAL_Driver/stm32h7xx_ll_fmc.o
LOAD ./Drivers/STM32H7xx_HAL_Driver/stm32h7xx_ll_sdmmc.o
LOAD ./Drivers/STM32H7xx_HAL_Driver/stm32h7xx_ll_usb.o
START GROUP
LOAD c:/st/stm32cubeide_1.11.0/stm32cubeide/plugins/com.st.stm32cube.ide.mcu.externaltools.gnu-tools-for-stm32.10.3-2021.10.win32_1.0.100.202210260954/tools/bin/../lib/gcc/arm-none-eabi/10.3.1/../../../../arm-none-eabi/lib/thumb/v7e-m+fp/hard\libstdc++_nano.a
LOAD c:/st/stm32cubeide_1.11.0/stm32cubeide/plugins/com.st.stm32cube.ide.mcu.externaltools.gnu-tools-for-stm32.10.3-2021.10.win32_1.0.100.202210260954/tools/bin/../lib/gcc/arm-none-eabi/10.3.1/../../../../arm-none-eabi/lib/thumb/v7e-m+fp/hard\libsupc++_nano.a
END GROUP
LOAD c:/st/stm32cubeide_1.11.0/stm32cubeide/plugins/com.st.stm32cube.ide.mcu.externaltools.gnu-tools-for-stm32.10.3-2021.10.win32_1.0.100.202210260954/tools/bin/../lib/gcc/arm-none-eabi/10.3.1/../../../../arm-none-eabi/lib/thumb/v7e-m+fp/hard\libstdc++_nano.a
LOAD c:/st/stm32cubeide_1.11.0/stm32cubeide/plugins/com.st.stm32cube.ide.mcu.externaltools.gnu-tools-for-stm32.10.3-2021.10.win32_1.0.100.202210260954/tools/bin/../lib/gcc/arm-none-eabi/10.3.1/../../../../arm-none-eabi/lib/thumb/v7e-m+fp/hard\libm.a
LOAD c:/st/stm32cubeide_1.11.0/stm32cubeide/plugins/com.st.stm32cube.ide.mcu.externaltools.gnu-tools-for-stm32.10.3-2021.10.win32_1.0.100.202210260954/tools/bin/../lib/gcc/arm-none-eabi/10.3.1/../../../../arm-none-eabi/lib/thumb/v7e-m+fp/hard\libc_nano.a
START GROUP
LOAD c:/st/stm32cubeide_1.11.0/stm32cubeide/plugins/com.st.stm32cube.ide.mcu.externaltools.gnu-tools-for-stm32.10.3-2021.10.win32_1.0.100.202210260954/tools/bin/../lib/gcc/arm-none-eabi/10.3.1/thumb/v7e-m+fp/hard\libgcc.a
LOAD c:/st/stm32cubeide_1.11.0/stm32cubeide/plugins/com.st.stm32cube.ide.mcu.externaltools.gnu-tools-for-stm32.10.3-2021.10.win32_1.0.100.202210260954/tools/bin/../lib/gcc/arm-none-eabi/10.3.1/../../../../arm-none-eabi/lib/thumb/v7e-m+fp/hard\libc_nano.a
END GROUP
START GROUP
LOAD c:/st/stm32cubeide_1.11.0/stm32cubeide/plugins/com.st.stm32cube.ide.mcu.externaltools.gnu-tools-for-stm32.10.3-2021.10.win32_1.0.100.202210260954/tools/bin/../lib/gcc/arm-none-eabi/10.3.1/thumb/v7e-m+fp/hard\libgcc.a
LOAD c:/st/stm32cubeide_1.11.0/stm32cubeide/plugins/com.st.stm32cube.ide.mcu.externaltools.gnu-tools-for-stm32.10.3-2021.10.win32_1.0.100.202210260954/tools/bin/../lib/gcc/arm-none-eabi/10.3.1/../../../../arm-none-eabi/lib/thumb/v7e-m+fp/hard\libc_nano.a
LOAD c:/st/stm32cubeide_1.11.0/stm32cubeide/plugins/com.st.stm32cube.ide.mcu.externaltools.gnu-tools-for-stm32.10.3-2021.10.win32_1.0.100.202210260954/tools/bin/../lib/gcc/arm-none-eabi/10.3.1/../../../../arm-none-eabi/lib/thumb/v7e-m+fp/hard\libnosys.a
END GROUP
START GROUP
LOAD c:/st/stm32cubeide_1.11.0/stm32cubeide/plugins/com.st.stm32cube.ide.mcu.externaltools.gnu-tools-for-stm32.10.3-2021.10.win32_1.0.100.202210260954/tools/bin/../lib/gcc/arm-none-eabi/10.3.1/thumb/v7e-m+fp/hard\libgcc.a
LOAD c:/st/stm32cubeide_1.11.0/stm32cubeide/plugins/com.st.stm32cube.ide.mcu.externaltools.gnu-tools-for-stm32.10.3-2021.10.win32_1.0.100.202210260954/tools/bin/../lib/gcc/arm-none-eabi/10.3.1/../../../../arm-none-eabi/lib/thumb/v7e-m+fp/hard\libc_nano.a
LOAD c:/st/stm32cubeide_1.11.0/stm32cubeide/plugins/com.st.stm32cube.ide.mcu.externaltools.gnu-tools-for-stm32.10.3-2021.10.win32_1.0.100.202210260954/tools/bin/../lib/gcc/arm-none-eabi/10.3.1/../../../../arm-none-eabi/lib/thumb/v7e-m+fp/hard\libnosys.a
END GROUP
LOAD c:/st/stm32cubeide_1.11.0/stm32cubeide/plugins/com.st.stm32cube.ide.mcu.externaltools.gnu-tools-for-stm32.10.3-2021.10.win32_1.0.100.202210260954/tools/bin/../lib/gcc/arm-none-eabi/10.3.1/thumb/v7e-m+fp/hard/crtend.o
LOAD c:/st/stm32cubeide_1.11.0/stm32cubeide/plugins/com.st.stm32cube.ide.mcu.externaltools.gnu-tools-for-stm32.10.3-2021.10.win32_1.0.100.202210260954/tools/bin/../lib/gcc/arm-none-eabi/10.3.1/thumb/v7e-m+fp/hard/crtn.o
                0x0000000010048000                _estack = (ORIGIN (RAM) + LENGTH (RAM))
                0x0000000000000200                _Min_Heap_Size = 0x200
                0x0000000000000400                _Min_Stack_Size = 0x400

.isr_vector     0x0000000008100000      0x298
                0x0000000008100000                . = ALIGN (0x4)
 *(.isr_vector)
 .isr_vector    0x0000000008100000      0x298 ./Application/User/Startup/startup_stm32h745xihx.o
                0x0000000008100000                g_pfnVectors
                0x0000000008100298                . = ALIGN (0x4)

.text           0x0000000008100298     0x97e0
                0x0000000008100298                . = ALIGN (0x4)
 *(.text)
 .text          0x0000000008100298       0x40 c:/st/stm32cubeide_1.11.0/stm32cubeide/plugins/com.st.stm32cube.ide.mcu.externaltools.gnu-tools-for-stm32.10.3-2021.10.win32_1.0.100.202210260954/tools/bin/../lib/gcc/arm-none-eabi/10.3.1/thumb/v7e-m+fp/hard/crtbegin.o
 .text          0x00000000081002d8       0x30 c:/st/stm32cubeide_1.11.0/stm32cubeide/plugins/com.st.stm32cube.ide.mcu.externaltools.gnu-tools-for-stm32.10.3-2021.10.win32_1.0.100.202210260954/tools/bin/../lib/gcc/arm-none-eabi/10.3.1/thumb/v7e-m+fp/hard\libgcc.a(_aeabi_uldivmod.o)
                0x00000000081002d8                __aeabi_uldivmod
 .text          0x0000000008100308      0x2d0 c:/st/stm32cubeide_1.11.0/stm32cubeide/plugins/com.st.stm32cube.ide.mcu.externaltools.gnu-tools-for-stm32.10.3-2021.10.win32_1.0.100.202210260954/tools/bin/../lib/gcc/arm-none-eabi/10.3.1/thumb/v7e-m+fp/hard\libgcc.a(_udivmoddi4.o)
                0x0000000008100308                __udivmoddi4
 .text          0x00000000081005d8        0x4 c:/st/stm32cubeide_1.11.0/stm32cubeide/plugins/com.st.stm32cube.ide.mcu.externaltools.gnu-tools-for-stm32.10.3-2021.10.win32_1.0.100.202210260954/tools/bin/../lib/gcc/arm-none-eabi/10.3.1/thumb/v7e-m+fp/hard\libgcc.a(_dvmd_tls.o)
                0x00000000081005d8                __aeabi_idiv0
                0x00000000081005d8                __aeabi_ldiv0
 *(.text*)
 .text.main     0x00000000081005dc       0xb8 ./Application/User/Core/main.o
                0x00000000081005dc                main
 .text.MX_ETH_Init
                0x0000000008100694       0x98 ./Application/User/Core/main.o
 .text.MX_FDCAN1_Init
                0x000000000810072c       0xc8 ./Application/User/Core/main.o
 .text.MX_FDCAN2_Init
                0x00000000081007f4       0xc8 ./Application/User/Core/main.o
 .text.MX_QUADSPI_Init
                0x00000000081008bc       0x58 ./Application/User/Core/main.o
 .text.MX_SAI2_Init
                0x0000000008100914      0x17c ./Application/User/Core/main.o
 .text.MX_SDMMC1_MMC_Init
                0x0000000008100a90       0x48 ./Application/User/Core/main.o
 .text.MX_USART3_UART_Init
                0x0000000008100ad8       0x98 ./Application/User/Core/main.o
 .text.MX_USB_OTG_FS_PCD_Init
                0x0000000008100b70       0x64 ./Application/User/Core/main.o
 .text.MX_FMC_Init
                0x0000000008100bd4       0x9c ./Application/User/Core/main.o
 .text.MX_GPIO_Init
                0x0000000008100c70      0x184 ./Application/User/Core/main.o
 .text.Error_Handler
                0x0000000008100df4        0xa ./Application/User/Core/main.o
                0x0000000008100df4                Error_Handler
 *fill*         0x0000000008100dfe        0x2 
 .text.HAL_MspInit
                0x0000000008100e00       0x34 ./Application/User/Core/stm32h7xx_hal_msp.o
                0x0000000008100e00                HAL_MspInit
 .text.HAL_ETH_MspInit
                0x0000000008100e34      0x260 ./Application/User/Core/stm32h7xx_hal_msp.o
                0x0000000008100e34                HAL_ETH_MspInit
 .text.HAL_FDCAN_MspInit
                0x0000000008101094      0x1a0 ./Application/User/Core/stm32h7xx_hal_msp.o
                0x0000000008101094                HAL_FDCAN_MspInit
 .text.HAL_QSPI_MspInit
                0x0000000008101234      0x198 ./Application/User/Core/stm32h7xx_hal_msp.o
                0x0000000008101234                HAL_QSPI_MspInit
 .text.HAL_MMC_MspInit
                0x00000000081013cc      0x16c ./Application/User/Core/stm32h7xx_hal_msp.o
                0x00000000081013cc                HAL_MMC_MspInit
 .text.HAL_UART_MspInit
                0x0000000008101538       0xd4 ./Application/User/Core/stm32h7xx_hal_msp.o
                0x0000000008101538                HAL_UART_MspInit
 .text.HAL_PCD_MspInit
                0x000000000810160c       0xf8 ./Application/User/Core/stm32h7xx_hal_msp.o
                0x000000000810160c                HAL_PCD_MspInit
 .text.HAL_FMC_MspInit
                0x0000000008101704      0x178 ./Application/User/Core/stm32h7xx_hal_msp.o
 .text.HAL_SDRAM_MspInit
                0x000000000810187c       0x14 ./Application/User/Core/stm32h7xx_hal_msp.o
                0x000000000810187c                HAL_SDRAM_MspInit
 .text.HAL_SAI_MspInit
                0x0000000008101890      0x148 ./Application/User/Core/stm32h7xx_hal_msp.o
                0x0000000008101890                HAL_SAI_MspInit
 .text.NMI_Handler
                0x00000000081019d8        0x6 ./Application/User/Core/stm32h7xx_it.o
                0x00000000081019d8                NMI_Handler
 .text.HardFault_Handler
                0x00000000081019de        0x6 ./Application/User/Core/stm32h7xx_it.o
                0x00000000081019de                HardFault_Handler
 .text.MemManage_Handler
                0x00000000081019e4        0x6 ./Application/User/Core/stm32h7xx_it.o
                0x00000000081019e4                MemManage_Handler
 .text.BusFault_Handler
                0x00000000081019ea        0x6 ./Application/User/Core/stm32h7xx_it.o
                0x00000000081019ea                BusFault_Handler
 .text.UsageFault_Handler
                0x00000000081019f0        0x6 ./Application/User/Core/stm32h7xx_it.o
                0x00000000081019f0                UsageFault_Handler
 .text.SVC_Handler
                0x00000000081019f6        0xe ./Application/User/Core/stm32h7xx_it.o
                0x00000000081019f6                SVC_Handler
 .text.DebugMon_Handler
                0x0000000008101a04        0xe ./Application/User/Core/stm32h7xx_it.o
                0x0000000008101a04                DebugMon_Handler
 .text.PendSV_Handler
                0x0000000008101a12        0xe ./Application/User/Core/stm32h7xx_it.o
                0x0000000008101a12                PendSV_Handler
 .text.SysTick_Handler
                0x0000000008101a20        0xc ./Application/User/Core/stm32h7xx_it.o
                0x0000000008101a20                SysTick_Handler
 .text.Reset_Handler
                0x0000000008101a2c       0x50 ./Application/User/Startup/startup_stm32h745xihx.o
                0x0000000008101a2c                Reset_Handler
 .text.Default_Handler
                0x0000000008101a7c        0x2 ./Application/User/Startup/startup_stm32h745xihx.o
                0x0000000008101a7c                RTC_Alarm_IRQHandler
                0x0000000008101a7c                EXTI2_IRQHandler
                0x0000000008101a7c                TIM8_CC_IRQHandler
                0x0000000008101a7c                HRTIM1_Master_IRQHandler
                0x0000000008101a7c                UART8_IRQHandler
                0x0000000008101a7c                SPI4_IRQHandler
                0x0000000008101a7c                TIM1_CC_IRQHandler
                0x0000000008101a7c                BDMA_Channel6_IRQHandler
                0x0000000008101a7c                DMA2_Stream5_IRQHandler
                0x0000000008101a7c                HRTIM1_FLT_IRQHandler
                0x0000000008101a7c                JPEG_IRQHandler
                0x0000000008101a7c                DMA1_Stream5_IRQHandler
                0x0000000008101a7c                BDMA_Channel1_IRQHandler
                0x0000000008101a7c                HRTIM1_TIMD_IRQHandler
                0x0000000008101a7c                TAMP_STAMP_IRQHandler
                0x0000000008101a7c                EXTI3_IRQHandler
                0x0000000008101a7c                LPTIM4_IRQHandler
                0x0000000008101a7c                TIM8_TRG_COM_TIM14_IRQHandler
                0x0000000008101a7c                LPTIM2_IRQHandler
                0x0000000008101a7c                DFSDM1_FLT1_IRQHandler
                0x0000000008101a7c                DMAMUX2_OVR_IRQHandler
                0x0000000008101a7c                TIM8_UP_TIM13_IRQHandler
                0x0000000008101a7c                I2C3_ER_IRQHandler
                0x0000000008101a7c                DFSDM1_FLT2_IRQHandler
                0x0000000008101a7c                MDMA_IRQHandler
                0x0000000008101a7c                LPTIM3_IRQHandler
                0x0000000008101a7c                HSEM1_IRQHandler
                0x0000000008101a7c                EXTI0_IRQHandler
                0x0000000008101a7c                I2C2_EV_IRQHandler
                0x0000000008101a7c                DMA1_Stream2_IRQHandler
                0x0000000008101a7c                FPU_IRQHandler
                0x0000000008101a7c                OTG_HS_WKUP_IRQHandler
                0x0000000008101a7c                FDCAN1_IT1_IRQHandler
                0x0000000008101a7c                LTDC_ER_IRQHandler
                0x0000000008101a7c                DMA2_Stream2_IRQHandler
                0x0000000008101a7c                HRTIM1_TIME_IRQHandler
                0x0000000008101a7c                SPI1_IRQHandler
                0x0000000008101a7c                TIM6_DAC_IRQHandler
                0x0000000008101a7c                DCMI_IRQHandler
                0x0000000008101a7c                HRTIM1_TIMC_IRQHandler
                0x0000000008101a7c                DMA2_Stream3_IRQHandler
                0x0000000008101a7c                SAI2_IRQHandler
                0x0000000008101a7c                DFSDM1_FLT3_IRQHandler
                0x0000000008101a7c                USART6_IRQHandler
                0x0000000008101a7c                TIM17_IRQHandler
                0x0000000008101a7c                USART3_IRQHandler
                0x0000000008101a7c                BDMA_Channel7_IRQHandler
                0x0000000008101a7c                LPTIM5_IRQHandler
                0x0000000008101a7c                UART5_IRQHandler
                0x0000000008101a7c                ADC3_IRQHandler
                0x0000000008101a7c                DMA2_Stream0_IRQHandler
                0x0000000008101a7c                TIM4_IRQHandler
                0x0000000008101a7c                BDMA_Channel2_IRQHandler
                0x0000000008101a7c                QUADSPI_IRQHandler
                0x0000000008101a7c                I2C1_EV_IRQHandler
                0x0000000008101a7c                DMA1_Stream6_IRQHandler
                0x0000000008101a7c                DMAMUX1_OVR_IRQHandler
                0x0000000008101a7c                DMA1_Stream1_IRQHandler
                0x0000000008101a7c                TIM16_IRQHandler
                0x0000000008101a7c                UART4_IRQHandler
                0x0000000008101a7c                BDMA_Channel5_IRQHandler
                0x0000000008101a7c                TIM3_IRQHandler
                0x0000000008101a7c                RCC_IRQHandler
                0x0000000008101a7c                TIM8_BRK_TIM12_IRQHandler
                0x0000000008101a7c                TIM1_TRG_COM_IRQHandler
                0x0000000008101a7c                Default_Handler
                0x0000000008101a7c                ECC_IRQHandler
                0x0000000008101a7c                CEC_IRQHandler
                0x0000000008101a7c                EXTI15_10_IRQHandler
                0x0000000008101a7c                BDMA_Channel0_IRQHandler
                0x0000000008101a7c                ADC_IRQHandler
                0x0000000008101a7c                DMA1_Stream7_IRQHandler
                0x0000000008101a7c                HRTIM1_TIMA_IRQHandler
                0x0000000008101a7c                SPI5_IRQHandler
                0x0000000008101a7c                TIM7_IRQHandler
                0x0000000008101a7c                SDMMC1_IRQHandler
                0x0000000008101a7c                TIM5_IRQHandler
                0x0000000008101a7c                DMA2_Stream7_IRQHandler
                0x0000000008101a7c                TIM15_IRQHandler
                0x0000000008101a7c                PVD_AVD_IRQHandler
                0x0000000008101a7c                I2C3_EV_IRQHandler
                0x0000000008101a7c                EXTI9_5_IRQHandler
                0x0000000008101a7c                RTC_WKUP_IRQHandler
                0x0000000008101a7c                LTDC_IRQHandler
                0x0000000008101a7c                SAI3_IRQHandler
                0x0000000008101a7c                ETH_WKUP_IRQHandler
                0x0000000008101a7c                SPDIF_RX_IRQHandler
                0x0000000008101a7c                SPI2_IRQHandler
                0x0000000008101a7c                OTG_HS_EP1_IN_IRQHandler
                0x0000000008101a7c                DMA1_Stream0_IRQHandler
                0x0000000008101a7c                CRS_IRQHandler
                0x0000000008101a7c                CM7_SEV_IRQHandler
                0x0000000008101a7c                EXTI4_IRQHandler
                0x0000000008101a7c                RNG_IRQHandler
                0x0000000008101a7c                CM4_SEV_IRQHandler
                0x0000000008101a7c                HRTIM1_TIMB_IRQHandler
                0x0000000008101a7c                FDCAN2_IT1_IRQHandler
                0x0000000008101a7c                ETH_IRQHandler
                0x0000000008101a7c                TIM1_UP_IRQHandler
                0x0000000008101a7c                WWDG_RST_IRQHandler
                0x0000000008101a7c                BDMA_Channel4_IRQHandler
                0x0000000008101a7c                OTG_HS_EP1_OUT_IRQHandler
                0x0000000008101a7c                WWDG_IRQHandler
                0x0000000008101a7c                SPI6_IRQHandler
                0x0000000008101a7c                MDIOS_IRQHandler
                0x0000000008101a7c                I2C4_EV_IRQHandler
                0x0000000008101a7c                FDCAN2_IT0_IRQHandler
                0x0000000008101a7c                LPUART1_IRQHandler
                0x0000000008101a7c                FDCAN1_IT0_IRQHandler
                0x0000000008101a7c                TIM2_IRQHandler
                0x0000000008101a7c                OTG_FS_WKUP_IRQHandler
                0x0000000008101a7c                OTG_HS_IRQHandler
                0x0000000008101a7c                HSEM2_IRQHandler
                0x0000000008101a7c                DMA2D_IRQHandler
                0x0000000008101a7c                TIM1_BRK_IRQHandler
                0x0000000008101a7c                EXTI1_IRQHandler
                0x0000000008101a7c                SDMMC2_IRQHandler
                0x0000000008101a7c                OTG_FS_EP1_OUT_IRQHandler
                0x0000000008101a7c                BDMA_Channel3_IRQHandler
                0x0000000008101a7c                HOLD_CORE_IRQHandler
                0x0000000008101a7c                UART7_IRQHandler
                0x0000000008101a7c                MDIOS_WKUP_IRQHandler
                0x0000000008101a7c                USART2_IRQHandler
                0x0000000008101a7c                DFSDM1_FLT0_IRQHandler
                0x0000000008101a7c                SAI4_IRQHandler
                0x0000000008101a7c                I2C2_ER_IRQHandler
                0x0000000008101a7c                DMA2_Stream1_IRQHandler
                0x0000000008101a7c                FLASH_IRQHandler
                0x0000000008101a7c                DMA2_Stream4_IRQHandler
                0x0000000008101a7c                USART1_IRQHandler
                0x0000000008101a7c                OTG_FS_IRQHandler
                0x0000000008101a7c                SPI3_IRQHandler
                0x0000000008101a7c                WAKEUP_PIN_IRQHandler
                0x0000000008101a7c                DMA1_Stream4_IRQHandler
                0x0000000008101a7c                OTG_FS_EP1_IN_IRQHandler
                0x0000000008101a7c                I2C1_ER_IRQHandler
                0x0000000008101a7c                FMC_IRQHandler
                0x0000000008101a7c                FDCAN_CAL_IRQHandler
                0x0000000008101a7c                SWPMI1_IRQHandler
                0x0000000008101a7c                COMP1_IRQHandler
                0x0000000008101a7c                LPTIM1_IRQHandler
                0x0000000008101a7c                I2C4_ER_IRQHandler
                0x0000000008101a7c                DMA2_Stream6_IRQHandler
                0x0000000008101a7c                SAI1_IRQHandler
                0x0000000008101a7c                DMA1_Stream3_IRQHandler
 *fill*         0x0000000008101a7e        0x2 
 .text.SystemInit
                0x0000000008101a80       0x30 ./Drivers/CMSIS/system_stm32h7xx_dualcore_boot_cm4_cm7.o
                0x0000000008101a80                SystemInit
 .text.HAL_Init
                0x0000000008101ab0       0xbc ./Drivers/STM32H7xx_HAL_Driver/stm32h7xx_hal.o
                0x0000000008101ab0                HAL_Init
 .text.HAL_InitTick
                0x0000000008101b6c       0x6c ./Drivers/STM32H7xx_HAL_Driver/stm32h7xx_hal.o
                0x0000000008101b6c                HAL_InitTick
 .text.HAL_IncTick
                0x0000000008101bd8       0x28 ./Drivers/STM32H7xx_HAL_Driver/stm32h7xx_hal.o
                0x0000000008101bd8                HAL_IncTick
 .text.HAL_GetTick
                0x0000000008101c00       0x18 ./Drivers/STM32H7xx_HAL_Driver/stm32h7xx_hal.o
                0x0000000008101c00                HAL_GetTick
 .text.HAL_Delay
                0x0000000008101c18       0x48 ./Drivers/STM32H7xx_HAL_Driver/stm32h7xx_hal.o
                0x0000000008101c18                HAL_Delay
 .text.HAL_GetREVID
                0x0000000008101c60       0x18 ./Drivers/STM32H7xx_HAL_Driver/stm32h7xx_hal.o
                0x0000000008101c60                HAL_GetREVID
 .text.HAL_SYSCFG_ETHInterfaceSelect
                0x0000000008101c78       0x28 ./Drivers/STM32H7xx_HAL_Driver/stm32h7xx_hal.o
                0x0000000008101c78                HAL_SYSCFG_ETHInterfaceSelect
 .text.__NVIC_SetPriorityGrouping
                0x0000000008101ca0       0x48 ./Drivers/STM32H7xx_HAL_Driver/stm32h7xx_hal_cortex.o
 .text.__NVIC_GetPriorityGrouping
                0x0000000008101ce8       0x1c ./Drivers/STM32H7xx_HAL_Driver/stm32h7xx_hal_cortex.o
 .text.__NVIC_SetPriority
                0x0000000008101d04       0x54 ./Drivers/STM32H7xx_HAL_Driver/stm32h7xx_hal_cortex.o
 .text.NVIC_EncodePriority
                0x0000000008101d58       0x66 ./Drivers/STM32H7xx_HAL_Driver/stm32h7xx_hal_cortex.o
 *fill*         0x0000000008101dbe        0x2 
 .text.SysTick_Config
                0x0000000008101dc0       0x44 ./Drivers/STM32H7xx_HAL_Driver/stm32h7xx_hal_cortex.o
 .text.HAL_NVIC_SetPriorityGrouping
                0x0000000008101e04       0x16 ./Drivers/STM32H7xx_HAL_Driver/stm32h7xx_hal_cortex.o
                0x0000000008101e04                HAL_NVIC_SetPriorityGrouping
 .text.HAL_NVIC_SetPriority
                0x0000000008101e1a       0x34 ./Drivers/STM32H7xx_HAL_Driver/stm32h7xx_hal_cortex.o
                0x0000000008101e1a                HAL_NVIC_SetPriority
 .text.HAL_SYSTICK_Config
                0x0000000008101e4e       0x18 ./Drivers/STM32H7xx_HAL_Driver/stm32h7xx_hal_cortex.o
                0x0000000008101e4e                HAL_SYSTICK_Config
 *fill*         0x0000000008101e66        0x2 
 .text.HAL_GetCurrentCPUID
                0x0000000008101e68       0x28 ./Drivers/STM32H7xx_HAL_Driver/stm32h7xx_hal_cortex.o
                0x0000000008101e68                HAL_GetCurrentCPUID
 .text.HAL_ETH_Init
                0x0000000008101e90      0x1cc ./Drivers/STM32H7xx_HAL_Driver/stm32h7xx_hal_eth.o
                0x0000000008101e90                HAL_ETH_Init
 .text.HAL_ETH_SetMDIOClockRange
                0x000000000810205c       0xb0 ./Drivers/STM32H7xx_HAL_Driver/stm32h7xx_hal_eth.o
                0x000000000810205c                HAL_ETH_SetMDIOClockRange
 .text.ETH_SetMACConfig
                0x000000000810210c      0x238 ./Drivers/STM32H7xx_HAL_Driver/stm32h7xx_hal_eth.o
 .text.ETH_SetDMAConfig
                0x0000000008102344      0x10c ./Drivers/STM32H7xx_HAL_Driver/stm32h7xx_hal_eth.o
 .text.ETH_MACDMAConfig
                0x0000000008102450      0x13a ./Drivers/STM32H7xx_HAL_Driver/stm32h7xx_hal_eth.o
 .text.ETH_DMATxDescListInit
                0x000000000810258a       0x92 ./Drivers/STM32H7xx_HAL_Driver/stm32h7xx_hal_eth.o
 .text.ETH_DMARxDescListInit
                0x000000000810261c       0xba ./Drivers/STM32H7xx_HAL_Driver/stm32h7xx_hal_eth.o
 *fill*         0x00000000081026d6        0x2 
 .text.HAL_FDCAN_Init
                0x00000000081026d8      0x3bc ./Drivers/STM32H7xx_HAL_Driver/stm32h7xx_hal_fdcan.o
                0x00000000081026d8                HAL_FDCAN_Init
 .text.FDCAN_CalcultateRamBlockAddresses
                0x0000000008102a94      0x320 ./Drivers/STM32H7xx_HAL_Driver/stm32h7xx_hal_fdcan.o
 .text.HAL_GPIO_Init
                0x0000000008102db4      0x360 ./Drivers/STM32H7xx_HAL_Driver/stm32h7xx_hal_gpio.o
                0x0000000008102db4                HAL_GPIO_Init
 .text.HAL_GPIO_WritePin
                0x0000000008103114       0x32 ./Drivers/STM32H7xx_HAL_Driver/stm32h7xx_hal_gpio.o
                0x0000000008103114                HAL_GPIO_WritePin
 .text.HAL_GPIO_TogglePin
                0x0000000008103146       0x34 ./Drivers/STM32H7xx_HAL_Driver/stm32h7xx_hal_gpio.o
                0x0000000008103146                HAL_GPIO_TogglePin
 *fill*         0x000000000810317a        0x2 
 .text.HAL_HSEM_ActivateNotification
                0x000000000810317c       0x24 ./Drivers/STM32H7xx_HAL_Driver/stm32h7xx_hal_hsem.o
                0x000000000810317c                HAL_HSEM_ActivateNotification
 .text.HAL_MMC_Init
                0x00000000081031a0       0x7e ./Drivers/STM32H7xx_HAL_Driver/stm32h7xx_hal_mmc.o
                0x00000000081031a0                HAL_MMC_Init
 *fill*         0x000000000810321e        0x2 
 .text.HAL_MMC_InitCard
                0x0000000008103220      0x138 ./Drivers/STM32H7xx_HAL_Driver/stm32h7xx_hal_mmc.o
                0x0000000008103220                HAL_MMC_InitCard
 .text.HAL_MMC_GetCardCSD
                0x0000000008103358      0x348 ./Drivers/STM32H7xx_HAL_Driver/stm32h7xx_hal_mmc.o
                0x0000000008103358                HAL_MMC_GetCardCSD
 .text.HAL_MMC_GetCardExtCSD
                0x00000000081036a0      0x1f8 ./Drivers/STM32H7xx_HAL_Driver/stm32h7xx_hal_mmc.o
                0x00000000081036a0                HAL_MMC_GetCardExtCSD
 .text.HAL_MMC_ConfigWideBusOperation
                0x0000000008103898      0x198 ./Drivers/STM32H7xx_HAL_Driver/stm32h7xx_hal_mmc.o
                0x0000000008103898                HAL_MMC_ConfigWideBusOperation
 .text.MMC_InitCard
                0x0000000008103a30      0x1fa ./Drivers/STM32H7xx_HAL_Driver/stm32h7xx_hal_mmc.o
 *fill*         0x0000000008103c2a        0x2 
 .text.MMC_PowerON
                0x0000000008103c2c       0xa0 ./Drivers/STM32H7xx_HAL_Driver/stm32h7xx_hal_mmc.o
 .text.MMC_ReadExtCSD
                0x0000000008103ccc      0x1e8 ./Drivers/STM32H7xx_HAL_Driver/stm32h7xx_hal_mmc.o
 .text.MMC_PwrClassUpdate
                0x0000000008103eb4      0x140 ./Drivers/STM32H7xx_HAL_Driver/stm32h7xx_hal_mmc.o
 .text.HAL_PCD_Init
                0x0000000008103ff4      0x248 ./Drivers/STM32H7xx_HAL_Driver/stm32h7xx_hal_pcd.o
                0x0000000008103ff4                HAL_PCD_Init
 .text.HAL_PCDEx_ActivateLPM
                0x000000000810423c       0x48 ./Drivers/STM32H7xx_HAL_Driver/stm32h7xx_hal_pcd_ex.o
                0x000000000810423c                HAL_PCDEx_ActivateLPM
 .text.HAL_PWREx_EnterSTOPMode
                0x0000000008104284       0xf4 ./Drivers/STM32H7xx_HAL_Driver/stm32h7xx_hal_pwr_ex.o
                0x0000000008104284                HAL_PWREx_EnterSTOPMode
 .text.HAL_PWREx_ClearPendingEvent
                0x0000000008104378       0x1a ./Drivers/STM32H7xx_HAL_Driver/stm32h7xx_hal_pwr_ex.o
                0x0000000008104378                HAL_PWREx_ClearPendingEvent
 *fill*         0x0000000008104392        0x2 
 .text.HAL_PWREx_EnableUSBVoltageDetector
                0x0000000008104394       0x20 ./Drivers/STM32H7xx_HAL_Driver/stm32h7xx_hal_pwr_ex.o
                0x0000000008104394                HAL_PWREx_EnableUSBVoltageDetector
 .text.HAL_QSPI_Init
                0x00000000081043b4       0xe8 ./Drivers/STM32H7xx_HAL_Driver/stm32h7xx_hal_qspi.o
                0x00000000081043b4                HAL_QSPI_Init
 .text.HAL_QSPI_SetTimeout
                0x000000000810449c       0x1c ./Drivers/STM32H7xx_HAL_Driver/stm32h7xx_hal_qspi.o
                0x000000000810449c                HAL_QSPI_SetTimeout
 .text.QSPI_WaitFlagStateUntilTimeout
                0x00000000081044b8       0x6e ./Drivers/STM32H7xx_HAL_Driver/stm32h7xx_hal_qspi.o
 *fill*         0x0000000008104526        0x2 
 .text.HAL_RCC_GetSysClockFreq
                0x0000000008104528      0x2f4 ./Drivers/STM32H7xx_HAL_Driver/stm32h7xx_hal_rcc.o
                0x0000000008104528                HAL_RCC_GetSysClockFreq
 .text.HAL_RCC_GetHCLKFreq
                0x000000000810481c       0x64 ./Drivers/STM32H7xx_HAL_Driver/stm32h7xx_hal_rcc.o
                0x000000000810481c                HAL_RCC_GetHCLKFreq
 .text.HAL_RCC_GetPCLK1Freq
                0x0000000008104880       0x2c ./Drivers/STM32H7xx_HAL_Driver/stm32h7xx_hal_rcc.o
                0x0000000008104880                HAL_RCC_GetPCLK1Freq
 .text.HAL_RCC_GetPCLK2Freq
                0x00000000081048ac       0x2c ./Drivers/STM32H7xx_HAL_Driver/stm32h7xx_hal_rcc.o
                0x00000000081048ac                HAL_RCC_GetPCLK2Freq
 .text.HAL_RCCEx_PeriphCLKConfig
                0x00000000081048d8     0x1414 ./Drivers/STM32H7xx_HAL_Driver/stm32h7xx_hal_rcc_ex.o
                0x00000000081048d8                HAL_RCCEx_PeriphCLKConfig
 .text.HAL_RCCEx_GetPeriphCLKFreq
                0x0000000008105cec      0xb00 ./Drivers/STM32H7xx_HAL_Driver/stm32h7xx_hal_rcc_ex.o
                0x0000000008105cec                HAL_RCCEx_GetPeriphCLKFreq
 .text.HAL_RCCEx_GetD3PCLK1Freq
                0x00000000081067ec       0x2c ./Drivers/STM32H7xx_HAL_Driver/stm32h7xx_hal_rcc_ex.o
                0x00000000081067ec                HAL_RCCEx_GetD3PCLK1Freq
 .text.HAL_RCCEx_GetPLL2ClockFreq
                0x0000000008106818      0x2a8 ./Drivers/STM32H7xx_HAL_Driver/stm32h7xx_hal_rcc_ex.o
                0x0000000008106818                HAL_RCCEx_GetPLL2ClockFreq
 .text.HAL_RCCEx_GetPLL3ClockFreq
                0x0000000008106ac0      0x2a8 ./Drivers/STM32H7xx_HAL_Driver/stm32h7xx_hal_rcc_ex.o
                0x0000000008106ac0                HAL_RCCEx_GetPLL3ClockFreq
 .text.HAL_RCCEx_GetPLL1ClockFreq
                0x0000000008106d68      0x2a4 ./Drivers/STM32H7xx_HAL_Driver/stm32h7xx_hal_rcc_ex.o
                0x0000000008106d68                HAL_RCCEx_GetPLL1ClockFreq
 .text.RCCEx_PLL2_Config
                0x000000000810700c      0x164 ./Drivers/STM32H7xx_HAL_Driver/stm32h7xx_hal_rcc_ex.o
 .text.RCCEx_PLL3_Config
                0x0000000008107170      0x164 ./Drivers/STM32H7xx_HAL_Driver/stm32h7xx_hal_rcc_ex.o
 .text.HAL_SAI_Init
                0x00000000081072d4      0x554 ./Drivers/STM32H7xx_HAL_Driver/stm32h7xx_hal_sai.o
                0x00000000081072d4                HAL_SAI_Init
 .text.SAI_Disable
                0x0000000008107828       0x74 ./Drivers/STM32H7xx_HAL_Driver/stm32h7xx_hal_sai.o
 .text.HAL_SDRAM_Init
                0x000000000810789c       0x78 ./Drivers/STM32H7xx_HAL_Driver/stm32h7xx_hal_sdram.o
                0x000000000810789c                HAL_SDRAM_Init
 .text.HAL_UART_Init
                0x0000000008107914       0xa0 ./Drivers/STM32H7xx_HAL_Driver/stm32h7xx_hal_uart.o
                0x0000000008107914                HAL_UART_Init
 .text.UART_SetConfig
                0x00000000081079b4      0xad0 ./Drivers/STM32H7xx_HAL_Driver/stm32h7xx_hal_uart.o
                0x00000000081079b4                UART_SetConfig
 .text.UART_AdvFeatureConfig
                0x0000000008108484      0x144 ./Drivers/STM32H7xx_HAL_Driver/stm32h7xx_hal_uart.o
                0x0000000008108484                UART_AdvFeatureConfig
 .text.UART_CheckIdleState
                0x00000000081085c8      0x154 ./Drivers/STM32H7xx_HAL_Driver/stm32h7xx_hal_uart.o
                0x00000000081085c8                UART_CheckIdleState
 .text.UART_WaitOnFlagUntilTimeout
                0x000000000810871c       0xce ./Drivers/STM32H7xx_HAL_Driver/stm32h7xx_hal_uart.o
                0x000000000810871c                UART_WaitOnFlagUntilTimeout
 .text.UART_EndRxTransfer
                0x00000000081087ea       0xcc ./Drivers/STM32H7xx_HAL_Driver/stm32h7xx_hal_uart.o
 .text.HAL_UARTEx_DisableFifoMode
                0x00000000081088b6       0x72 ./Drivers/STM32H7xx_HAL_Driver/stm32h7xx_hal_uart_ex.o
                0x00000000081088b6                HAL_UARTEx_DisableFifoMode
 .text.HAL_UARTEx_SetTxFifoThreshold
                0x0000000008108928       0x7c ./Drivers/STM32H7xx_HAL_Driver/stm32h7xx_hal_uart_ex.o
                0x0000000008108928                HAL_UARTEx_SetTxFifoThreshold
 .text.HAL_UARTEx_SetRxFifoThreshold
                0x00000000081089a4       0x7c ./Drivers/STM32H7xx_HAL_Driver/stm32h7xx_hal_uart_ex.o
                0x00000000081089a4                HAL_UARTEx_SetRxFifoThreshold
 .text.UARTEx_SetNbDataToProcess
                0x0000000008108a20       0x9c ./Drivers/STM32H7xx_HAL_Driver/stm32h7xx_hal_uart_ex.o
 .text.FMC_SDRAM_Init
                0x0000000008108abc       0xba ./Drivers/STM32H7xx_HAL_Driver/stm32h7xx_ll_fmc.o
                0x0000000008108abc                FMC_SDRAM_Init
 .text.FMC_SDRAM_Timing_Init
                0x0000000008108b76       0xd2 ./Drivers/STM32H7xx_HAL_Driver/stm32h7xx_ll_fmc.o
                0x0000000008108b76                FMC_SDRAM_Timing_Init
 .text.SDMMC_Init
                0x0000000008108c48       0x54 ./Drivers/STM32H7xx_HAL_Driver/stm32h7xx_ll_sdmmc.o
                0x0000000008108c48                SDMMC_Init
 .text.SDMMC_ReadFIFO
                0x0000000008108c9c       0x1a ./Drivers/STM32H7xx_HAL_Driver/stm32h7xx_ll_sdmmc.o
                0x0000000008108c9c                SDMMC_ReadFIFO
 .text.SDMMC_PowerState_ON
                0x0000000008108cb6       0x22 ./Drivers/STM32H7xx_HAL_Driver/stm32h7xx_ll_sdmmc.o
                0x0000000008108cb6                SDMMC_PowerState_ON
 .text.SDMMC_GetPowerState
                0x0000000008108cd8       0x1c ./Drivers/STM32H7xx_HAL_Driver/stm32h7xx_ll_sdmmc.o
                0x0000000008108cd8                SDMMC_GetPowerState
 .text.SDMMC_SendCommand
                0x0000000008108cf4       0x54 ./Drivers/STM32H7xx_HAL_Driver/stm32h7xx_ll_sdmmc.o
                0x0000000008108cf4                SDMMC_SendCommand
 .text.SDMMC_GetCommandResponse
                0x0000000008108d48       0x1a ./Drivers/STM32H7xx_HAL_Driver/stm32h7xx_ll_sdmmc.o
                0x0000000008108d48                SDMMC_GetCommandResponse
 .text.SDMMC_GetResponse
                0x0000000008108d62       0x26 ./Drivers/STM32H7xx_HAL_Driver/stm32h7xx_ll_sdmmc.o
                0x0000000008108d62                SDMMC_GetResponse
 .text.SDMMC_ConfigData
                0x0000000008108d88       0x58 ./Drivers/STM32H7xx_HAL_Driver/stm32h7xx_ll_sdmmc.o
                0x0000000008108d88                SDMMC_ConfigData
 .text.SDMMC_CmdBlockLength
                0x0000000008108de0       0x46 ./Drivers/STM32H7xx_HAL_Driver/stm32h7xx_ll_sdmmc.o
                0x0000000008108de0                SDMMC_CmdBlockLength
 .text.SDMMC_CmdSelDesel
                0x0000000008108e26       0x46 ./Drivers/STM32H7xx_HAL_Driver/stm32h7xx_ll_sdmmc.o
                0x0000000008108e26                SDMMC_CmdSelDesel
 .text.SDMMC_CmdGoIdleState
                0x0000000008108e6c       0x3c ./Drivers/STM32H7xx_HAL_Driver/stm32h7xx_ll_sdmmc.o
                0x0000000008108e6c                SDMMC_CmdGoIdleState
 .text.SDMMC_CmdSendCID
                0x0000000008108ea8       0x3e ./Drivers/STM32H7xx_HAL_Driver/stm32h7xx_ll_sdmmc.o
                0x0000000008108ea8                SDMMC_CmdSendCID
 .text.SDMMC_CmdSendCSD
                0x0000000008108ee6       0x40 ./Drivers/STM32H7xx_HAL_Driver/stm32h7xx_ll_sdmmc.o
                0x0000000008108ee6                SDMMC_CmdSendCSD
 .text.SDMMC_CmdSetRelAddMmc
                0x0000000008108f26       0x4a ./Drivers/STM32H7xx_HAL_Driver/stm32h7xx_ll_sdmmc.o
                0x0000000008108f26                SDMMC_CmdSetRelAddMmc
 .text.SDMMC_CmdSendStatus
                0x0000000008108f70       0x46 ./Drivers/STM32H7xx_HAL_Driver/stm32h7xx_ll_sdmmc.o
                0x0000000008108f70                SDMMC_CmdSendStatus
 .text.SDMMC_CmdOpCondition
                0x0000000008108fb6       0x40 ./Drivers/STM32H7xx_HAL_Driver/stm32h7xx_ll_sdmmc.o
                0x0000000008108fb6                SDMMC_CmdOpCondition
 .text.SDMMC_CmdSwitch
                0x0000000008108ff6       0x46 ./Drivers/STM32H7xx_HAL_Driver/stm32h7xx_ll_sdmmc.o
                0x0000000008108ff6                SDMMC_CmdSwitch
 .text.SDMMC_CmdSendEXTCSD
                0x000000000810903c       0x46 ./Drivers/STM32H7xx_HAL_Driver/stm32h7xx_ll_sdmmc.o
                0x000000000810903c                SDMMC_CmdSendEXTCSD
 *fill*         0x0000000008109082        0x2 
 .text.SDMMC_GetCmdResp1
                0x0000000008109084      0x1e4 ./Drivers/STM32H7xx_HAL_Driver/stm32h7xx_ll_sdmmc.o
                0x0000000008109084                SDMMC_GetCmdResp1
 .text.SDMMC_GetCmdResp2
                0x0000000008109268       0x94 ./Drivers/STM32H7xx_HAL_Driver/stm32h7xx_ll_sdmmc.o
                0x0000000008109268                SDMMC_GetCmdResp2
 .text.SDMMC_GetCmdResp3
                0x00000000081092fc       0x80 ./Drivers/STM32H7xx_HAL_Driver/stm32h7xx_ll_sdmmc.o
                0x00000000081092fc                SDMMC_GetCmdResp3
 .text.SDMMC_GetCmdError
                0x000000000810937c       0x5c ./Drivers/STM32H7xx_HAL_Driver/stm32h7xx_ll_sdmmc.o
 .text.USB_CoreInit
                0x00000000081093d8       0xdc ./Drivers/STM32H7xx_HAL_Driver/stm32h7xx_ll_usb.o
                0x00000000081093d8                USB_CoreInit
 .text.USB_DisableGlobalInt
                0x00000000081094b4       0x22 ./Drivers/STM32H7xx_HAL_Driver/stm32h7xx_ll_usb.o
                0x00000000081094b4                USB_DisableGlobalInt
 .text.USB_SetCurrentMode
                0x00000000081094d6       0x98 ./Drivers/STM32H7xx_HAL_Driver/stm32h7xx_ll_usb.o
                0x00000000081094d6                USB_SetCurrentMode
 *fill*         0x000000000810956e        0x2 
 .text.USB_DevInit
                0x0000000008109570      0x2bc ./Drivers/STM32H7xx_HAL_Driver/stm32h7xx_ll_usb.o
                0x0000000008109570                USB_DevInit
 .text.USB_FlushTxFifo
                0x000000000810982c       0x68 ./Drivers/STM32H7xx_HAL_Driver/stm32h7xx_ll_usb.o
                0x000000000810982c                USB_FlushTxFifo
 .text.USB_FlushRxFifo
                0x0000000008109894       0x60 ./Drivers/STM32H7xx_HAL_Driver/stm32h7xx_ll_usb.o
                0x0000000008109894                USB_FlushRxFifo
 .text.USB_SetDevSpeed
                0x00000000081098f4       0x32 ./Drivers/STM32H7xx_HAL_Driver/stm32h7xx_ll_usb.o
                0x00000000081098f4                USB_SetDevSpeed
 .text.USB_DevDisconnect
                0x0000000008109926       0x42 ./Drivers/STM32H7xx_HAL_Driver/stm32h7xx_ll_usb.o
                0x0000000008109926                USB_DevDisconnect
 .text.USB_GetMode
                0x0000000008109968       0x1c ./Drivers/STM32H7xx_HAL_Driver/stm32h7xx_ll_usb.o
                0x0000000008109968                USB_GetMode
 .text.USB_CoreReset
                0x0000000008109984       0x68 ./Drivers/STM32H7xx_HAL_Driver/stm32h7xx_ll_usb.o
 .text.__libc_init_array
                0x00000000081099ec       0x48 c:/st/stm32cubeide_1.11.0/stm32cubeide/plugins/com.st.stm32cube.ide.mcu.externaltools.gnu-tools-for-stm32.10.3-2021.10.win32_1.0.100.202210260954/tools/bin/../lib/gcc/arm-none-eabi/10.3.1/../../../../arm-none-eabi/lib/thumb/v7e-m+fp/hard\libc_nano.a(lib_a-init.o)
                0x00000000081099ec                __libc_init_array
 .text.memcpy   0x0000000008109a34       0x1c c:/st/stm32cubeide_1.11.0/stm32cubeide/plugins/com.st.stm32cube.ide.mcu.externaltools.gnu-tools-for-stm32.10.3-2021.10.win32_1.0.100.202210260954/tools/bin/../lib/gcc/arm-none-eabi/10.3.1/../../../../arm-none-eabi/lib/thumb/v7e-m+fp/hard\libc_nano.a(lib_a-memcpy-stub.o)
                0x0000000008109a34                memcpy
 .text.memset   0x0000000008109a50       0x10 c:/st/stm32cubeide_1.11.0/stm32cubeide/plugins/com.st.stm32cube.ide.mcu.externaltools.gnu-tools-for-stm32.10.3-2021.10.win32_1.0.100.202210260954/tools/bin/../lib/gcc/arm-none-eabi/10.3.1/../../../../arm-none-eabi/lib/thumb/v7e-m+fp/hard\libc_nano.a(lib_a-memset.o)
                0x0000000008109a50                memset
 *(.glue_7)
 .glue_7        0x0000000008109a60        0x0 linker stubs
 *(.glue_7t)
 .glue_7t       0x0000000008109a60        0x0 linker stubs
 *(.eh_frame)
 .eh_frame      0x0000000008109a60        0x0 c:/st/stm32cubeide_1.11.0/stm32cubeide/plugins/com.st.stm32cube.ide.mcu.externaltools.gnu-tools-for-stm32.10.3-2021.10.win32_1.0.100.202210260954/tools/bin/../lib/gcc/arm-none-eabi/10.3.1/thumb/v7e-m+fp/hard/crtbegin.o
 *(.init)
 .init          0x0000000008109a60        0x4 c:/st/stm32cubeide_1.11.0/stm32cubeide/plugins/com.st.stm32cube.ide.mcu.externaltools.gnu-tools-for-stm32.10.3-2021.10.win32_1.0.100.202210260954/tools/bin/../lib/gcc/arm-none-eabi/10.3.1/thumb/v7e-m+fp/hard/crti.o
                0x0000000008109a60                _init
 .init          0x0000000008109a64        0x8 c:/st/stm32cubeide_1.11.0/stm32cubeide/plugins/com.st.stm32cube.ide.mcu.externaltools.gnu-tools-for-stm32.10.3-2021.10.win32_1.0.100.202210260954/tools/bin/../lib/gcc/arm-none-eabi/10.3.1/thumb/v7e-m+fp/hard/crtn.o
 *(.fini)
 .fini          0x0000000008109a6c        0x4 c:/st/stm32cubeide_1.11.0/stm32cubeide/plugins/com.st.stm32cube.ide.mcu.externaltools.gnu-tools-for-stm32.10.3-2021.10.win32_1.0.100.202210260954/tools/bin/../lib/gcc/arm-none-eabi/10.3.1/thumb/v7e-m+fp/hard/crti.o
                0x0000000008109a6c                _fini
 .fini          0x0000000008109a70        0x8 c:/st/stm32cubeide_1.11.0/stm32cubeide/plugins/com.st.stm32cube.ide.mcu.externaltools.gnu-tools-for-stm32.10.3-2021.10.win32_1.0.100.202210260954/tools/bin/../lib/gcc/arm-none-eabi/10.3.1/thumb/v7e-m+fp/hard/crtn.o
                0x0000000008109a78                . = ALIGN (0x4)
                0x0000000008109a78                _etext = .

.vfp11_veneer   0x0000000008109a78        0x0
 .vfp11_veneer  0x0000000008109a78        0x0 linker stubs

.v4_bx          0x0000000008109a78        0x0
 .v4_bx         0x0000000008109a78        0x0 linker stubs

.iplt           0x0000000008109a78        0x0
 .iplt          0x0000000008109a78        0x0 c:/st/stm32cubeide_1.11.0/stm32cubeide/plugins/com.st.stm32cube.ide.mcu.externaltools.gnu-tools-for-stm32.10.3-2021.10.win32_1.0.100.202210260954/tools/bin/../lib/gcc/arm-none-eabi/10.3.1/thumb/v7e-m+fp/hard/crtbegin.o

.rodata         0x0000000008109a78       0x84
                0x0000000008109a78                . = ALIGN (0x4)
 *(.rodata)
 .rodata        0x0000000008109a78       0x4c ./Drivers/STM32H7xx_HAL_Driver/stm32h7xx_hal_fdcan.o
 *(.rodata*)
 .rodata.D1CorePrescTable
                0x0000000008109ac4       0x10 ./Drivers/CMSIS/system_stm32h7xx_dualcore_boot_cm4_cm7.o
                0x0000000008109ac4                D1CorePrescTable
 .rodata.UARTPrescTable
                0x0000000008109ad4       0x18 ./Drivers/STM32H7xx_HAL_Driver/stm32h7xx_hal_uart.o
                0x0000000008109ad4                UARTPrescTable
 .rodata.numerator.1
                0x0000000008109aec        0x8 ./Drivers/STM32H7xx_HAL_Driver/stm32h7xx_hal_uart_ex.o
 .rodata.denominator.0
                0x0000000008109af4        0x8 ./Drivers/STM32H7xx_HAL_Driver/stm32h7xx_hal_uart_ex.o
                0x0000000008109afc                . = ALIGN (0x4)

.ARM.extab
 *(.ARM.extab* .gnu.linkonce.armextab.*)

.ARM            0x0000000008109afc        0x8
                0x0000000008109afc                __exidx_start = .
 *(.ARM.exidx*)
 .ARM.exidx     0x0000000008109afc        0x8 c:/st/stm32cubeide_1.11.0/stm32cubeide/plugins/com.st.stm32cube.ide.mcu.externaltools.gnu-tools-for-stm32.10.3-2021.10.win32_1.0.100.202210260954/tools/bin/../lib/gcc/arm-none-eabi/10.3.1/thumb/v7e-m+fp/hard\libgcc.a(_udivmoddi4.o)
                0x0000000008109b04                __exidx_end = .

.rel.dyn        0x0000000008109b04        0x0
 .rel.iplt      0x0000000008109b04        0x0 c:/st/stm32cubeide_1.11.0/stm32cubeide/plugins/com.st.stm32cube.ide.mcu.externaltools.gnu-tools-for-stm32.10.3-2021.10.win32_1.0.100.202210260954/tools/bin/../lib/gcc/arm-none-eabi/10.3.1/thumb/v7e-m+fp/hard/crtbegin.o

.preinit_array  0x0000000008109b04        0x0
                0x0000000008109b04                PROVIDE (__preinit_array_start = .)
 *(.preinit_array*)
                0x0000000008109b04                PROVIDE (__preinit_array_end = .)

.init_array     0x0000000008109b04        0x4
                0x0000000008109b04                PROVIDE (__init_array_start = .)
 *(SORT_BY_NAME(.init_array.*))
 *(.init_array*)
 .init_array    0x0000000008109b04        0x4 c:/st/stm32cubeide_1.11.0/stm32cubeide/plugins/com.st.stm32cube.ide.mcu.externaltools.gnu-tools-for-stm32.10.3-2021.10.win32_1.0.100.202210260954/tools/bin/../lib/gcc/arm-none-eabi/10.3.1/thumb/v7e-m+fp/hard/crtbegin.o
                0x0000000008109b08                PROVIDE (__init_array_end = .)

.fini_array     0x0000000008109b08        0x4
                [!provide]                        PROVIDE (__fini_array_start = .)
 *(SORT_BY_NAME(.fini_array.*))
 *(.fini_array*)
 .fini_array    0x0000000008109b08        0x4 c:/st/stm32cubeide_1.11.0/stm32cubeide/plugins/com.st.stm32cube.ide.mcu.externaltools.gnu-tools-for-stm32.10.3-2021.10.win32_1.0.100.202210260954/tools/bin/../lib/gcc/arm-none-eabi/10.3.1/thumb/v7e-m+fp/hard/crtbegin.o
                [!provide]                        PROVIDE (__fini_array_end = .)
                0x0000000008109b0c                _sidata = LOADADDR (.data)

.data           0x0000000010000000       0x10 load address 0x0000000008109b0c
                0x0000000010000000                . = ALIGN (0x4)
                0x0000000010000000                _sdata = .
 *(.data)
 *(.data*)
 .data.SystemCoreClock
                0x0000000010000000        0x4 ./Drivers/CMSIS/system_stm32h7xx_dualcore_boot_cm4_cm7.o
                0x0000000010000000                SystemCoreClock
 .data.SystemD2Clock
                0x0000000010000004        0x4 ./Drivers/CMSIS/system_stm32h7xx_dualcore_boot_cm4_cm7.o
                0x0000000010000004                SystemD2Clock
 .data.uwTickPrio
                0x0000000010000008        0x4 ./Drivers/STM32H7xx_HAL_Driver/stm32h7xx_hal.o
                0x0000000010000008                uwTickPrio
 .data.uwTickFreq
                0x000000001000000c        0x1 ./Drivers/STM32H7xx_HAL_Driver/stm32h7xx_hal.o
                0x000000001000000c                uwTickFreq
 *(.RamFunc)
 *(.RamFunc*)
                0x0000000010000010                . = ALIGN (0x4)
 *fill*         0x000000001000000d        0x3 
                0x0000000010000010                _edata = .

.igot.plt       0x0000000010000010        0x0 load address 0x0000000008109b1c
 .igot.plt      0x0000000010000010        0x0 c:/st/stm32cubeide_1.11.0/stm32cubeide/plugins/com.st.stm32cube.ide.mcu.externaltools.gnu-tools-for-stm32.10.3-2021.10.win32_1.0.100.202210260954/tools/bin/../lib/gcc/arm-none-eabi/10.3.1/thumb/v7e-m+fp/hard/crtbegin.o

.RxDecripSection
                0x0000000010000010       0x60 load address 0x0000000008109b1c
 .RxDecripSection
                0x0000000010000010       0x60 ./Application/User/Core/main.o
                0x0000000010000010                DMARxDscrTab

.TxDecripSection
                0x0000000010000070       0x60 load address 0x0000000008109b7c
 .TxDecripSection
                0x0000000010000070       0x60 ./Application/User/Core/main.o
                0x0000000010000070                DMATxDscrTab
                0x00000000100000d0                . = ALIGN (0x4)

.bss            0x00000000100000d0      0xc20 load address 0x0000000008109bdc
                0x00000000100000d0                _sbss = .
                0x00000000100000d0                __bss_start__ = _sbss
 *(.bss)
 .bss           0x00000000100000d0       0x1c c:/st/stm32cubeide_1.11.0/stm32cubeide/plugins/com.st.stm32cube.ide.mcu.externaltools.gnu-tools-for-stm32.10.3-2021.10.win32_1.0.100.202210260954/tools/bin/../lib/gcc/arm-none-eabi/10.3.1/thumb/v7e-m+fp/hard/crtbegin.o
 *(.bss*)
 .bss.TxConfig  0x00000000100000ec       0x38 ./Application/User/Core/main.o
                0x00000000100000ec                TxConfig
 .bss.heth      0x0000000010000124       0xb0 ./Application/User/Core/main.o
                0x0000000010000124                heth
 .bss.hfdcan1   0x00000000100001d4       0xa0 ./Application/User/Core/main.o
                0x00000000100001d4                hfdcan1
 .bss.hfdcan2   0x0000000010000274       0xa0 ./Application/User/Core/main.o
                0x0000000010000274                hfdcan2
 .bss.hqspi     0x0000000010000314       0x4c ./Application/User/Core/main.o
                0x0000000010000314                hqspi
 .bss.hsai_BlockA2
                0x0000000010000360       0x98 ./Application/User/Core/main.o
                0x0000000010000360                hsai_BlockA2
 .bss.hsai_BlockB2
                0x00000000100003f8       0x98 ./Application/User/Core/main.o
                0x00000000100003f8                hsai_BlockB2
 .bss.hmmc1     0x0000000010000490      0x274 ./Application/User/Core/main.o
                0x0000000010000490                hmmc1
 .bss.huart3    0x0000000010000704       0x94 ./Application/User/Core/main.o
                0x0000000010000704                huart3
 .bss.hpcd_USB_OTG_FS
                0x0000000010000798      0x50c ./Application/User/Core/main.o
                0x0000000010000798                hpcd_USB_OTG_FS
 .bss.hsdram1   0x0000000010000ca4       0x34 ./Application/User/Core/main.o
                0x0000000010000ca4                hsdram1
 .bss.MACAddr.0
                0x0000000010000cd8        0x6 ./Application/User/Core/main.o
 *fill*         0x0000000010000cde        0x2 
 .bss.HAL_RCC_FDCAN_CLK_ENABLED
                0x0000000010000ce0        0x4 ./Application/User/Core/stm32h7xx_hal_msp.o
 .bss.FMC_Initialized
                0x0000000010000ce4        0x4 ./Application/User/Core/stm32h7xx_hal_msp.o
 .bss.SAI2_client
                0x0000000010000ce8        0x4 ./Application/User/Core/stm32h7xx_hal_msp.o
 .bss.uwTick    0x0000000010000cec        0x4 ./Drivers/STM32H7xx_HAL_Driver/stm32h7xx_hal.o
                0x0000000010000cec                uwTick
 *(COMMON)
                0x0000000010000cf0                . = ALIGN (0x4)
                0x0000000010000cf0                _ebss = .
                0x0000000010000cf0                __bss_end__ = _ebss

._user_heap_stack
                0x0000000010000cf0      0x600 load address 0x0000000008109bdc
                0x0000000010000cf0                . = ALIGN (0x8)
                [!provide]                        PROVIDE (end = .)
                0x0000000010000cf0                PROVIDE (_end = .)
                0x0000000010000ef0                . = (. + _Min_Heap_Size)
 *fill*         0x0000000010000cf0      0x200 
                0x00000000100012f0                . = (. + _Min_Stack_Size)
 *fill*         0x0000000010000ef0      0x400 
                0x00000000100012f0                . = ALIGN (0x8)

/DISCARD/
 libc.a(*)
 libm.a(*)
 libgcc.a(*)

.ARM.attributes
                0x0000000000000000       0x30
 *(.ARM.attributes)
 .ARM.attributes
                0x0000000000000000       0x1e c:/st/stm32cubeide_1.11.0/stm32cubeide/plugins/com.st.stm32cube.ide.mcu.externaltools.gnu-tools-for-stm32.10.3-2021.10.win32_1.0.100.202210260954/tools/bin/../lib/gcc/arm-none-eabi/10.3.1/thumb/v7e-m+fp/hard/crti.o
 .ARM.attributes
                0x000000000000001e       0x34 c:/st/stm32cubeide_1.11.0/stm32cubeide/plugins/com.st.stm32cube.ide.mcu.externaltools.gnu-tools-for-stm32.10.3-2021.10.win32_1.0.100.202210260954/tools/bin/../lib/gcc/arm-none-eabi/10.3.1/thumb/v7e-m+fp/hard/crtbegin.o
 .ARM.attributes
                0x0000000000000052       0x34 ./Application/User/Core/main.o
 .ARM.attributes
                0x0000000000000086       0x34 ./Application/User/Core/stm32h7xx_hal_msp.o
 .ARM.attributes
                0x00000000000000ba       0x34 ./Application/User/Core/stm32h7xx_it.o
 .ARM.attributes
                0x00000000000000ee       0x21 ./Application/User/Startup/startup_stm32h745xihx.o
 .ARM.attributes
                0x000000000000010f       0x34 ./Drivers/CMSIS/system_stm32h7xx_dualcore_boot_cm4_cm7.o
 .ARM.attributes
                0x0000000000000143       0x34 ./Drivers/STM32H7xx_HAL_Driver/stm32h7xx_hal.o
 .ARM.attributes
                0x0000000000000177       0x34 ./Drivers/STM32H7xx_HAL_Driver/stm32h7xx_hal_cortex.o
 .ARM.attributes
                0x00000000000001ab       0x34 ./Drivers/STM32H7xx_HAL_Driver/stm32h7xx_hal_eth.o
 .ARM.attributes
                0x00000000000001df       0x34 ./Drivers/STM32H7xx_HAL_Driver/stm32h7xx_hal_fdcan.o
 .ARM.attributes
                0x0000000000000213       0x34 ./Drivers/STM32H7xx_HAL_Driver/stm32h7xx_hal_gpio.o
 .ARM.attributes
                0x0000000000000247       0x34 ./Drivers/STM32H7xx_HAL_Driver/stm32h7xx_hal_hsem.o
 .ARM.attributes
                0x000000000000027b       0x34 ./Drivers/STM32H7xx_HAL_Driver/stm32h7xx_hal_mmc.o
 .ARM.attributes
                0x00000000000002af       0x34 ./Drivers/STM32H7xx_HAL_Driver/stm32h7xx_hal_pcd.o
 .ARM.attributes
                0x00000000000002e3       0x34 ./Drivers/STM32H7xx_HAL_Driver/stm32h7xx_hal_pcd_ex.o
 .ARM.attributes
                0x0000000000000317       0x34 ./Drivers/STM32H7xx_HAL_Driver/stm32h7xx_hal_pwr_ex.o
 .ARM.attributes
                0x000000000000034b       0x34 ./Drivers/STM32H7xx_HAL_Driver/stm32h7xx_hal_qspi.o
 .ARM.attributes
                0x000000000000037f       0x34 ./Drivers/STM32H7xx_HAL_Driver/stm32h7xx_hal_rcc.o
 .ARM.attributes
                0x00000000000003b3       0x34 ./Drivers/STM32H7xx_HAL_Driver/stm32h7xx_hal_rcc_ex.o
 .ARM.attributes
                0x00000000000003e7       0x34 ./Drivers/STM32H7xx_HAL_Driver/stm32h7xx_hal_sai.o
 .ARM.attributes
                0x000000000000041b       0x34 ./Drivers/STM32H7xx_HAL_Driver/stm32h7xx_hal_sdram.o
 .ARM.attributes
                0x000000000000044f       0x34 ./Drivers/STM32H7xx_HAL_Driver/stm32h7xx_hal_uart.o
 .ARM.attributes
                0x0000000000000483       0x34 ./Drivers/STM32H7xx_HAL_Driver/stm32h7xx_hal_uart_ex.o
 .ARM.attributes
                0x00000000000004b7       0x34 ./Drivers/STM32H7xx_HAL_Driver/stm32h7xx_ll_fmc.o
 .ARM.attributes
                0x00000000000004eb       0x34 ./Drivers/STM32H7xx_HAL_Driver/stm32h7xx_ll_sdmmc.o
 .ARM.attributes
                0x000000000000051f       0x34 ./Drivers/STM32H7xx_HAL_Driver/stm32h7xx_ll_usb.o
 .ARM.attributes
                0x0000000000000553       0x34 c:/st/stm32cubeide_1.11.0/stm32cubeide/plugins/com.st.stm32cube.ide.mcu.externaltools.gnu-tools-for-stm32.10.3-2021.10.win32_1.0.100.202210260954/tools/bin/../lib/gcc/arm-none-eabi/10.3.1/../../../../arm-none-eabi/lib/thumb/v7e-m+fp/hard\libc_nano.a(lib_a-init.o)
 .ARM.attributes
                0x0000000000000587       0x34 c:/st/stm32cubeide_1.11.0/stm32cubeide/plugins/com.st.stm32cube.ide.mcu.externaltools.gnu-tools-for-stm32.10.3-2021.10.win32_1.0.100.202210260954/tools/bin/../lib/gcc/arm-none-eabi/10.3.1/../../../../arm-none-eabi/lib/thumb/v7e-m+fp/hard\libc_nano.a(lib_a-memcpy-stub.o)
 .ARM.attributes
                0x00000000000005bb       0x34 c:/st/stm32cubeide_1.11.0/stm32cubeide/plugins/com.st.stm32cube.ide.mcu.externaltools.gnu-tools-for-stm32.10.3-2021.10.win32_1.0.100.202210260954/tools/bin/../lib/gcc/arm-none-eabi/10.3.1/../../../../arm-none-eabi/lib/thumb/v7e-m+fp/hard\libc_nano.a(lib_a-memset.o)
 .ARM.attributes
                0x00000000000005ef       0x1e c:/st/stm32cubeide_1.11.0/stm32cubeide/plugins/com.st.stm32cube.ide.mcu.externaltools.gnu-tools-for-stm32.10.3-2021.10.win32_1.0.100.202210260954/tools/bin/../lib/gcc/arm-none-eabi/10.3.1/thumb/v7e-m+fp/hard\libgcc.a(_aeabi_uldivmod.o)
 .ARM.attributes
                0x000000000000060d       0x34 c:/st/stm32cubeide_1.11.0/stm32cubeide/plugins/com.st.stm32cube.ide.mcu.externaltools.gnu-tools-for-stm32.10.3-2021.10.win32_1.0.100.202210260954/tools/bin/../lib/gcc/arm-none-eabi/10.3.1/thumb/v7e-m+fp/hard\libgcc.a(_udivmoddi4.o)
 .ARM.attributes
                0x0000000000000641       0x1e c:/st/stm32cubeide_1.11.0/stm32cubeide/plugins/com.st.stm32cube.ide.mcu.externaltools.gnu-tools-for-stm32.10.3-2021.10.win32_1.0.100.202210260954/tools/bin/../lib/gcc/arm-none-eabi/10.3.1/thumb/v7e-m+fp/hard\libgcc.a(_dvmd_tls.o)
 .ARM.attributes
                0x000000000000065f       0x1e c:/st/stm32cubeide_1.11.0/stm32cubeide/plugins/com.st.stm32cube.ide.mcu.externaltools.gnu-tools-for-stm32.10.3-2021.10.win32_1.0.100.202210260954/tools/bin/../lib/gcc/arm-none-eabi/10.3.1/thumb/v7e-m+fp/hard/crtn.o
OUTPUT(JAN_19_CM4.elf elf32-littlearm)
LOAD linker stubs
LOAD c:/st/stm32cubeide_1.11.0/stm32cubeide/plugins/com.st.stm32cube.ide.mcu.externaltools.gnu-tools-for-stm32.10.3-2021.10.win32_1.0.100.202210260954/tools/bin/../lib/gcc/arm-none-eabi/10.3.1/../../../../arm-none-eabi/lib/thumb/v7e-m+fp/hard\libc.a
LOAD c:/st/stm32cubeide_1.11.0/stm32cubeide/plugins/com.st.stm32cube.ide.mcu.externaltools.gnu-tools-for-stm32.10.3-2021.10.win32_1.0.100.202210260954/tools/bin/../lib/gcc/arm-none-eabi/10.3.1/../../../../arm-none-eabi/lib/thumb/v7e-m+fp/hard\libm.a
LOAD c:/st/stm32cubeide_1.11.0/stm32cubeide/plugins/com.st.stm32cube.ide.mcu.externaltools.gnu-tools-for-stm32.10.3-2021.10.win32_1.0.100.202210260954/tools/bin/../lib/gcc/arm-none-eabi/10.3.1/thumb/v7e-m+fp/hard\libgcc.a

.debug_info     0x0000000000000000    0x26122
 .debug_info    0x0000000000000000     0x405b ./Application/User/Core/main.o
 .debug_info    0x000000000000405b     0x4163 ./Application/User/Core/stm32h7xx_hal_msp.o
 .debug_info    0x00000000000081be      0x137 ./Application/User/Core/stm32h7xx_it.o
 .debug_info    0x00000000000082f5       0x22 ./Application/User/Startup/startup_stm32h745xihx.o
 .debug_info    0x0000000000008317      0x779 ./Drivers/CMSIS/system_stm32h7xx_dualcore_boot_cm4_cm7.o
 .debug_info    0x0000000000008a90     0x1865 ./Drivers/STM32H7xx_HAL_Driver/stm32h7xx_hal.o
 .debug_info    0x000000000000a2f5      0xfac ./Drivers/STM32H7xx_HAL_Driver/stm32h7xx_hal_cortex.o
 .debug_info    0x000000000000b2a1     0x2b62 ./Drivers/STM32H7xx_HAL_Driver/stm32h7xx_hal_eth.o
 .debug_info    0x000000000000de03     0x2dae ./Drivers/STM32H7xx_HAL_Driver/stm32h7xx_hal_fdcan.o
 .debug_info    0x0000000000010bb1      0xde0 ./Drivers/STM32H7xx_HAL_Driver/stm32h7xx_hal_gpio.o
 .debug_info    0x0000000000011991      0x3fd ./Drivers/STM32H7xx_HAL_Driver/stm32h7xx_hal_hsem.o
 .debug_info    0x0000000000011d8e     0x1df5 ./Drivers/STM32H7xx_HAL_Driver/stm32h7xx_hal_mmc.o
 .debug_info    0x0000000000013b83     0x169e ./Drivers/STM32H7xx_HAL_Driver/stm32h7xx_hal_pcd.o
 .debug_info    0x0000000000015221      0x913 ./Drivers/STM32H7xx_HAL_Driver/stm32h7xx_hal_pcd_ex.o
 .debug_info    0x0000000000015b34     0x10d3 ./Drivers/STM32H7xx_HAL_Driver/stm32h7xx_hal_pwr_ex.o
 .debug_info    0x0000000000016c07     0x1392 ./Drivers/STM32H7xx_HAL_Driver/stm32h7xx_hal_qspi.o
 .debug_info    0x0000000000017f99      0xf48 ./Drivers/STM32H7xx_HAL_Driver/stm32h7xx_hal_rcc.o
 .debug_info    0x0000000000018ee1     0x13b9 ./Drivers/STM32H7xx_HAL_Driver/stm32h7xx_hal_rcc_ex.o
 .debug_info    0x000000000001a29a     0x14cd ./Drivers/STM32H7xx_HAL_Driver/stm32h7xx_hal_sai.o
 .debug_info    0x000000000001b767     0x10e5 ./Drivers/STM32H7xx_HAL_Driver/stm32h7xx_hal_sdram.o
 .debug_info    0x000000000001c84c     0x4dca ./Drivers/STM32H7xx_HAL_Driver/stm32h7xx_hal_uart.o
 .debug_info    0x0000000000021616     0x105a ./Drivers/STM32H7xx_HAL_Driver/stm32h7xx_hal_uart_ex.o
 .debug_info    0x0000000000022670      0xc4b ./Drivers/STM32H7xx_HAL_Driver/stm32h7xx_ll_fmc.o
 .debug_info    0x00000000000232bb     0x1315 ./Drivers/STM32H7xx_HAL_Driver/stm32h7xx_ll_sdmmc.o
 .debug_info    0x00000000000245d0     0x1b52 ./Drivers/STM32H7xx_HAL_Driver/stm32h7xx_ll_usb.o

.debug_abbrev   0x0000000000000000     0x38a9
 .debug_abbrev  0x0000000000000000      0x30e ./Application/User/Core/main.o
 .debug_abbrev  0x000000000000030e      0x2b7 ./Application/User/Core/stm32h7xx_hal_msp.o
 .debug_abbrev  0x00000000000005c5       0x74 ./Application/User/Core/stm32h7xx_it.o
 .debug_abbrev  0x0000000000000639       0x12 ./Application/User/Startup/startup_stm32h745xihx.o
 .debug_abbrev  0x000000000000064b      0x136 ./Drivers/CMSIS/system_stm32h7xx_dualcore_boot_cm4_cm7.o
 .debug_abbrev  0x0000000000000781      0x292 ./Drivers/STM32H7xx_HAL_Driver/stm32h7xx_hal.o
 .debug_abbrev  0x0000000000000a13      0x329 ./Drivers/STM32H7xx_HAL_Driver/stm32h7xx_hal_cortex.o
 .debug_abbrev  0x0000000000000d3c      0x2bd ./Drivers/STM32H7xx_HAL_Driver/stm32h7xx_hal_eth.o
 .debug_abbrev  0x0000000000000ff9      0x278 ./Drivers/STM32H7xx_HAL_Driver/stm32h7xx_hal_fdcan.o
 .debug_abbrev  0x0000000000001271      0x1ec ./Drivers/STM32H7xx_HAL_Driver/stm32h7xx_hal_gpio.o
 .debug_abbrev  0x000000000000145d      0x1d0 ./Drivers/STM32H7xx_HAL_Driver/stm32h7xx_hal_hsem.o
 .debug_abbrev  0x000000000000162d      0x2bc ./Drivers/STM32H7xx_HAL_Driver/stm32h7xx_hal_mmc.o
 .debug_abbrev  0x00000000000018e9      0x2d2 ./Drivers/STM32H7xx_HAL_Driver/stm32h7xx_hal_pcd.o
 .debug_abbrev  0x0000000000001bbb      0x24a ./Drivers/STM32H7xx_HAL_Driver/stm32h7xx_hal_pcd_ex.o
 .debug_abbrev  0x0000000000001e05      0x2bc ./Drivers/STM32H7xx_HAL_Driver/stm32h7xx_hal_pwr_ex.o
 .debug_abbrev  0x00000000000020c1      0x238 ./Drivers/STM32H7xx_HAL_Driver/stm32h7xx_hal_qspi.o
 .debug_abbrev  0x00000000000022f9      0x2b8 ./Drivers/STM32H7xx_HAL_Driver/stm32h7xx_hal_rcc.o
 .debug_abbrev  0x00000000000025b1      0x25c ./Drivers/STM32H7xx_HAL_Driver/stm32h7xx_hal_rcc_ex.o
 .debug_abbrev  0x000000000000280d      0x27d ./Drivers/STM32H7xx_HAL_Driver/stm32h7xx_hal_sai.o
 .debug_abbrev  0x0000000000002a8a      0x214 ./Drivers/STM32H7xx_HAL_Driver/stm32h7xx_hal_sdram.o
 .debug_abbrev  0x0000000000002c9e      0x325 ./Drivers/STM32H7xx_HAL_Driver/stm32h7xx_hal_uart.o
 .debug_abbrev  0x0000000000002fc3      0x2bd ./Drivers/STM32H7xx_HAL_Driver/stm32h7xx_hal_uart_ex.o
 .debug_abbrev  0x0000000000003280      0x196 ./Drivers/STM32H7xx_HAL_Driver/stm32h7xx_ll_fmc.o
 .debug_abbrev  0x0000000000003416      0x1fd ./Drivers/STM32H7xx_HAL_Driver/stm32h7xx_ll_sdmmc.o
 .debug_abbrev  0x0000000000003613      0x296 ./Drivers/STM32H7xx_HAL_Driver/stm32h7xx_ll_usb.o

.debug_aranges  0x0000000000000000     0x1ba0
 .debug_aranges
                0x0000000000000000       0x78 ./Application/User/Core/main.o
 .debug_aranges
                0x0000000000000078       0xb0 ./Application/User/Core/stm32h7xx_hal_msp.o
 .debug_aranges
                0x0000000000000128       0x60 ./Application/User/Core/stm32h7xx_it.o
 .debug_aranges
                0x0000000000000188       0x28 ./Application/User/Startup/startup_stm32h745xihx.o
 .debug_aranges
                0x00000000000001b0       0x28 ./Drivers/CMSIS/system_stm32h7xx_dualcore_boot_cm4_cm7.o
 .debug_aranges
                0x00000000000001d8      0x200 ./Drivers/STM32H7xx_HAL_Driver/stm32h7xx_hal.o
 .debug_aranges
                0x00000000000003d8      0x120 ./Drivers/STM32H7xx_HAL_Driver/stm32h7xx_hal_cortex.o
 .debug_aranges
                0x00000000000004f8      0x1d8 ./Drivers/STM32H7xx_HAL_Driver/stm32h7xx_hal_eth.o
 .debug_aranges
                0x00000000000006d0      0x338 ./Drivers/STM32H7xx_HAL_Driver/stm32h7xx_hal_fdcan.o
 .debug_aranges
                0x0000000000000a08       0x58 ./Drivers/STM32H7xx_HAL_Driver/stm32h7xx_hal_gpio.o
 .debug_aranges
                0x0000000000000a60       0x70 ./Drivers/STM32H7xx_HAL_Driver/stm32h7xx_hal_hsem.o
 .debug_aranges
                0x0000000000000ad0      0x198 ./Drivers/STM32H7xx_HAL_Driver/stm32h7xx_hal_mmc.o
 .debug_aranges
                0x0000000000000c68      0x140 ./Drivers/STM32H7xx_HAL_Driver/stm32h7xx_hal_pcd.o
 .debug_aranges
                0x0000000000000da8       0x60 ./Drivers/STM32H7xx_HAL_Driver/stm32h7xx_hal_pcd_ex.o
 .debug_aranges
                0x0000000000000e08      0x170 ./Drivers/STM32H7xx_HAL_Driver/stm32h7xx_hal_pwr_ex.o
 .debug_aranges
                0x0000000000000f78      0x148 ./Drivers/STM32H7xx_HAL_Driver/stm32h7xx_hal_qspi.o
 .debug_aranges
                0x00000000000010c0       0x88 ./Drivers/STM32H7xx_HAL_Driver/stm32h7xx_hal_rcc.o
 .debug_aranges
                0x0000000000001148      0x100 ./Drivers/STM32H7xx_HAL_Driver/stm32h7xx_hal_rcc_ex.o
 .debug_aranges
                0x0000000000001248      0x178 ./Drivers/STM32H7xx_HAL_Driver/stm32h7xx_hal_sai.o
 .debug_aranges
                0x00000000000013c0       0xe8 ./Drivers/STM32H7xx_HAL_Driver/stm32h7xx_hal_sdram.o
 .debug_aranges
                0x00000000000014a8      0x248 ./Drivers/STM32H7xx_HAL_Driver/stm32h7xx_hal_uart.o
 .debug_aranges
                0x00000000000016f0       0xa8 ./Drivers/STM32H7xx_HAL_Driver/stm32h7xx_hal_uart_ex.o
 .debug_aranges
                0x0000000000001798       0xc8 ./Drivers/STM32H7xx_HAL_Driver/stm32h7xx_ll_fmc.o
 .debug_aranges
                0x0000000000001860      0x1a0 ./Drivers/STM32H7xx_HAL_Driver/stm32h7xx_ll_sdmmc.o
 .debug_aranges
                0x0000000000001a00      0x1a0 ./Drivers/STM32H7xx_HAL_Driver/stm32h7xx_ll_usb.o

.debug_ranges   0x0000000000000000     0x1a60
 .debug_ranges  0x0000000000000000       0x68 ./Application/User/Core/main.o
 .debug_ranges  0x0000000000000068       0xa0 ./Application/User/Core/stm32h7xx_hal_msp.o
 .debug_ranges  0x0000000000000108       0x50 ./Application/User/Core/stm32h7xx_it.o
 .debug_ranges  0x0000000000000158       0x20 ./Application/User/Startup/startup_stm32h745xihx.o
 .debug_ranges  0x0000000000000178       0x18 ./Drivers/CMSIS/system_stm32h7xx_dualcore_boot_cm4_cm7.o
 .debug_ranges  0x0000000000000190      0x1f0 ./Drivers/STM32H7xx_HAL_Driver/stm32h7xx_hal.o
 .debug_ranges  0x0000000000000380      0x110 ./Drivers/STM32H7xx_HAL_Driver/stm32h7xx_hal_cortex.o
 .debug_ranges  0x0000000000000490      0x1c8 ./Drivers/STM32H7xx_HAL_Driver/stm32h7xx_hal_eth.o
 .debug_ranges  0x0000000000000658      0x328 ./Drivers/STM32H7xx_HAL_Driver/stm32h7xx_hal_fdcan.o
 .debug_ranges  0x0000000000000980       0x48 ./Drivers/STM32H7xx_HAL_Driver/stm32h7xx_hal_gpio.o
 .debug_ranges  0x00000000000009c8       0x60 ./Drivers/STM32H7xx_HAL_Driver/stm32h7xx_hal_hsem.o
 .debug_ranges  0x0000000000000a28      0x188 ./Drivers/STM32H7xx_HAL_Driver/stm32h7xx_hal_mmc.o
 .debug_ranges  0x0000000000000bb0      0x130 ./Drivers/STM32H7xx_HAL_Driver/stm32h7xx_hal_pcd.o
 .debug_ranges  0x0000000000000ce0       0x50 ./Drivers/STM32H7xx_HAL_Driver/stm32h7xx_hal_pcd_ex.o
 .debug_ranges  0x0000000000000d30      0x160 ./Drivers/STM32H7xx_HAL_Driver/stm32h7xx_hal_pwr_ex.o
 .debug_ranges  0x0000000000000e90      0x138 ./Drivers/STM32H7xx_HAL_Driver/stm32h7xx_hal_qspi.o
 .debug_ranges  0x0000000000000fc8       0x78 ./Drivers/STM32H7xx_HAL_Driver/stm32h7xx_hal_rcc.o
 .debug_ranges  0x0000000000001040       0xf0 ./Drivers/STM32H7xx_HAL_Driver/stm32h7xx_hal_rcc_ex.o
 .debug_ranges  0x0000000000001130      0x180 ./Drivers/STM32H7xx_HAL_Driver/stm32h7xx_hal_sai.o
 .debug_ranges  0x00000000000012b0       0xd8 ./Drivers/STM32H7xx_HAL_Driver/stm32h7xx_hal_sdram.o
 .debug_ranges  0x0000000000001388      0x268 ./Drivers/STM32H7xx_HAL_Driver/stm32h7xx_hal_uart.o
 .debug_ranges  0x00000000000015f0       0x98 ./Drivers/STM32H7xx_HAL_Driver/stm32h7xx_hal_uart_ex.o
 .debug_ranges  0x0000000000001688       0xb8 ./Drivers/STM32H7xx_HAL_Driver/stm32h7xx_ll_fmc.o
 .debug_ranges  0x0000000000001740      0x190 ./Drivers/STM32H7xx_HAL_Driver/stm32h7xx_ll_sdmmc.o
 .debug_ranges  0x00000000000018d0      0x190 ./Drivers/STM32H7xx_HAL_Driver/stm32h7xx_ll_usb.o

.debug_macro    0x0000000000000000    0x3e729
 .debug_macro   0x0000000000000000      0x384 ./Application/User/Core/main.o
 .debug_macro   0x0000000000000384      0xa7e ./Application/User/Core/main.o
 .debug_macro   0x0000000000000e02      0x25c ./Application/User/Core/main.o
 .debug_macro   0x000000000000105e       0x2e ./Application/User/Core/main.o
 .debug_macro   0x000000000000108c       0x3b ./Application/User/Core/main.o
 .debug_macro   0x00000000000010c7       0x22 ./Application/User/Core/main.o
 .debug_macro   0x00000000000010e9       0x8e ./Application/User/Core/main.o
 .debug_macro   0x0000000000001177       0x51 ./Application/User/Core/main.o
 .debug_macro   0x00000000000011c8      0x103 ./Application/User/Core/main.o
 .debug_macro   0x00000000000012cb       0x6a ./Application/User/Core/main.o
 .debug_macro   0x0000000000001335      0x1df ./Application/User/Core/main.o
 .debug_macro   0x0000000000001514       0x1c ./Application/User/Core/main.o
 .debug_macro   0x0000000000001530       0x22 ./Application/User/Core/main.o
 .debug_macro   0x0000000000001552       0xfb ./Application/User/Core/main.o
 .debug_macro   0x000000000000164d     0x1011 ./Application/User/Core/main.o
 .debug_macro   0x000000000000265e      0x11f ./Application/User/Core/main.o
 .debug_macro   0x000000000000277d    0x26d43 ./Application/User/Core/main.o
 .debug_macro   0x00000000000294c0       0x6d ./Application/User/Core/main.o
 .debug_macro   0x000000000002952d     0x3d5d ./Application/User/Core/main.o
 .debug_macro   0x000000000002d28a      0x174 ./Application/User/Core/main.o
 .debug_macro   0x000000000002d3fe       0x52 ./Application/User/Core/main.o
 .debug_macro   0x000000000002d450       0x1e ./Application/User/Core/main.o
 .debug_macro   0x000000000002d46e       0x3c ./Application/User/Core/main.o
 .debug_macro   0x000000000002d4aa       0x34 ./Application/User/Core/main.o
 .debug_macro   0x000000000002d4de       0x16 ./Application/User/Core/main.o
 .debug_macro   0x000000000002d4f4       0x43 ./Application/User/Core/main.o
 .debug_macro   0x000000000002d537       0x34 ./Application/User/Core/main.o
 .debug_macro   0x000000000002d56b       0x10 ./Application/User/Core/main.o
 .debug_macro   0x000000000002d57b       0x58 ./Application/User/Core/main.o
 .debug_macro   0x000000000002d5d3       0x71 ./Application/User/Core/main.o
 .debug_macro   0x000000000002d644       0x1c ./Application/User/Core/main.o
 .debug_macro   0x000000000002d660      0x12a ./Application/User/Core/main.o
 .debug_macro   0x000000000002d78a      0x341 ./Application/User/Core/main.o
 .debug_macro   0x000000000002dacb      0x19b ./Application/User/Core/main.o
 .debug_macro   0x000000000002dc66       0x5d ./Application/User/Core/main.o
 .debug_macro   0x000000000002dcc3     0x3a9d ./Application/User/Core/main.o
 .debug_macro   0x0000000000031760     0x1072 ./Application/User/Core/main.o
 .debug_macro   0x00000000000327d2      0x154 ./Application/User/Core/main.o
 .debug_macro   0x0000000000032926      0x130 ./Application/User/Core/main.o
 .debug_macro   0x0000000000032a56      0x3be ./Application/User/Core/main.o
 .debug_macro   0x0000000000032e14       0xac ./Application/User/Core/main.o
 .debug_macro   0x0000000000032ec0      0x72d ./Application/User/Core/main.o
 .debug_macro   0x00000000000335ed      0x228 ./Application/User/Core/main.o
 .debug_macro   0x0000000000033815       0x66 ./Application/User/Core/main.o
 .debug_macro   0x000000000003387b      0x3bb ./Application/User/Core/main.o
 .debug_macro   0x0000000000033c36      0xa95 ./Application/User/Core/main.o
 .debug_macro   0x00000000000346cb      0x129 ./Application/User/Core/main.o
 .debug_macro   0x00000000000347f4      0x407 ./Application/User/Core/main.o
 .debug_macro   0x0000000000034bfb      0x244 ./Application/User/Core/main.o
 .debug_macro   0x0000000000034e3f      0xe42 ./Application/User/Core/main.o
 .debug_macro   0x0000000000035c81      0x3ca ./Application/User/Core/main.o
 .debug_macro   0x000000000003604b      0x4a2 ./Application/User/Core/main.o
 .debug_macro   0x00000000000364ed       0x51 ./Application/User/Core/main.o
 .debug_macro   0x000000000003653e       0x4a ./Application/User/Core/main.o
 .debug_macro   0x0000000000036588      0x22c ./Application/User/Core/main.o
 .debug_macro   0x00000000000367b4       0x67 ./Application/User/Core/main.o
 .debug_macro   0x000000000003681b       0xa5 ./Application/User/Core/main.o
 .debug_macro   0x00000000000368c0      0x830 ./Application/User/Core/main.o
 .debug_macro   0x00000000000370f0      0x23b ./Application/User/Core/main.o
 .debug_macro   0x000000000003732b       0x12 ./Application/User/Core/main.o
 .debug_macro   0x000000000003733d      0x218 ./Application/User/Core/main.o
 .debug_macro   0x0000000000037555      0x2ea ./Application/User/Core/main.o
 .debug_macro   0x000000000003783f       0x35 ./Application/User/Core/main.o
 .debug_macro   0x0000000000037874      0x2d4 ./Application/User/Core/main.o
 .debug_macro   0x0000000000037b48      0x3bb ./Application/User/Core/main.o
 .debug_macro   0x0000000000037f03       0x10 ./Application/User/Core/main.o
 .debug_macro   0x0000000000037f13       0xe4 ./Application/User/Core/main.o
 .debug_macro   0x0000000000037ff7      0x512 ./Application/User/Core/main.o
 .debug_macro   0x0000000000038509      0x693 ./Application/User/Core/main.o
 .debug_macro   0x0000000000038b9c       0xa6 ./Application/User/Core/main.o
 .debug_macro   0x0000000000038c42      0x264 ./Application/User/Core/main.o
 .debug_macro   0x0000000000038ea6       0x90 ./Application/User/Core/main.o
 .debug_macro   0x0000000000038f36      0x798 ./Application/User/Core/main.o
 .debug_macro   0x00000000000396ce      0x1f0 ./Application/User/Core/main.o
 .debug_macro   0x00000000000398be       0x16 ./Application/User/Core/main.o
 .debug_macro   0x00000000000398d4       0x35 ./Application/User/Core/main.o
 .debug_macro   0x0000000000039909       0x20 ./Application/User/Core/main.o
 .debug_macro   0x0000000000039929      0x34e ./Application/User/Core/stm32h7xx_hal_msp.o
 .debug_macro   0x0000000000039c77      0x358 ./Application/User/Core/stm32h7xx_it.o
 .debug_macro   0x0000000000039fcf      0x33f ./Drivers/CMSIS/system_stm32h7xx_dualcore_boot_cm4_cm7.o
 .debug_macro   0x000000000003a30e      0x369 ./Drivers/STM32H7xx_HAL_Driver/stm32h7xx_hal.o
 .debug_macro   0x000000000003a677      0x33f ./Drivers/STM32H7xx_HAL_Driver/stm32h7xx_hal_cortex.o
 .debug_macro   0x000000000003a9b6      0x3d3 ./Drivers/STM32H7xx_HAL_Driver/stm32h7xx_hal_eth.o
 .debug_macro   0x000000000003ad89      0x404 ./Drivers/STM32H7xx_HAL_Driver/stm32h7xx_hal_fdcan.o
 .debug_macro   0x000000000003b18d      0x353 ./Drivers/STM32H7xx_HAL_Driver/stm32h7xx_hal_gpio.o
 .debug_macro   0x000000000003b4e0      0x351 ./Drivers/STM32H7xx_HAL_Driver/stm32h7xx_hal_hsem.o
 .debug_macro   0x000000000003b831      0x39b ./Drivers/STM32H7xx_HAL_Driver/stm32h7xx_hal_mmc.o
 .debug_macro   0x000000000003bbcc      0x34b ./Drivers/STM32H7xx_HAL_Driver/stm32h7xx_hal_pcd.o
 .debug_macro   0x000000000003bf17      0x33f ./Drivers/STM32H7xx_HAL_Driver/stm32h7xx_hal_pcd_ex.o
 .debug_macro   0x000000000003c256      0x378 ./Drivers/STM32H7xx_HAL_Driver/stm32h7xx_hal_pwr_ex.o
 .debug_macro   0x000000000003c5ce      0x363 ./Drivers/STM32H7xx_HAL_Driver/stm32h7xx_hal_qspi.o
 .debug_macro   0x000000000003c931      0x363 ./Drivers/STM32H7xx_HAL_Driver/stm32h7xx_hal_rcc.o
 .debug_macro   0x000000000003cc94      0x35d ./Drivers/STM32H7xx_HAL_Driver/stm32h7xx_hal_rcc_ex.o
 .debug_macro   0x000000000003cff1      0x35c ./Drivers/STM32H7xx_HAL_Driver/stm32h7xx_hal_sai.o
 .debug_macro   0x000000000003d34d      0x33f ./Drivers/STM32H7xx_HAL_Driver/stm32h7xx_hal_sdram.o
 .debug_macro   0x000000000003d68c      0x36a ./Drivers/STM32H7xx_HAL_Driver/stm32h7xx_hal_uart.o
 .debug_macro   0x000000000003d9f6      0x34b ./Drivers/STM32H7xx_HAL_Driver/stm32h7xx_hal_uart_ex.o
 .debug_macro   0x000000000003dd41      0x369 ./Drivers/STM32H7xx_HAL_Driver/stm32h7xx_ll_fmc.o
 .debug_macro   0x000000000003e0aa      0x340 ./Drivers/STM32H7xx_HAL_Driver/stm32h7xx_ll_sdmmc.o
 .debug_macro   0x000000000003e3ea      0x33f ./Drivers/STM32H7xx_HAL_Driver/stm32h7xx_ll_usb.o

.debug_line     0x0000000000000000    0x21579
 .debug_line    0x0000000000000000      0xdab ./Application/User/Core/main.o
 .debug_line    0x0000000000000dab      0xeec ./Application/User/Core/stm32h7xx_hal_msp.o
 .debug_line    0x0000000000001c97      0xa92 ./Application/User/Core/stm32h7xx_it.o
 .debug_line    0x0000000000002729       0x94 ./Application/User/Startup/startup_stm32h745xihx.o
 .debug_line    0x00000000000027bd      0xb1a ./Drivers/CMSIS/system_stm32h7xx_dualcore_boot_cm4_cm7.o
 .debug_line    0x00000000000032d7     0x10db ./Drivers/STM32H7xx_HAL_Driver/stm32h7xx_hal.o
 .debug_line    0x00000000000043b2      0xf8b ./Drivers/STM32H7xx_HAL_Driver/stm32h7xx_hal_cortex.o
 .debug_line    0x000000000000533d     0x1cd8 ./Drivers/STM32H7xx_HAL_Driver/stm32h7xx_hal_eth.o
 .debug_line    0x0000000000007015     0x28db ./Drivers/STM32H7xx_HAL_Driver/stm32h7xx_hal_fdcan.o
 .debug_line    0x00000000000098f0      0xe3e ./Drivers/STM32H7xx_HAL_Driver/stm32h7xx_hal_gpio.o
 .debug_line    0x000000000000a72e      0xb3b ./Drivers/STM32H7xx_HAL_Driver/stm32h7xx_hal_hsem.o
 .debug_line    0x000000000000b269     0x2750 ./Drivers/STM32H7xx_HAL_Driver/stm32h7xx_hal_mmc.o
 .debug_line    0x000000000000d9b9     0x1751 ./Drivers/STM32H7xx_HAL_Driver/stm32h7xx_hal_pcd.o
 .debug_line    0x000000000000f10a      0xb9b ./Drivers/STM32H7xx_HAL_Driver/stm32h7xx_hal_pcd_ex.o
 .debug_line    0x000000000000fca5     0x11a6 ./Drivers/STM32H7xx_HAL_Driver/stm32h7xx_hal_pwr_ex.o
 .debug_line    0x0000000000010e4b     0x15ee ./Drivers/STM32H7xx_HAL_Driver/stm32h7xx_hal_qspi.o
 .debug_line    0x0000000000012439     0x1549 ./Drivers/STM32H7xx_HAL_Driver/stm32h7xx_hal_rcc.o
 .debug_line    0x0000000000013982     0x1e30 ./Drivers/STM32H7xx_HAL_Driver/stm32h7xx_hal_rcc_ex.o
 .debug_line    0x00000000000157b2     0x200f ./Drivers/STM32H7xx_HAL_Driver/stm32h7xx_hal_sai.o
 .debug_line    0x00000000000177c1     0x10b6 ./Drivers/STM32H7xx_HAL_Driver/stm32h7xx_hal_sdram.o
 .debug_line    0x0000000000018877     0x3fd6 ./Drivers/STM32H7xx_HAL_Driver/stm32h7xx_hal_uart.o
 .debug_line    0x000000000001c84d     0x1017 ./Drivers/STM32H7xx_HAL_Driver/stm32h7xx_hal_uart_ex.o
 .debug_line    0x000000000001d864      0xd4b ./Drivers/STM32H7xx_HAL_Driver/stm32h7xx_ll_fmc.o
 .debug_line    0x000000000001e5af     0x12ae ./Drivers/STM32H7xx_HAL_Driver/stm32h7xx_ll_sdmmc.o
 .debug_line    0x000000000001f85d     0x1d1c ./Drivers/STM32H7xx_HAL_Driver/stm32h7xx_ll_usb.o

.debug_str      0x0000000000000000   0x19821c
 .debug_str     0x0000000000000000   0x18e24a ./Application/User/Core/main.o
                                     0x18e90a (size before relaxing)
 .debug_str     0x000000000018e24a      0x55f ./Application/User/Core/stm32h7xx_hal_msp.o
                                     0x18e938 (size before relaxing)
 .debug_str     0x000000000018e7a9      0x100 ./Application/User/Core/stm32h7xx_it.o
                                     0x18c04e (size before relaxing)
 .debug_str     0x000000000018e8a9       0x42 ./Application/User/Startup/startup_stm32h745xihx.o
                                         0x8f (size before relaxing)
 .debug_str     0x000000000018e8eb      0x10b ./Drivers/CMSIS/system_stm32h7xx_dualcore_boot_cm4_cm7.o
                                     0x18bb1e (size before relaxing)
 .debug_str     0x000000000018e9f6     0x1284 ./Drivers/STM32H7xx_HAL_Driver/stm32h7xx_hal.o
                                     0x18ce85 (size before relaxing)
 .debug_str     0x000000000018fc7a      0x381 ./Drivers/STM32H7xx_HAL_Driver/stm32h7xx_hal_cortex.o
                                     0x18c5d3 (size before relaxing)
 .debug_str     0x000000000018fffb     0x1008 ./Drivers/STM32H7xx_HAL_Driver/stm32h7xx_hal_eth.o
                                     0x18d595 (size before relaxing)
 .debug_str     0x0000000000191003     0x1bdc ./Drivers/STM32H7xx_HAL_Driver/stm32h7xx_hal_fdcan.o
                                     0x18da34 (size before relaxing)
 .debug_str     0x0000000000192bdf      0x13c ./Drivers/STM32H7xx_HAL_Driver/stm32h7xx_hal_gpio.o
                                     0x18bd73 (size before relaxing)
 .debug_str     0x0000000000192d1b      0x1d6 ./Drivers/STM32H7xx_HAL_Driver/stm32h7xx_hal_hsem.o
                                     0x18b9fe (size before relaxing)
 .debug_str     0x0000000000192ef1      0xb98 ./Drivers/STM32H7xx_HAL_Driver/stm32h7xx_hal_mmc.o
                                     0x18c7e6 (size before relaxing)
 .debug_str     0x0000000000193a89      0x838 ./Drivers/STM32H7xx_HAL_Driver/stm32h7xx_hal_pcd.o
                                     0x18c4b1 (size before relaxing)
 .debug_str     0x00000000001942c1      0x1a7 ./Drivers/STM32H7xx_HAL_Driver/stm32h7xx_hal_pcd_ex.o
                                     0x18be4f (size before relaxing)
 .debug_str     0x0000000000194468      0x69e ./Drivers/STM32H7xx_HAL_Driver/stm32h7xx_hal_pwr_ex.o
                                     0x18c1c9 (size before relaxing)
 .debug_str     0x0000000000194b06      0x6dc ./Drivers/STM32H7xx_HAL_Driver/stm32h7xx_hal_qspi.o
                                     0x18c457 (size before relaxing)
 .debug_str     0x00000000001951e2      0x525 ./Drivers/STM32H7xx_HAL_Driver/stm32h7xx_hal_rcc.o
                                     0x18c0f4 (size before relaxing)
 .debug_str     0x0000000000195707      0x687 ./Drivers/STM32H7xx_HAL_Driver/stm32h7xx_hal_rcc_ex.o
                                     0x18c629 (size before relaxing)
 .debug_str     0x0000000000195d8e      0x4dc ./Drivers/STM32H7xx_HAL_Driver/stm32h7xx_hal_sai.o
                                     0x18c3a4 (size before relaxing)
 .debug_str     0x000000000019626a      0x3f5 ./Drivers/STM32H7xx_HAL_Driver/stm32h7xx_hal_sdram.o
                                     0x18c1cb (size before relaxing)
 .debug_str     0x000000000019665f      0xa52 ./Drivers/STM32H7xx_HAL_Driver/stm32h7xx_hal_uart.o
                                     0x18cc22 (size before relaxing)
 .debug_str     0x00000000001970b1      0x294 ./Drivers/STM32H7xx_HAL_Driver/stm32h7xx_hal_uart_ex.o
                                     0x18c1e2 (size before relaxing)
 .debug_str     0x0000000000197345      0x77b ./Drivers/STM32H7xx_HAL_Driver/stm32h7xx_ll_fmc.o
                                     0x18c27b (size before relaxing)
 .debug_str     0x0000000000197ac0      0x2d1 ./Drivers/STM32H7xx_HAL_Driver/stm32h7xx_ll_sdmmc.o
                                     0x18be96 (size before relaxing)
 .debug_str     0x0000000000197d91      0x48b ./Drivers/STM32H7xx_HAL_Driver/stm32h7xx_ll_usb.o
                                     0x18c35a (size before relaxing)

.comment        0x0000000000000000       0x50
 .comment       0x0000000000000000       0x50 ./Application/User/Core/main.o
                                         0x51 (size before relaxing)
 .comment       0x0000000000000050       0x51 ./Application/User/Core/stm32h7xx_hal_msp.o
 .comment       0x0000000000000050       0x51 ./Application/User/Core/stm32h7xx_it.o
 .comment       0x0000000000000050       0x51 ./Drivers/CMSIS/system_stm32h7xx_dualcore_boot_cm4_cm7.o
 .comment       0x0000000000000050       0x51 ./Drivers/STM32H7xx_HAL_Driver/stm32h7xx_hal.o
 .comment       0x0000000000000050       0x51 ./Drivers/STM32H7xx_HAL_Driver/stm32h7xx_hal_cortex.o
 .comment       0x0000000000000050       0x51 ./Drivers/STM32H7xx_HAL_Driver/stm32h7xx_hal_eth.o
 .comment       0x0000000000000050       0x51 ./Drivers/STM32H7xx_HAL_Driver/stm32h7xx_hal_fdcan.o
 .comment       0x0000000000000050       0x51 ./Drivers/STM32H7xx_HAL_Driver/stm32h7xx_hal_gpio.o
 .comment       0x0000000000000050       0x51 ./Drivers/STM32H7xx_HAL_Driver/stm32h7xx_hal_hsem.o
 .comment       0x0000000000000050       0x51 ./Drivers/STM32H7xx_HAL_Driver/stm32h7xx_hal_mmc.o
 .comment       0x0000000000000050       0x51 ./Drivers/STM32H7xx_HAL_Driver/stm32h7xx_hal_pcd.o
 .comment       0x0000000000000050       0x51 ./Drivers/STM32H7xx_HAL_Driver/stm32h7xx_hal_pcd_ex.o
 .comment       0x0000000000000050       0x51 ./Drivers/STM32H7xx_HAL_Driver/stm32h7xx_hal_pwr_ex.o
 .comment       0x0000000000000050       0x51 ./Drivers/STM32H7xx_HAL_Driver/stm32h7xx_hal_qspi.o
 .comment       0x0000000000000050       0x51 ./Drivers/STM32H7xx_HAL_Driver/stm32h7xx_hal_rcc.o
 .comment       0x0000000000000050       0x51 ./Drivers/STM32H7xx_HAL_Driver/stm32h7xx_hal_rcc_ex.o
 .comment       0x0000000000000050       0x51 ./Drivers/STM32H7xx_HAL_Driver/stm32h7xx_hal_sai.o
 .comment       0x0000000000000050       0x51 ./Drivers/STM32H7xx_HAL_Driver/stm32h7xx_hal_sdram.o
 .comment       0x0000000000000050       0x51 ./Drivers/STM32H7xx_HAL_Driver/stm32h7xx_hal_uart.o
 .comment       0x0000000000000050       0x51 ./Drivers/STM32H7xx_HAL_Driver/stm32h7xx_hal_uart_ex.o
 .comment       0x0000000000000050       0x51 ./Drivers/STM32H7xx_HAL_Driver/stm32h7xx_ll_fmc.o
 .comment       0x0000000000000050       0x51 ./Drivers/STM32H7xx_HAL_Driver/stm32h7xx_ll_sdmmc.o
 .comment       0x0000000000000050       0x51 ./Drivers/STM32H7xx_HAL_Driver/stm32h7xx_ll_usb.o

.debug_frame    0x0000000000000000     0x7960
 .debug_frame   0x0000000000000000      0x170 ./Application/User/Core/main.o
 .debug_frame   0x0000000000000170      0x2d8 ./Application/User/Core/stm32h7xx_hal_msp.o
 .debug_frame   0x0000000000000448      0x104 ./Application/User/Core/stm32h7xx_it.o
 .debug_frame   0x000000000000054c       0x58 ./Drivers/CMSIS/system_stm32h7xx_dualcore_boot_cm4_cm7.o
 .debug_frame   0x00000000000005a4      0x848 ./Drivers/STM32H7xx_HAL_Driver/stm32h7xx_hal.o
 .debug_frame   0x0000000000000dec      0x4b8 ./Drivers/STM32H7xx_HAL_Driver/stm32h7xx_hal_cortex.o
 .debug_frame   0x00000000000012a4      0x898 ./Drivers/STM32H7xx_HAL_Driver/stm32h7xx_hal_eth.o
 .debug_frame   0x0000000000001b3c      0xf9c ./Drivers/STM32H7xx_HAL_Driver/stm32h7xx_hal_fdcan.o
 .debug_frame   0x0000000000002ad8      0x14c ./Drivers/STM32H7xx_HAL_Driver/stm32h7xx_hal_gpio.o
 .debug_frame   0x0000000000002c24      0x1bc ./Drivers/STM32H7xx_HAL_Driver/stm32h7xx_hal_hsem.o
 .debug_frame   0x0000000000002de0      0x73c ./Drivers/STM32H7xx_HAL_Driver/stm32h7xx_hal_mmc.o
 .debug_frame   0x000000000000351c      0x594 ./Drivers/STM32H7xx_HAL_Driver/stm32h7xx_hal_pcd.o
 .debug_frame   0x0000000000003ab0      0x174 ./Drivers/STM32H7xx_HAL_Driver/stm32h7xx_hal_pcd_ex.o
 .debug_frame   0x0000000000003c24      0x5ec ./Drivers/STM32H7xx_HAL_Driver/stm32h7xx_hal_pwr_ex.o
 .debug_frame   0x0000000000004210      0x5ec ./Drivers/STM32H7xx_HAL_Driver/stm32h7xx_hal_qspi.o
 .debug_frame   0x00000000000047fc      0x1f8 ./Drivers/STM32H7xx_HAL_Driver/stm32h7xx_hal_rcc.o
 .debug_frame   0x00000000000049f4      0x43c ./Drivers/STM32H7xx_HAL_Driver/stm32h7xx_hal_rcc_ex.o
 .debug_frame   0x0000000000004e30      0x69c ./Drivers/STM32H7xx_HAL_Driver/stm32h7xx_hal_sai.o
 .debug_frame   0x00000000000054cc      0x3f0 ./Drivers/STM32H7xx_HAL_Driver/stm32h7xx_hal_sdram.o
 .debug_frame   0x00000000000058bc      0xa94 ./Drivers/STM32H7xx_HAL_Driver/stm32h7xx_hal_uart.o
 .debug_frame   0x0000000000006350      0x2c0 ./Drivers/STM32H7xx_HAL_Driver/stm32h7xx_hal_uart_ex.o
 .debug_frame   0x0000000000006610      0x37c ./Drivers/STM32H7xx_HAL_Driver/stm32h7xx_ll_fmc.o
 .debug_frame   0x000000000000698c      0x740 ./Drivers/STM32H7xx_HAL_Driver/stm32h7xx_ll_sdmmc.o
 .debug_frame   0x00000000000070cc      0x7c0 ./Drivers/STM32H7xx_HAL_Driver/stm32h7xx_ll_usb.o
 .debug_frame   0x000000000000788c       0x2c c:/st/stm32cubeide_1.11.0/stm32cubeide/plugins/com.st.stm32cube.ide.mcu.externaltools.gnu-tools-for-stm32.10.3-2021.10.win32_1.0.100.202210260954/tools/bin/../lib/gcc/arm-none-eabi/10.3.1/../../../../arm-none-eabi/lib/thumb/v7e-m+fp/hard\libc_nano.a(lib_a-init.o)
 .debug_frame   0x00000000000078b8       0x28 c:/st/stm32cubeide_1.11.0/stm32cubeide/plugins/com.st.stm32cube.ide.mcu.externaltools.gnu-tools-for-stm32.10.3-2021.10.win32_1.0.100.202210260954/tools/bin/../lib/gcc/arm-none-eabi/10.3.1/../../../../arm-none-eabi/lib/thumb/v7e-m+fp/hard\libc_nano.a(lib_a-memcpy-stub.o)
 .debug_frame   0x00000000000078e0       0x20 c:/st/stm32cubeide_1.11.0/stm32cubeide/plugins/com.st.stm32cube.ide.mcu.externaltools.gnu-tools-for-stm32.10.3-2021.10.win32_1.0.100.202210260954/tools/bin/../lib/gcc/arm-none-eabi/10.3.1/../../../../arm-none-eabi/lib/thumb/v7e-m+fp/hard\libc_nano.a(lib_a-memset.o)
 .debug_frame   0x0000000000007900       0x2c c:/st/stm32cubeide_1.11.0/stm32cubeide/plugins/com.st.stm32cube.ide.mcu.externaltools.gnu-tools-for-stm32.10.3-2021.10.win32_1.0.100.202210260954/tools/bin/../lib/gcc/arm-none-eabi/10.3.1/thumb/v7e-m+fp/hard\libgcc.a(_aeabi_uldivmod.o)
 .debug_frame   0x000000000000792c       0x34 c:/st/stm32cubeide_1.11.0/stm32cubeide/plugins/com.st.stm32cube.ide.mcu.externaltools.gnu-tools-for-stm32.10.3-2021.10.win32_1.0.100.202210260954/tools/bin/../lib/gcc/arm-none-eabi/10.3.1/thumb/v7e-m+fp/hard\libgcc.a(_udivmoddi4.o)