10:05:10 **** Incremental Build of configuration Debug for project JAN_24_CM7 ****
make -j4 all 
arm-none-eabi-gcc "C:/Users/joepe/STM32CubeIDE/workspace_1.11.0_2/JAN_24/CM7/Core/Src/main.c" -mcpu=cortex-m7 -std=gnu11 -g3 -DDEBUG -DCORE_CM7 -DUSE_HAL_DRIVER -DSTM32H745xx -c -I../../../CM7/Core/Inc -I../../../Drivers/STM32H7xx_HAL_Driver/Inc -I../../../Drivers/STM32H7xx_HAL_Driver/Inc/Legacy -I../../../Drivers/CMSIS/Device/ST/STM32H7xx/Include -I../../../Drivers/CMSIS/Include -O0 -ffunction-sections -fdata-sections -Wall -fstack-usage -MMD -MP -MF"Application/User/Core/main.d" -MT"Application/User/Core/main.o" --specs=nano.specs -mfpu=fpv5-d16 -mfloat-abi=hard -mthumb -o "Application/User/Core/main.o"
C:/Users/joepe/STM32CubeIDE/workspace_1.11.0_2/JAN_24/CM7/Core/Src/main.c: In function 'main':
C:/Users/joepe/STM32CubeIDE/workspace_1.11.0_2/JAN_24/CM7/Core/Src/main.c:237:27: warning: passing argument 2 of 'HAL_SPI_Transmit' from incompatible pointer type [-Wincompatible-pointer-types]
  237 |   HAL_SPI_Transmit(&hspi2,(uint16_t *)&writeBuf1,1,100);
      |                           ^~~~~~~~~~~~~~~~~~~~~~
      |                           |
      |                           uint16_t * {aka short unsigned int *}
In file included from ../../../CM7/Core/Inc/stm32h7xx_hal_conf.h:442,
                 from ../../../Drivers/STM32H7xx_HAL_Driver/Inc/stm32h7xx_hal.h:29,
                 from ../../../CM7/Core/Inc/main.h:30,
                 from C:/Users/joepe/STM32CubeIDE/workspace_1.11.0_2/JAN_24/CM7/Core/Src/main.c:37:
../../../Drivers/STM32H7xx_HAL_Driver/Inc/stm32h7xx_hal_spi.h:865:76: note: expected 'const uint8_t *' {aka 'const unsigned char *'} but argument is of type 'uint16_t *' {aka 'short unsigned int *'}
  865 | HAL_StatusTypeDef HAL_SPI_Transmit(SPI_HandleTypeDef *hspi, const uint8_t *pData, uint16_t Size, uint32_t Timeout);
      |                                                             ~~~~~~~~~~~~~~~^~~~~
C:/Users/joepe/STM32CubeIDE/workspace_1.11.0_2/JAN_24/CM7/Core/Src/main.c:240:27: warning: passing argument 2 of 'HAL_SPI_Transmit' from incompatible pointer type [-Wincompatible-pointer-types]
  240 |   HAL_SPI_Transmit(&hspi2,(uint16_t *)&writeBuf2,1,100);
      |                           ^~~~~~~~~~~~~~~~~~~~~~
      |                           |
      |                           uint16_t * {aka short unsigned int *}
In file included from ../../../CM7/Core/Inc/stm32h7xx_hal_conf.h:442,
                 from ../../../Drivers/STM32H7xx_HAL_Driver/Inc/stm32h7xx_hal.h:29,
                 from ../../../CM7/Core/Inc/main.h:30,
                 from C:/Users/joepe/STM32CubeIDE/workspace_1.11.0_2/JAN_24/CM7/Core/Src/main.c:37:
../../../Drivers/STM32H7xx_HAL_Driver/Inc/stm32h7xx_hal_spi.h:865:76: note: expected 'const uint8_t *' {aka 'const unsigned char *'} but argument is of type 'uint16_t *' {aka 'short unsigned int *'}
  865 | HAL_StatusTypeDef HAL_SPI_Transmit(SPI_HandleTypeDef *hspi, const uint8_t *pData, uint16_t Size, uint32_t Timeout);
      |                                                             ~~~~~~~~~~~~~~~^~~~~
C:/Users/joepe/STM32CubeIDE/workspace_1.11.0_2/JAN_24/CM7/Core/Src/main.c:243:27: warning: passing argument 2 of 'HAL_SPI_Transmit' from incompatible pointer type [-Wincompatible-pointer-types]
  243 |   HAL_SPI_Transmit(&hspi2,(uint16_t *)&writeBuf3,1,100);
      |                           ^~~~~~~~~~~~~~~~~~~~~~
      |                           |
      |                           uint16_t * {aka short unsigned int *}
In file included from ../../../CM7/Core/Inc/stm32h7xx_hal_conf.h:442,
                 from ../../../Drivers/STM32H7xx_HAL_Driver/Inc/stm32h7xx_hal.h:29,
                 from ../../../CM7/Core/Inc/main.h:30,
                 from C:/Users/joepe/STM32CubeIDE/workspace_1.11.0_2/JAN_24/CM7/Core/Src/main.c:37:
../../../Drivers/STM32H7xx_HAL_Driver/Inc/stm32h7xx_hal_spi.h:865:76: note: expected 'const uint8_t *' {aka 'const unsigned char *'} but argument is of type 'uint16_t *' {aka 'short unsigned int *'}
  865 | HAL_StatusTypeDef HAL_SPI_Transmit(SPI_HandleTypeDef *hspi, const uint8_t *pData, uint16_t Size, uint32_t Timeout);
      |                                                             ~~~~~~~~~~~~~~~^~~~~
C:/Users/joepe/STM32CubeIDE/workspace_1.11.0_2/JAN_24/CM7/Core/Src/main.c:246:27: warning: passing argument 2 of 'HAL_SPI_Transmit' from incompatible pointer type [-Wincompatible-pointer-types]
  246 |   HAL_SPI_Transmit(&hspi2,(uint16_t *)&writeBuf4,1,100);
      |                           ^~~~~~~~~~~~~~~~~~~~~~
      |                           |
      |                           uint16_t * {aka short unsigned int *}
In file included from ../../../CM7/Core/Inc/stm32h7xx_hal_conf.h:442,
                 from ../../../Drivers/STM32H7xx_HAL_Driver/Inc/stm32h7xx_hal.h:29,
                 from ../../../CM7/Core/Inc/main.h:30,
                 from C:/Users/joepe/STM32CubeIDE/workspace_1.11.0_2/JAN_24/CM7/Core/Src/main.c:37:
../../../Drivers/STM32H7xx_HAL_Driver/Inc/stm32h7xx_hal_spi.h:865:76: note: expected 'const uint8_t *' {aka 'const unsigned char *'} but argument is of type 'uint16_t *' {aka 'short unsigned int *'}
  865 | HAL_StatusTypeDef HAL_SPI_Transmit(SPI_HandleTypeDef *hspi, const uint8_t *pData, uint16_t Size, uint32_t Timeout);
      |                                                             ~~~~~~~~~~~~~~~^~~~~
C:/Users/joepe/STM32CubeIDE/workspace_1.11.0_2/JAN_24/CM7/Core/Src/main.c:249:27: warning: passing argument 2 of 'HAL_SPI_Transmit' from incompatible pointer type [-Wincompatible-pointer-types]
  249 |   HAL_SPI_Transmit(&hspi2,(uint16_t *)&writeBuf5,1,100);
      |                           ^~~~~~~~~~~~~~~~~~~~~~
      |                           |
      |                           uint16_t * {aka short unsigned int *}
In file included from ../../../CM7/Core/Inc/stm32h7xx_hal_conf.h:442,
                 from ../../../Drivers/STM32H7xx_HAL_Driver/Inc/stm32h7xx_hal.h:29,
                 from ../../../CM7/Core/Inc/main.h:30,
                 from C:/Users/joepe/STM32CubeIDE/workspace_1.11.0_2/JAN_24/CM7/Core/Src/main.c:37:
../../../Drivers/STM32H7xx_HAL_Driver/Inc/stm32h7xx_hal_spi.h:865:76: note: expected 'const uint8_t *' {aka 'const unsigned char *'} but argument is of type 'uint16_t *' {aka 'short unsigned int *'}
  865 | HAL_StatusTypeDef HAL_SPI_Transmit(SPI_HandleTypeDef *hspi, const uint8_t *pData, uint16_t Size, uint32_t Timeout);
      |                                                             ~~~~~~~~~~~~~~~^~~~~
C:/Users/joepe/STM32CubeIDE/workspace_1.11.0_2/JAN_24/CM7/Core/Src/main.c:252:27: warning: passing argument 2 of 'HAL_SPI_Transmit' from incompatible pointer type [-Wincompatible-pointer-types]
  252 |   HAL_SPI_Transmit(&hspi2,(uint16_t *)&writeBuf6,1,100);
      |                           ^~~~~~~~~~~~~~~~~~~~~~
      |                           |
      |                           uint16_t * {aka short unsigned int *}
In file included from ../../../CM7/Core/Inc/stm32h7xx_hal_conf.h:442,
                 from ../../../Drivers/STM32H7xx_HAL_Driver/Inc/stm32h7xx_hal.h:29,
                 from ../../../CM7/Core/Inc/main.h:30,
                 from C:/Users/joepe/STM32CubeIDE/workspace_1.11.0_2/JAN_24/CM7/Core/Src/main.c:37:
../../../Drivers/STM32H7xx_HAL_Driver/Inc/stm32h7xx_hal_spi.h:865:76: note: expected 'const uint8_t *' {aka 'const unsigned char *'} but argument is of type 'uint16_t *' {aka 'short unsigned int *'}
  865 | HAL_StatusTypeDef HAL_SPI_Transmit(SPI_HandleTypeDef *hspi, const uint8_t *pData, uint16_t Size, uint32_t Timeout);
      |                                                             ~~~~~~~~~~~~~~~^~~~~
C:/Users/joepe/STM32CubeIDE/workspace_1.11.0_2/JAN_24/CM7/Core/Src/main.c:284:33: warning: passing argument 2 of 'HAL_SPI_Receive' from incompatible pointer type [-Wincompatible-pointer-types]
  284 |         HAL_SPI_Receive(&hspi2, &spi_destroy_buf, 1, 100); //ADC needs this clock to convert analog value to Digital
      |                                 ^~~~~~~~~~~~~~~~
      |                                 |
      |                                 uint16_t * {aka short unsigned int *}
In file included from ../../../CM7/Core/Inc/stm32h7xx_hal_conf.h:442,
                 from ../../../Drivers/STM32H7xx_HAL_Driver/Inc/stm32h7xx_hal.h:29,
                 from ../../../CM7/Core/Inc/main.h:30,
                 from C:/Users/joepe/STM32CubeIDE/workspace_1.11.0_2/JAN_24/CM7/Core/Src/main.c:37:
../../../Drivers/STM32H7xx_HAL_Driver/Inc/stm32h7xx_hal_spi.h:866:69: note: expected 'uint8_t *' {aka 'unsigned char *'} but argument is of type 'uint16_t *' {aka 'short unsigned int *'}
  866 | HAL_StatusTypeDef HAL_SPI_Receive(SPI_HandleTypeDef *hspi, uint8_t *pData, uint16_t Size, uint32_t Timeout);
      |                                                            ~~~~~~~~~^~~~~
C:/Users/joepe/STM32CubeIDE/workspace_1.11.0_2/JAN_24/CM7/Core/Src/main.c:286:33: warning: passing argument 2 of 'HAL_SPI_Receive' from incompatible pointer type [-Wincompatible-pointer-types]
  286 |         HAL_SPI_Receive(&hspi2, &spi_read_buf, 1, 100); // Read digital value from ADC
      |                                 ^~~~~~~~~~~~~
      |                                 |
      |                                 uint16_t * {aka short unsigned int *}
In file included from ../../../CM7/Core/Inc/stm32h7xx_hal_conf.h:442,
                 from ../../../Drivers/STM32H7xx_HAL_Driver/Inc/stm32h7xx_hal.h:29,
                 from ../../../CM7/Core/Inc/main.h:30,
                 from C:/Users/joepe/STM32CubeIDE/workspace_1.11.0_2/JAN_24/CM7/Core/Src/main.c:37:
../../../Drivers/STM32H7xx_HAL_Driver/Inc/stm32h7xx_hal_spi.h:866:69: note: expected 'uint8_t *' {aka 'unsigned char *'} but argument is of type 'uint16_t *' {aka 'short unsigned int *'}
  866 | HAL_StatusTypeDef HAL_SPI_Receive(SPI_HandleTypeDef *hspi, uint8_t *pData, uint16_t Size, uint32_t Timeout);
      |                                                            ~~~~~~~~~^~~~~
C:/Users/joepe/STM32CubeIDE/workspace_1.11.0_2/JAN_24/CM7/Core/Src/main.c:345:7: warning: implicit declaration of function 'strcat' [-Wimplicit-function-declaration]
  345 |       strcat(uart_buf, num); // concatenate string with current number
      |       ^~~~~~
C:/Users/joepe/STM32CubeIDE/workspace_1.11.0_2/JAN_24/CM7/Core/Src/main.c:345:7: warning: incompatible implicit declaration of built-in function 'strcat'
C:/Users/joepe/STM32CubeIDE/workspace_1.11.0_2/JAN_24/CM7/Core/Src/main.c:46:1: note: include '<string.h>' or provide a declaration of 'strcat'
   45 | #include <stdlib.h>
  +++ |+#include <string.h>
   46 | /* USER CODE END Includes */
C:/Users/joepe/STM32CubeIDE/workspace_1.11.0_2/JAN_24/CM7/Core/Src/main.c:356:21: warning: implicit declaration of function 'strlen' [-Wimplicit-function-declaration]
  356 |      uart_buf_len = strlen(uart_buf);//sprintf(uart_buf, "%d", ADCData[127]);
      |                     ^~~~~~
C:/Users/joepe/STM32CubeIDE/workspace_1.11.0_2/JAN_24/CM7/Core/Src/main.c:356:21: warning: incompatible implicit declaration of built-in function 'strlen'
C:/Users/joepe/STM32CubeIDE/workspace_1.11.0_2/JAN_24/CM7/Core/Src/main.c:356:21: note: include '<string.h>' or provide a declaration of 'strlen'
C:/Users/joepe/STM32CubeIDE/workspace_1.11.0_2/JAN_24/CM7/Core/Src/main.c:358:6: warning: implicit declaration of function 'memset' [-Wimplicit-function-declaration]
  358 |      memset(uart_buf,0,uart_buf_len);
      |      ^~~~~~
C:/Users/joepe/STM32CubeIDE/workspace_1.11.0_2/JAN_24/CM7/Core/Src/main.c:358:6: warning: incompatible implicit declaration of built-in function 'memset'
C:/Users/joepe/STM32CubeIDE/workspace_1.11.0_2/JAN_24/CM7/Core/Src/main.c:358:6: note: include '<string.h>' or provide a declaration of 'memset'
C:/Users/joepe/STM32CubeIDE/workspace_1.11.0_2/JAN_24/CM7/Core/Src/main.c:451:32: warning: passing argument 2 of 'HAL_SPI_Transmit' from incompatible pointer type [-Wincompatible-pointer-types]
  451 |        HAL_SPI_Transmit(&hspi2,(uint16_t *)&writeBuf1,1,100);
      |                                ^~~~~~~~~~~~~~~~~~~~~~
      |                                |
      |                                uint16_t * {aka short unsigned int *}
In file included from ../../../CM7/Core/Inc/stm32h7xx_hal_conf.h:442,
                 from ../../../Drivers/STM32H7xx_HAL_Driver/Inc/stm32h7xx_hal.h:29,
                 from ../../../CM7/Core/Inc/main.h:30,
                 from C:/Users/joepe/STM32CubeIDE/workspace_1.11.0_2/JAN_24/CM7/Core/Src/main.c:37:
../../../Drivers/STM32H7xx_HAL_Driver/Inc/stm32h7xx_hal_spi.h:865:76: note: expected 'const uint8_t *' {aka 'const unsigned char *'} but argument is of type 'uint16_t *' {aka 'short unsigned int *'}
  865 | HAL_StatusTypeDef HAL_SPI_Transmit(SPI_HandleTypeDef *hspi, const uint8_t *pData, uint16_t Size, uint32_t Timeout);
      |                                                             ~~~~~~~~~~~~~~~^~~~~
C:/Users/joepe/STM32CubeIDE/workspace_1.11.0_2/JAN_24/CM7/Core/Src/main.c:454:32: warning: passing argument 2 of 'HAL_SPI_Transmit' from incompatible pointer type [-Wincompatible-pointer-types]
  454 |        HAL_SPI_Transmit(&hspi2,(uint16_t *)&writeBuf2,1,100);
      |                                ^~~~~~~~~~~~~~~~~~~~~~
      |                                |
      |                                uint16_t * {aka short unsigned int *}
In file included from ../../../CM7/Core/Inc/stm32h7xx_hal_conf.h:442,
                 from ../../../Drivers/STM32H7xx_HAL_Driver/Inc/stm32h7xx_hal.h:29,
                 from ../../../CM7/Core/Inc/main.h:30,
                 from C:/Users/joepe/STM32CubeIDE/workspace_1.11.0_2/JAN_24/CM7/Core/Src/main.c:37:
../../../Drivers/STM32H7xx_HAL_Driver/Inc/stm32h7xx_hal_spi.h:865:76: note: expected 'const uint8_t *' {aka 'const unsigned char *'} but argument is of type 'uint16_t *' {aka 'short unsigned int *'}
  865 | HAL_StatusTypeDef HAL_SPI_Transmit(SPI_HandleTypeDef *hspi, const uint8_t *pData, uint16_t Size, uint32_t Timeout);
      |                                                             ~~~~~~~~~~~~~~~^~~~~
C:/Users/joepe/STM32CubeIDE/workspace_1.11.0_2/JAN_24/CM7/Core/Src/main.c:457:32: warning: passing argument 2 of 'HAL_SPI_Transmit' from incompatible pointer type [-Wincompatible-pointer-types]
  457 |        HAL_SPI_Transmit(&hspi2,(uint16_t *)&writeBuf3,1,100);
      |                                ^~~~~~~~~~~~~~~~~~~~~~
      |                                |
      |                                uint16_t * {aka short unsigned int *}
In file included from ../../../CM7/Core/Inc/stm32h7xx_hal_conf.h:442,
                 from ../../../Drivers/STM32H7xx_HAL_Driver/Inc/stm32h7xx_hal.h:29,
                 from ../../../CM7/Core/Inc/main.h:30,
                 from C:/Users/joepe/STM32CubeIDE/workspace_1.11.0_2/JAN_24/CM7/Core/Src/main.c:37:
../../../Drivers/STM32H7xx_HAL_Driver/Inc/stm32h7xx_hal_spi.h:865:76: note: expected 'const uint8_t *' {aka 'const unsigned char *'} but argument is of type 'uint16_t *' {aka 'short unsigned int *'}
  865 | HAL_StatusTypeDef HAL_SPI_Transmit(SPI_HandleTypeDef *hspi, const uint8_t *pData, uint16_t Size, uint32_t Timeout);
      |                                                             ~~~~~~~~~~~~~~~^~~~~
C:/Users/joepe/STM32CubeIDE/workspace_1.11.0_2/JAN_24/CM7/Core/Src/main.c:460:32: warning: passing argument 2 of 'HAL_SPI_Transmit' from incompatible pointer type [-Wincompatible-pointer-types]
  460 |        HAL_SPI_Transmit(&hspi2,(uint16_t *)&writeBuf4,1,100);
      |                                ^~~~~~~~~~~~~~~~~~~~~~
      |                                |
      |                                uint16_t * {aka short unsigned int *}
In file included from ../../../CM7/Core/Inc/stm32h7xx_hal_conf.h:442,
                 from ../../../Drivers/STM32H7xx_HAL_Driver/Inc/stm32h7xx_hal.h:29,
                 from ../../../CM7/Core/Inc/main.h:30,
                 from C:/Users/joepe/STM32CubeIDE/workspace_1.11.0_2/JAN_24/CM7/Core/Src/main.c:37:
../../../Drivers/STM32H7xx_HAL_Driver/Inc/stm32h7xx_hal_spi.h:865:76: note: expected 'const uint8_t *' {aka 'const unsigned char *'} but argument is of type 'uint16_t *' {aka 'short unsigned int *'}
  865 | HAL_StatusTypeDef HAL_SPI_Transmit(SPI_HandleTypeDef *hspi, const uint8_t *pData, uint16_t Size, uint32_t Timeout);
      |                                                             ~~~~~~~~~~~~~~~^~~~~
C:/Users/joepe/STM32CubeIDE/workspace_1.11.0_2/JAN_24/CM7/Core/Src/main.c:463:32: warning: passing argument 2 of 'HAL_SPI_Transmit' from incompatible pointer type [-Wincompatible-pointer-types]
  463 |        HAL_SPI_Transmit(&hspi2,(uint16_t *)&writeBuf5,1,100);
      |                                ^~~~~~~~~~~~~~~~~~~~~~
      |                                |
      |                                uint16_t * {aka short unsigned int *}
In file included from ../../../CM7/Core/Inc/stm32h7xx_hal_conf.h:442,
                 from ../../../Drivers/STM32H7xx_HAL_Driver/Inc/stm32h7xx_hal.h:29,
                 from ../../../CM7/Core/Inc/main.h:30,
                 from C:/Users/joepe/STM32CubeIDE/workspace_1.11.0_2/JAN_24/CM7/Core/Src/main.c:37:
../../../Drivers/STM32H7xx_HAL_Driver/Inc/stm32h7xx_hal_spi.h:865:76: note: expected 'const uint8_t *' {aka 'const unsigned char *'} but argument is of type 'uint16_t *' {aka 'short unsigned int *'}
  865 | HAL_StatusTypeDef HAL_SPI_Transmit(SPI_HandleTypeDef *hspi, const uint8_t *pData, uint16_t Size, uint32_t Timeout);
      |                                                             ~~~~~~~~~~~~~~~^~~~~
C:/Users/joepe/STM32CubeIDE/workspace_1.11.0_2/JAN_24/CM7/Core/Src/main.c:466:32: warning: passing argument 2 of 'HAL_SPI_Transmit' from incompatible pointer type [-Wincompatible-pointer-types]
  466 |        HAL_SPI_Transmit(&hspi2,(uint16_t *)&writeBuf6,1,100);
      |                                ^~~~~~~~~~~~~~~~~~~~~~
      |                                |
      |                                uint16_t * {aka short unsigned int *}
In file included from ../../../CM7/Core/Inc/stm32h7xx_hal_conf.h:442,
                 from ../../../Drivers/STM32H7xx_HAL_Driver/Inc/stm32h7xx_hal.h:29,
                 from ../../../CM7/Core/Inc/main.h:30,
                 from C:/Users/joepe/STM32CubeIDE/workspace_1.11.0_2/JAN_24/CM7/Core/Src/main.c:37:
../../../Drivers/STM32H7xx_HAL_Driver/Inc/stm32h7xx_hal_spi.h:865:76: note: expected 'const uint8_t *' {aka 'const unsigned char *'} but argument is of type 'uint16_t *' {aka 'short unsigned int *'}
  865 | HAL_StatusTypeDef HAL_SPI_Transmit(SPI_HandleTypeDef *hspi, const uint8_t *pData, uint16_t Size, uint32_t Timeout);
      |                                                             ~~~~~~~~~~~~~~~^~~~~
arm-none-eabi-gcc -o "JAN_24_CM7.elf" @"objects.list"   -mcpu=cortex-m7 -T"C:\Users\joepe\STM32CubeIDE\workspace_1.11.0_2\JAN_24\STM32CubeIDE\CM7\STM32H745XIHX_FLASH.ld" --specs=nosys.specs -Wl,-Map="JAN_24_CM7.map" -Wl,--gc-sections -static --specs=nano.specs -mfpu=fpv5-d16 -mfloat-abi=hard -mthumb -Wl,--start-group -lc -lm -Wl,--end-group
Finished building target: JAN_24_CM7.elf
 
arm-none-eabi-size   JAN_24_CM7.elf 
arm-none-eabi-objdump -h -S  JAN_24_CM7.elf  > "JAN_24_CM7.list"
   text	   data	    bss	    dec	    hex	filename
  56160	    128	   2544	  58832	   e5d0	JAN_24_CM7.elf
Finished building: default.size.stdout
 
Finished building: JAN_24_CM7.list
 
10:05:41 **** Incremental Build of configuration Debug for project JAN_24_CM4 ****
make -j4 all 
arm-none-eabi-size   JAN_24_CM4.elf 
   text	   data	    bss	    dec	    hex	filename
   3184	     24	   1568	   4776	   12a8	JAN_24_CM4.elf
Finished building: default.size.stdout
 
10:05:42 **** Incremental Build of configuration Debug for project JAN_24_CM7 ****
make -j4 all 
arm-none-eabi-size   JAN_24_CM7.elf 
   text	   data	    bss	    dec	    hex	filename
  56160	    128	   2544	  58832	   e5d0	JAN_24_CM7.elf
Finished building: default.size.stdout
 
10:10:17 **** Incremental Build of configuration Debug for project JAN_24_CM4 ****
make -j4 all 
arm-none-eabi-size   JAN_24_CM4.elf 
   text	   data	    bss	    dec	    hex	filename
   3184	     24	   1568	   4776	   12a8	JAN_24_CM4.elf
Finished building: default.size.stdout
 
10:10:19 **** Incremental Build of configuration Debug for project JAN_24_CM7 ****
make -j4 all 
arm-none-eabi-gcc "C:/Users/joepe/STM32CubeIDE/workspace_1.11.0_2/JAN_24/CM7/Core/Src/main.c" -mcpu=cortex-m7 -std=gnu11 -g3 -DDEBUG -DCORE_CM7 -DUSE_HAL_DRIVER -DSTM32H745xx -c -I../../../CM7/Core/Inc -I../../../Drivers/STM32H7xx_HAL_Driver/Inc -I../../../Drivers/STM32H7xx_HAL_Driver/Inc/Legacy -I../../../Drivers/CMSIS/Device/ST/STM32H7xx/Include -I../../../Drivers/CMSIS/Include -O0 -ffunction-sections -fdata-sections -Wall -fstack-usage -MMD -MP -MF"Application/User/Core/main.d" -MT"Application/User/Core/main.o" --specs=nano.specs -mfpu=fpv5-d16 -mfloat-abi=hard -mthumb -o "Application/User/Core/main.o"
C:/Users/joepe/STM32CubeIDE/workspace_1.11.0_2/JAN_24/CM7/Core/Src/main.c: In function 'main':
C:/Users/joepe/STM32CubeIDE/workspace_1.11.0_2/JAN_24/CM7/Core/Src/main.c:237:27: warning: passing argument 2 of 'HAL_SPI_Transmit' from incompatible pointer type [-Wincompatible-pointer-types]
  237 |   HAL_SPI_Transmit(&hspi2,(uint16_t *)&writeBuf1,1,100);
      |                           ^~~~~~~~~~~~~~~~~~~~~~
      |                           |
      |                           uint16_t * {aka short unsigned int *}
In file included from ../../../CM7/Core/Inc/stm32h7xx_hal_conf.h:442,
                 from ../../../Drivers/STM32H7xx_HAL_Driver/Inc/stm32h7xx_hal.h:29,
                 from ../../../CM7/Core/Inc/main.h:30,
                 from C:/Users/joepe/STM32CubeIDE/workspace_1.11.0_2/JAN_24/CM7/Core/Src/main.c:37:
../../../Drivers/STM32H7xx_HAL_Driver/Inc/stm32h7xx_hal_spi.h:865:76: note: expected 'const uint8_t *' {aka 'const unsigned char *'} but argument is of type 'uint16_t *' {aka 'short unsigned int *'}
  865 | HAL_StatusTypeDef HAL_SPI_Transmit(SPI_HandleTypeDef *hspi, const uint8_t *pData, uint16_t Size, uint32_t Timeout);
      |                                                             ~~~~~~~~~~~~~~~^~~~~
C:/Users/joepe/STM32CubeIDE/workspace_1.11.0_2/JAN_24/CM7/Core/Src/main.c:240:27: warning: passing argument 2 of 'HAL_SPI_Transmit' from incompatible pointer type [-Wincompatible-pointer-types]
  240 |   HAL_SPI_Transmit(&hspi2,(uint16_t *)&writeBuf2,1,100);
      |                           ^~~~~~~~~~~~~~~~~~~~~~
      |                           |
      |                           uint16_t * {aka short unsigned int *}
In file included from ../../../CM7/Core/Inc/stm32h7xx_hal_conf.h:442,
                 from ../../../Drivers/STM32H7xx_HAL_Driver/Inc/stm32h7xx_hal.h:29,
                 from ../../../CM7/Core/Inc/main.h:30,
                 from C:/Users/joepe/STM32CubeIDE/workspace_1.11.0_2/JAN_24/CM7/Core/Src/main.c:37:
../../../Drivers/STM32H7xx_HAL_Driver/Inc/stm32h7xx_hal_spi.h:865:76: note: expected 'const uint8_t *' {aka 'const unsigned char *'} but argument is of type 'uint16_t *' {aka 'short unsigned int *'}
  865 | HAL_StatusTypeDef HAL_SPI_Transmit(SPI_HandleTypeDef *hspi, const uint8_t *pData, uint16_t Size, uint32_t Timeout);
      |                                                             ~~~~~~~~~~~~~~~^~~~~
C:/Users/joepe/STM32CubeIDE/workspace_1.11.0_2/JAN_24/CM7/Core/Src/main.c:243:27: warning: passing argument 2 of 'HAL_SPI_Transmit' from incompatible pointer type [-Wincompatible-pointer-types]
  243 |   HAL_SPI_Transmit(&hspi2,(uint16_t *)&writeBuf3,1,100);
      |                           ^~~~~~~~~~~~~~~~~~~~~~
      |                           |
      |                           uint16_t * {aka short unsigned int *}
In file included from ../../../CM7/Core/Inc/stm32h7xx_hal_conf.h:442,
                 from ../../../Drivers/STM32H7xx_HAL_Driver/Inc/stm32h7xx_hal.h:29,
                 from ../../../CM7/Core/Inc/main.h:30,
                 from C:/Users/joepe/STM32CubeIDE/workspace_1.11.0_2/JAN_24/CM7/Core/Src/main.c:37:
../../../Drivers/STM32H7xx_HAL_Driver/Inc/stm32h7xx_hal_spi.h:865:76: note: expected 'const uint8_t *' {aka 'const unsigned char *'} but argument is of type 'uint16_t *' {aka 'short unsigned int *'}
  865 | HAL_StatusTypeDef HAL_SPI_Transmit(SPI_HandleTypeDef *hspi, const uint8_t *pData, uint16_t Size, uint32_t Timeout);
      |                                                             ~~~~~~~~~~~~~~~^~~~~
C:/Users/joepe/STM32CubeIDE/workspace_1.11.0_2/JAN_24/CM7/Core/Src/main.c:246:27: warning: passing argument 2 of 'HAL_SPI_Transmit' from incompatible pointer type [-Wincompatible-pointer-types]
  246 |   HAL_SPI_Transmit(&hspi2,(uint16_t *)&writeBuf4,1,100);
      |                           ^~~~~~~~~~~~~~~~~~~~~~
      |                           |
      |                           uint16_t * {aka short unsigned int *}
In file included from ../../../CM7/Core/Inc/stm32h7xx_hal_conf.h:442,
                 from ../../../Drivers/STM32H7xx_HAL_Driver/Inc/stm32h7xx_hal.h:29,
                 from ../../../CM7/Core/Inc/main.h:30,
                 from C:/Users/joepe/STM32CubeIDE/workspace_1.11.0_2/JAN_24/CM7/Core/Src/main.c:37:
../../../Drivers/STM32H7xx_HAL_Driver/Inc/stm32h7xx_hal_spi.h:865:76: note: expected 'const uint8_t *' {aka 'const unsigned char *'} but argument is of type 'uint16_t *' {aka 'short unsigned int *'}
  865 | HAL_StatusTypeDef HAL_SPI_Transmit(SPI_HandleTypeDef *hspi, const uint8_t *pData, uint16_t Size, uint32_t Timeout);
      |                                                             ~~~~~~~~~~~~~~~^~~~~
C:/Users/joepe/STM32CubeIDE/workspace_1.11.0_2/JAN_24/CM7/Core/Src/main.c:249:27: warning: passing argument 2 of 'HAL_SPI_Transmit' from incompatible pointer type [-Wincompatible-pointer-types]
  249 |   HAL_SPI_Transmit(&hspi2,(uint16_t *)&writeBuf5,1,100);
      |                           ^~~~~~~~~~~~~~~~~~~~~~
      |                           |
      |                           uint16_t * {aka short unsigned int *}
In file included from ../../../CM7/Core/Inc/stm32h7xx_hal_conf.h:442,
                 from ../../../Drivers/STM32H7xx_HAL_Driver/Inc/stm32h7xx_hal.h:29,
                 from ../../../CM7/Core/Inc/main.h:30,
                 from C:/Users/joepe/STM32CubeIDE/workspace_1.11.0_2/JAN_24/CM7/Core/Src/main.c:37:
../../../Drivers/STM32H7xx_HAL_Driver/Inc/stm32h7xx_hal_spi.h:865:76: note: expected 'const uint8_t *' {aka 'const unsigned char *'} but argument is of type 'uint16_t *' {aka 'short unsigned int *'}
  865 | HAL_StatusTypeDef HAL_SPI_Transmit(SPI_HandleTypeDef *hspi, const uint8_t *pData, uint16_t Size, uint32_t Timeout);
      |                                                             ~~~~~~~~~~~~~~~^~~~~
C:/Users/joepe/STM32CubeIDE/workspace_1.11.0_2/JAN_24/CM7/Core/Src/main.c:252:27: warning: passing argument 2 of 'HAL_SPI_Transmit' from incompatible pointer type [-Wincompatible-pointer-types]
  252 |   HAL_SPI_Transmit(&hspi2,(uint16_t *)&writeBuf6,1,100);
      |                           ^~~~~~~~~~~~~~~~~~~~~~
      |                           |
      |                           uint16_t * {aka short unsigned int *}
In file included from ../../../CM7/Core/Inc/stm32h7xx_hal_conf.h:442,
                 from ../../../Drivers/STM32H7xx_HAL_Driver/Inc/stm32h7xx_hal.h:29,
                 from ../../../CM7/Core/Inc/main.h:30,
                 from C:/Users/joepe/STM32CubeIDE/workspace_1.11.0_2/JAN_24/CM7/Core/Src/main.c:37:
../../../Drivers/STM32H7xx_HAL_Driver/Inc/stm32h7xx_hal_spi.h:865:76: note: expected 'const uint8_t *' {aka 'const unsigned char *'} but argument is of type 'uint16_t *' {aka 'short unsigned int *'}
  865 | HAL_StatusTypeDef HAL_SPI_Transmit(SPI_HandleTypeDef *hspi, const uint8_t *pData, uint16_t Size, uint32_t Timeout);
      |                                                             ~~~~~~~~~~~~~~~^~~~~
C:/Users/joepe/STM32CubeIDE/workspace_1.11.0_2/JAN_24/CM7/Core/Src/main.c:284:33: warning: passing argument 2 of 'HAL_SPI_Receive' from incompatible pointer type [-Wincompatible-pointer-types]
  284 |         HAL_SPI_Receive(&hspi2, &spi_destroy_buf, 1, 100); //ADC needs this clock to convert analog value to Digital
      |                                 ^~~~~~~~~~~~~~~~
      |                                 |
      |                                 uint16_t * {aka short unsigned int *}
In file included from ../../../CM7/Core/Inc/stm32h7xx_hal_conf.h:442,
                 from ../../../Drivers/STM32H7xx_HAL_Driver/Inc/stm32h7xx_hal.h:29,
                 from ../../../CM7/Core/Inc/main.h:30,
                 from C:/Users/joepe/STM32CubeIDE/workspace_1.11.0_2/JAN_24/CM7/Core/Src/main.c:37:
../../../Drivers/STM32H7xx_HAL_Driver/Inc/stm32h7xx_hal_spi.h:866:69: note: expected 'uint8_t *' {aka 'unsigned char *'} but argument is of type 'uint16_t *' {aka 'short unsigned int *'}
  866 | HAL_StatusTypeDef HAL_SPI_Receive(SPI_HandleTypeDef *hspi, uint8_t *pData, uint16_t Size, uint32_t Timeout);
      |                                                            ~~~~~~~~~^~~~~
C:/Users/joepe/STM32CubeIDE/workspace_1.11.0_2/JAN_24/CM7/Core/Src/main.c:286:33: warning: passing argument 2 of 'HAL_SPI_Receive' from incompatible pointer type [-Wincompatible-pointer-types]
  286 |         HAL_SPI_Receive(&hspi2, &spi_read_buf, 1, 100); // Read digital value from ADC
      |                                 ^~~~~~~~~~~~~
      |                                 |
      |                                 uint16_t * {aka short unsigned int *}
In file included from ../../../CM7/Core/Inc/stm32h7xx_hal_conf.h:442,
                 from ../../../Drivers/STM32H7xx_HAL_Driver/Inc/stm32h7xx_hal.h:29,
                 from ../../../CM7/Core/Inc/main.h:30,
                 from C:/Users/joepe/STM32CubeIDE/workspace_1.11.0_2/JAN_24/CM7/Core/Src/main.c:37:
../../../Drivers/STM32H7xx_HAL_Driver/Inc/stm32h7xx_hal_spi.h:866:69: note: expected 'uint8_t *' {aka 'unsigned char *'} but argument is of type 'uint16_t *' {aka 'short unsigned int *'}
  866 | HAL_StatusTypeDef HAL_SPI_Receive(SPI_HandleTypeDef *hspi, uint8_t *pData, uint16_t Size, uint32_t Timeout);
      |                                                            ~~~~~~~~~^~~~~
C:/Users/joepe/STM32CubeIDE/workspace_1.11.0_2/JAN_24/CM7/Core/Src/main.c:345:7: warning: implicit declaration of function 'strcat' [-Wimplicit-function-declaration]
  345 |       strcat(uart_buf, num); // concatenate string with current number
      |       ^~~~~~
C:/Users/joepe/STM32CubeIDE/workspace_1.11.0_2/JAN_24/CM7/Core/Src/main.c:345:7: warning: incompatible implicit declaration of built-in function 'strcat'
C:/Users/joepe/STM32CubeIDE/workspace_1.11.0_2/JAN_24/CM7/Core/Src/main.c:46:1: note: include '<string.h>' or provide a declaration of 'strcat'
   45 | #include <stdlib.h>
  +++ |+#include <string.h>
   46 | /* USER CODE END Includes */
C:/Users/joepe/STM32CubeIDE/workspace_1.11.0_2/JAN_24/CM7/Core/Src/main.c:356:21: warning: implicit declaration of function 'strlen' [-Wimplicit-function-declaration]
  356 |      uart_buf_len = strlen(uart_buf);//sprintf(uart_buf, "%d", ADCData[127]);
      |                     ^~~~~~
C:/Users/joepe/STM32CubeIDE/workspace_1.11.0_2/JAN_24/CM7/Core/Src/main.c:356:21: warning: incompatible implicit declaration of built-in function 'strlen'
C:/Users/joepe/STM32CubeIDE/workspace_1.11.0_2/JAN_24/CM7/Core/Src/main.c:356:21: note: include '<string.h>' or provide a declaration of 'strlen'
C:/Users/joepe/STM32CubeIDE/workspace_1.11.0_2/JAN_24/CM7/Core/Src/main.c:358:6: warning: implicit declaration of function 'memset' [-Wimplicit-function-declaration]
  358 |      memset(uart_buf,0,uart_buf_len);
      |      ^~~~~~
C:/Users/joepe/STM32CubeIDE/workspace_1.11.0_2/JAN_24/CM7/Core/Src/main.c:358:6: warning: incompatible implicit declaration of built-in function 'memset'
C:/Users/joepe/STM32CubeIDE/workspace_1.11.0_2/JAN_24/CM7/Core/Src/main.c:358:6: note: include '<string.h>' or provide a declaration of 'memset'
C:/Users/joepe/STM32CubeIDE/workspace_1.11.0_2/JAN_24/CM7/Core/Src/main.c:451:32: warning: passing argument 2 of 'HAL_SPI_Transmit' from incompatible pointer type [-Wincompatible-pointer-types]
  451 |        HAL_SPI_Transmit(&hspi2,(uint16_t *)&writeBuf1,1,100);
      |                                ^~~~~~~~~~~~~~~~~~~~~~
      |                                |
      |                                uint16_t * {aka short unsigned int *}
In file included from ../../../CM7/Core/Inc/stm32h7xx_hal_conf.h:442,
                 from ../../../Drivers/STM32H7xx_HAL_Driver/Inc/stm32h7xx_hal.h:29,
                 from ../../../CM7/Core/Inc/main.h:30,
                 from C:/Users/joepe/STM32CubeIDE/workspace_1.11.0_2/JAN_24/CM7/Core/Src/main.c:37:
../../../Drivers/STM32H7xx_HAL_Driver/Inc/stm32h7xx_hal_spi.h:865:76: note: expected 'const uint8_t *' {aka 'const unsigned char *'} but argument is of type 'uint16_t *' {aka 'short unsigned int *'}
  865 | HAL_StatusTypeDef HAL_SPI_Transmit(SPI_HandleTypeDef *hspi, const uint8_t *pData, uint16_t Size, uint32_t Timeout);
      |                                                             ~~~~~~~~~~~~~~~^~~~~
C:/Users/joepe/STM32CubeIDE/workspace_1.11.0_2/JAN_24/CM7/Core/Src/main.c:454:32: warning: passing argument 2 of 'HAL_SPI_Transmit' from incompatible pointer type [-Wincompatible-pointer-types]
  454 |        HAL_SPI_Transmit(&hspi2,(uint16_t *)&writeBuf2,1,100);
      |                                ^~~~~~~~~~~~~~~~~~~~~~
      |                                |
      |                                uint16_t * {aka short unsigned int *}
In file included from ../../../CM7/Core/Inc/stm32h7xx_hal_conf.h:442,
                 from ../../../Drivers/STM32H7xx_HAL_Driver/Inc/stm32h7xx_hal.h:29,
                 from ../../../CM7/Core/Inc/main.h:30,
                 from C:/Users/joepe/STM32CubeIDE/workspace_1.11.0_2/JAN_24/CM7/Core/Src/main.c:37:
../../../Drivers/STM32H7xx_HAL_Driver/Inc/stm32h7xx_hal_spi.h:865:76: note: expected 'const uint8_t *' {aka 'const unsigned char *'} but argument is of type 'uint16_t *' {aka 'short unsigned int *'}
  865 | HAL_StatusTypeDef HAL_SPI_Transmit(SPI_HandleTypeDef *hspi, const uint8_t *pData, uint16_t Size, uint32_t Timeout);
      |                                                             ~~~~~~~~~~~~~~~^~~~~
C:/Users/joepe/STM32CubeIDE/workspace_1.11.0_2/JAN_24/CM7/Core/Src/main.c:457:32: warning: passing argument 2 of 'HAL_SPI_Transmit' from incompatible pointer type [-Wincompatible-pointer-types]
  457 |        HAL_SPI_Transmit(&hspi2,(uint16_t *)&writeBuf3,1,100);
      |                                ^~~~~~~~~~~~~~~~~~~~~~
      |                                |
      |                                uint16_t * {aka short unsigned int *}
In file included from ../../../CM7/Core/Inc/stm32h7xx_hal_conf.h:442,
                 from ../../../Drivers/STM32H7xx_HAL_Driver/Inc/stm32h7xx_hal.h:29,
                 from ../../../CM7/Core/Inc/main.h:30,
                 from C:/Users/joepe/STM32CubeIDE/workspace_1.11.0_2/JAN_24/CM7/Core/Src/main.c:37:
../../../Drivers/STM32H7xx_HAL_Driver/Inc/stm32h7xx_hal_spi.h:865:76: note: expected 'const uint8_t *' {aka 'const unsigned char *'} but argument is of type 'uint16_t *' {aka 'short unsigned int *'}
  865 | HAL_StatusTypeDef HAL_SPI_Transmit(SPI_HandleTypeDef *hspi, const uint8_t *pData, uint16_t Size, uint32_t Timeout);
      |                                                             ~~~~~~~~~~~~~~~^~~~~
C:/Users/joepe/STM32CubeIDE/workspace_1.11.0_2/JAN_24/CM7/Core/Src/main.c:460:32: warning: passing argument 2 of 'HAL_SPI_Transmit' from incompatible pointer type [-Wincompatible-pointer-types]
  460 |        HAL_SPI_Transmit(&hspi2,(uint16_t *)&writeBuf4,1,100);
      |                                ^~~~~~~~~~~~~~~~~~~~~~
      |                                |
      |                                uint16_t * {aka short unsigned int *}
In file included from ../../../CM7/Core/Inc/stm32h7xx_hal_conf.h:442,
                 from ../../../Drivers/STM32H7xx_HAL_Driver/Inc/stm32h7xx_hal.h:29,
                 from ../../../CM7/Core/Inc/main.h:30,
                 from C:/Users/joepe/STM32CubeIDE/workspace_1.11.0_2/JAN_24/CM7/Core/Src/main.c:37:
../../../Drivers/STM32H7xx_HAL_Driver/Inc/stm32h7xx_hal_spi.h:865:76: note: expected 'const uint8_t *' {aka 'const unsigned char *'} but argument is of type 'uint16_t *' {aka 'short unsigned int *'}
  865 | HAL_StatusTypeDef HAL_SPI_Transmit(SPI_HandleTypeDef *hspi, const uint8_t *pData, uint16_t Size, uint32_t Timeout);
      |                                                             ~~~~~~~~~~~~~~~^~~~~
C:/Users/joepe/STM32CubeIDE/workspace_1.11.0_2/JAN_24/CM7/Core/Src/main.c:463:32: warning: passing argument 2 of 'HAL_SPI_Transmit' from incompatible pointer type [-Wincompatible-pointer-types]
  463 |        HAL_SPI_Transmit(&hspi2,(uint16_t *)&writeBuf5,1,100);
      |                                ^~~~~~~~~~~~~~~~~~~~~~
      |                                |
      |                                uint16_t * {aka short unsigned int *}
In file included from ../../../CM7/Core/Inc/stm32h7xx_hal_conf.h:442,
                 from ../../../Drivers/STM32H7xx_HAL_Driver/Inc/stm32h7xx_hal.h:29,
                 from ../../../CM7/Core/Inc/main.h:30,
                 from C:/Users/joepe/STM32CubeIDE/workspace_1.11.0_2/JAN_24/CM7/Core/Src/main.c:37:
../../../Drivers/STM32H7xx_HAL_Driver/Inc/stm32h7xx_hal_spi.h:865:76: note: expected 'const uint8_t *' {aka 'const unsigned char *'} but argument is of type 'uint16_t *' {aka 'short unsigned int *'}
  865 | HAL_StatusTypeDef HAL_SPI_Transmit(SPI_HandleTypeDef *hspi, const uint8_t *pData, uint16_t Size, uint32_t Timeout);
      |                                                             ~~~~~~~~~~~~~~~^~~~~
C:/Users/joepe/STM32CubeIDE/workspace_1.11.0_2/JAN_24/CM7/Core/Src/main.c:466:32: warning: passing argument 2 of 'HAL_SPI_Transmit' from incompatible pointer type [-Wincompatible-pointer-types]
  466 |        HAL_SPI_Transmit(&hspi2,(uint16_t *)&writeBuf6,1,100);
      |                                ^~~~~~~~~~~~~~~~~~~~~~
      |                                |
      |                                uint16_t * {aka short unsigned int *}
In file included from ../../../CM7/Core/Inc/stm32h7xx_hal_conf.h:442,
                 from ../../../Drivers/STM32H7xx_HAL_Driver/Inc/stm32h7xx_hal.h:29,
                 from ../../../CM7/Core/Inc/main.h:30,
                 from C:/Users/joepe/STM32CubeIDE/workspace_1.11.0_2/JAN_24/CM7/Core/Src/main.c:37:
../../../Drivers/STM32H7xx_HAL_Driver/Inc/stm32h7xx_hal_spi.h:865:76: note: expected 'const uint8_t *' {aka 'const unsigned char *'} but argument is of type 'uint16_t *' {aka 'short unsigned int *'}
  865 | HAL_StatusTypeDef HAL_SPI_Transmit(SPI_HandleTypeDef *hspi, const uint8_t *pData, uint16_t Size, uint32_t Timeout);
      |                                                             ~~~~~~~~~~~~~~~^~~~~
arm-none-eabi-gcc -o "JAN_24_CM7.elf" @"objects.list"   -mcpu=cortex-m7 -T"C:\Users\joepe\STM32CubeIDE\workspace_1.11.0_2\JAN_24\STM32CubeIDE\CM7\STM32H745XIHX_FLASH.ld" --specs=nosys.specs -Wl,-Map="JAN_24_CM7.map" -Wl,--gc-sections -static --specs=nano.specs -mfpu=fpv5-d16 -mfloat-abi=hard -mthumb -Wl,--start-group -lc -lm -Wl,--end-group
Finished building target: JAN_24_CM7.elf
 
arm-none-eabi-size   JAN_24_CM7.elf 
arm-none-eabi-objdump -h -S  JAN_24_CM7.elf  > "JAN_24_CM7.list"
   text	   data	    bss	    dec	    hex	filename
  56164	    128	   2544	  58836	   e5d4	JAN_24_CM7.elf
Finished building: default.size.stdout
 
Finished building: JAN_24_CM7.list
 
10:14:10 **** Incremental Build of configuration Debug for project JAN_24_CM4 ****
make -j4 all 
arm-none-eabi-size   JAN_24_CM4.elf 
   text	   data	    bss	    dec	    hex	filename
   3184	     24	   1568	   4776	   12a8	JAN_24_CM4.elf
Finished building: default.size.stdout
 
10:14:11 **** Incremental Build of configuration Debug for project JAN_24_CM7 ****
make -j4 all 
arm-none-eabi-gcc "C:/Users/joepe/STM32CubeIDE/workspace_1.11.0_2/JAN_24/CM7/Core/Src/main.c" -mcpu=cortex-m7 -std=gnu11 -g3 -DDEBUG -DCORE_CM7 -DUSE_HAL_DRIVER -DSTM32H745xx -c -I../../../CM7/Core/Inc -I../../../Drivers/STM32H7xx_HAL_Driver/Inc -I../../../Drivers/STM32H7xx_HAL_Driver/Inc/Legacy -I../../../Drivers/CMSIS/Device/ST/STM32H7xx/Include -I../../../Drivers/CMSIS/Include -O0 -ffunction-sections -fdata-sections -Wall -fstack-usage -MMD -MP -MF"Application/User/Core/main.d" -MT"Application/User/Core/main.o" --specs=nano.specs -mfpu=fpv5-d16 -mfloat-abi=hard -mthumb -o "Application/User/Core/main.o"
C:/Users/joepe/STM32CubeIDE/workspace_1.11.0_2/JAN_24/CM7/Core/Src/main.c: In function 'main':
C:/Users/joepe/STM32CubeIDE/workspace_1.11.0_2/JAN_24/CM7/Core/Src/main.c:237:27: warning: passing argument 2 of 'HAL_SPI_Transmit' from incompatible pointer type [-Wincompatible-pointer-types]
  237 |   HAL_SPI_Transmit(&hspi2,(uint16_t *)&writeBuf1,1,100);
      |                           ^~~~~~~~~~~~~~~~~~~~~~
      |                           |
      |                           uint16_t * {aka short unsigned int *}
In file included from ../../../CM7/Core/Inc/stm32h7xx_hal_conf.h:442,
                 from ../../../Drivers/STM32H7xx_HAL_Driver/Inc/stm32h7xx_hal.h:29,
                 from ../../../CM7/Core/Inc/main.h:30,
                 from C:/Users/joepe/STM32CubeIDE/workspace_1.11.0_2/JAN_24/CM7/Core/Src/main.c:37:
../../../Drivers/STM32H7xx_HAL_Driver/Inc/stm32h7xx_hal_spi.h:865:76: note: expected 'const uint8_t *' {aka 'const unsigned char *'} but argument is of type 'uint16_t *' {aka 'short unsigned int *'}
  865 | HAL_StatusTypeDef HAL_SPI_Transmit(SPI_HandleTypeDef *hspi, const uint8_t *pData, uint16_t Size, uint32_t Timeout);
      |                                                             ~~~~~~~~~~~~~~~^~~~~
C:/Users/joepe/STM32CubeIDE/workspace_1.11.0_2/JAN_24/CM7/Core/Src/main.c:240:27: warning: passing argument 2 of 'HAL_SPI_Transmit' from incompatible pointer type [-Wincompatible-pointer-types]
  240 |   HAL_SPI_Transmit(&hspi2,(uint16_t *)&writeBuf2,1,100);
      |                           ^~~~~~~~~~~~~~~~~~~~~~
      |                           |
      |                           uint16_t * {aka short unsigned int *}
In file included from ../../../CM7/Core/Inc/stm32h7xx_hal_conf.h:442,
                 from ../../../Drivers/STM32H7xx_HAL_Driver/Inc/stm32h7xx_hal.h:29,
                 from ../../../CM7/Core/Inc/main.h:30,
                 from C:/Users/joepe/STM32CubeIDE/workspace_1.11.0_2/JAN_24/CM7/Core/Src/main.c:37:
../../../Drivers/STM32H7xx_HAL_Driver/Inc/stm32h7xx_hal_spi.h:865:76: note: expected 'const uint8_t *' {aka 'const unsigned char *'} but argument is of type 'uint16_t *' {aka 'short unsigned int *'}
  865 | HAL_StatusTypeDef HAL_SPI_Transmit(SPI_HandleTypeDef *hspi, const uint8_t *pData, uint16_t Size, uint32_t Timeout);
      |                                                             ~~~~~~~~~~~~~~~^~~~~
C:/Users/joepe/STM32CubeIDE/workspace_1.11.0_2/JAN_24/CM7/Core/Src/main.c:243:27: warning: passing argument 2 of 'HAL_SPI_Transmit' from incompatible pointer type [-Wincompatible-pointer-types]
  243 |   HAL_SPI_Transmit(&hspi2,(uint16_t *)&writeBuf3,1,100);
      |                           ^~~~~~~~~~~~~~~~~~~~~~
      |                           |
      |                           uint16_t * {aka short unsigned int *}
In file included from ../../../CM7/Core/Inc/stm32h7xx_hal_conf.h:442,
                 from ../../../Drivers/STM32H7xx_HAL_Driver/Inc/stm32h7xx_hal.h:29,
                 from ../../../CM7/Core/Inc/main.h:30,
                 from C:/Users/joepe/STM32CubeIDE/workspace_1.11.0_2/JAN_24/CM7/Core/Src/main.c:37:
../../../Drivers/STM32H7xx_HAL_Driver/Inc/stm32h7xx_hal_spi.h:865:76: note: expected 'const uint8_t *' {aka 'const unsigned char *'} but argument is of type 'uint16_t *' {aka 'short unsigned int *'}
  865 | HAL_StatusTypeDef HAL_SPI_Transmit(SPI_HandleTypeDef *hspi, const uint8_t *pData, uint16_t Size, uint32_t Timeout);
      |                                                             ~~~~~~~~~~~~~~~^~~~~
C:/Users/joepe/STM32CubeIDE/workspace_1.11.0_2/JAN_24/CM7/Core/Src/main.c:246:27: warning: passing argument 2 of 'HAL_SPI_Transmit' from incompatible pointer type [-Wincompatible-pointer-types]
  246 |   HAL_SPI_Transmit(&hspi2,(uint16_t *)&writeBuf4,1,100);
      |                           ^~~~~~~~~~~~~~~~~~~~~~
      |                           |
      |                           uint16_t * {aka short unsigned int *}
In file included from ../../../CM7/Core/Inc/stm32h7xx_hal_conf.h:442,
                 from ../../../Drivers/STM32H7xx_HAL_Driver/Inc/stm32h7xx_hal.h:29,
                 from ../../../CM7/Core/Inc/main.h:30,
                 from C:/Users/joepe/STM32CubeIDE/workspace_1.11.0_2/JAN_24/CM7/Core/Src/main.c:37:
../../../Drivers/STM32H7xx_HAL_Driver/Inc/stm32h7xx_hal_spi.h:865:76: note: expected 'const uint8_t *' {aka 'const unsigned char *'} but argument is of type 'uint16_t *' {aka 'short unsigned int *'}
  865 | HAL_StatusTypeDef HAL_SPI_Transmit(SPI_HandleTypeDef *hspi, const uint8_t *pData, uint16_t Size, uint32_t Timeout);
      |                                                             ~~~~~~~~~~~~~~~^~~~~
C:/Users/joepe/STM32CubeIDE/workspace_1.11.0_2/JAN_24/CM7/Core/Src/main.c:249:27: warning: passing argument 2 of 'HAL_SPI_Transmit' from incompatible pointer type [-Wincompatible-pointer-types]
  249 |   HAL_SPI_Transmit(&hspi2,(uint16_t *)&writeBuf5,1,100);
      |                           ^~~~~~~~~~~~~~~~~~~~~~
      |                           |
      |                           uint16_t * {aka short unsigned int *}
In file included from ../../../CM7/Core/Inc/stm32h7xx_hal_conf.h:442,
                 from ../../../Drivers/STM32H7xx_HAL_Driver/Inc/stm32h7xx_hal.h:29,
                 from ../../../CM7/Core/Inc/main.h:30,
                 from C:/Users/joepe/STM32CubeIDE/workspace_1.11.0_2/JAN_24/CM7/Core/Src/main.c:37:
../../../Drivers/STM32H7xx_HAL_Driver/Inc/stm32h7xx_hal_spi.h:865:76: note: expected 'const uint8_t *' {aka 'const unsigned char *'} but argument is of type 'uint16_t *' {aka 'short unsigned int *'}
  865 | HAL_StatusTypeDef HAL_SPI_Transmit(SPI_HandleTypeDef *hspi, const uint8_t *pData, uint16_t Size, uint32_t Timeout);
      |                                                             ~~~~~~~~~~~~~~~^~~~~
C:/Users/joepe/STM32CubeIDE/workspace_1.11.0_2/JAN_24/CM7/Core/Src/main.c:252:27: warning: passing argument 2 of 'HAL_SPI_Transmit' from incompatible pointer type [-Wincompatible-pointer-types]
  252 |   HAL_SPI_Transmit(&hspi2,(uint16_t *)&writeBuf6,1,100);
      |                           ^~~~~~~~~~~~~~~~~~~~~~
      |                           |
      |                           uint16_t * {aka short unsigned int *}
In file included from ../../../CM7/Core/Inc/stm32h7xx_hal_conf.h:442,
                 from ../../../Drivers/STM32H7xx_HAL_Driver/Inc/stm32h7xx_hal.h:29,
                 from ../../../CM7/Core/Inc/main.h:30,
                 from C:/Users/joepe/STM32CubeIDE/workspace_1.11.0_2/JAN_24/CM7/Core/Src/main.c:37:
../../../Drivers/STM32H7xx_HAL_Driver/Inc/stm32h7xx_hal_spi.h:865:76: note: expected 'const uint8_t *' {aka 'const unsigned char *'} but argument is of type 'uint16_t *' {aka 'short unsigned int *'}
  865 | HAL_StatusTypeDef HAL_SPI_Transmit(SPI_HandleTypeDef *hspi, const uint8_t *pData, uint16_t Size, uint32_t Timeout);
      |                                                             ~~~~~~~~~~~~~~~^~~~~
C:/Users/joepe/STM32CubeIDE/workspace_1.11.0_2/JAN_24/CM7/Core/Src/main.c:284:33: warning: passing argument 2 of 'HAL_SPI_Receive' from incompatible pointer type [-Wincompatible-pointer-types]
  284 |         HAL_SPI_Receive(&hspi2, &spi_destroy_buf, 1, 100); //ADC needs this clock to convert analog value to Digital
      |                                 ^~~~~~~~~~~~~~~~
      |                                 |
      |                                 uint16_t * {aka short unsigned int *}
In file included from ../../../CM7/Core/Inc/stm32h7xx_hal_conf.h:442,
                 from ../../../Drivers/STM32H7xx_HAL_Driver/Inc/stm32h7xx_hal.h:29,
                 from ../../../CM7/Core/Inc/main.h:30,
                 from C:/Users/joepe/STM32CubeIDE/workspace_1.11.0_2/JAN_24/CM7/Core/Src/main.c:37:
../../../Drivers/STM32H7xx_HAL_Driver/Inc/stm32h7xx_hal_spi.h:866:69: note: expected 'uint8_t *' {aka 'unsigned char *'} but argument is of type 'uint16_t *' {aka 'short unsigned int *'}
  866 | HAL_StatusTypeDef HAL_SPI_Receive(SPI_HandleTypeDef *hspi, uint8_t *pData, uint16_t Size, uint32_t Timeout);
      |                                                            ~~~~~~~~~^~~~~
C:/Users/joepe/STM32CubeIDE/workspace_1.11.0_2/JAN_24/CM7/Core/Src/main.c:286:33: warning: passing argument 2 of 'HAL_SPI_Receive' from incompatible pointer type [-Wincompatible-pointer-types]
  286 |         HAL_SPI_Receive(&hspi2, &spi_read_buf, 1, 100); // Read digital value from ADC
      |                                 ^~~~~~~~~~~~~
      |                                 |
      |                                 uint16_t * {aka short unsigned int *}
In file included from ../../../CM7/Core/Inc/stm32h7xx_hal_conf.h:442,
                 from ../../../Drivers/STM32H7xx_HAL_Driver/Inc/stm32h7xx_hal.h:29,
                 from ../../../CM7/Core/Inc/main.h:30,
                 from C:/Users/joepe/STM32CubeIDE/workspace_1.11.0_2/JAN_24/CM7/Core/Src/main.c:37:
../../../Drivers/STM32H7xx_HAL_Driver/Inc/stm32h7xx_hal_spi.h:866:69: note: expected 'uint8_t *' {aka 'unsigned char *'} but argument is of type 'uint16_t *' {aka 'short unsigned int *'}
  866 | HAL_StatusTypeDef HAL_SPI_Receive(SPI_HandleTypeDef *hspi, uint8_t *pData, uint16_t Size, uint32_t Timeout);
      |                                                            ~~~~~~~~~^~~~~
C:/Users/joepe/STM32CubeIDE/workspace_1.11.0_2/JAN_24/CM7/Core/Src/main.c:345:7: warning: implicit declaration of function 'strcat' [-Wimplicit-function-declaration]
  345 |       strcat(uart_buf, num); // concatenate string with current number
      |       ^~~~~~
C:/Users/joepe/STM32CubeIDE/workspace_1.11.0_2/JAN_24/CM7/Core/Src/main.c:345:7: warning: incompatible implicit declaration of built-in function 'strcat'
C:/Users/joepe/STM32CubeIDE/workspace_1.11.0_2/JAN_24/CM7/Core/Src/main.c:46:1: note: include '<string.h>' or provide a declaration of 'strcat'
   45 | #include <stdlib.h>
  +++ |+#include <string.h>
   46 | /* USER CODE END Includes */
C:/Users/joepe/STM32CubeIDE/workspace_1.11.0_2/JAN_24/CM7/Core/Src/main.c:356:21: warning: implicit declaration of function 'strlen' [-Wimplicit-function-declaration]
  356 |      uart_buf_len = strlen(uart_buf);//sprintf(uart_buf, "%d", ADCData[127]);
      |                     ^~~~~~
C:/Users/joepe/STM32CubeIDE/workspace_1.11.0_2/JAN_24/CM7/Core/Src/main.c:356:21: warning: incompatible implicit declaration of built-in function 'strlen'
C:/Users/joepe/STM32CubeIDE/workspace_1.11.0_2/JAN_24/CM7/Core/Src/main.c:356:21: note: include '<string.h>' or provide a declaration of 'strlen'
C:/Users/joepe/STM32CubeIDE/workspace_1.11.0_2/JAN_24/CM7/Core/Src/main.c:358:6: warning: implicit declaration of function 'memset' [-Wimplicit-function-declaration]
  358 |      memset(uart_buf,0,uart_buf_len);
      |      ^~~~~~
C:/Users/joepe/STM32CubeIDE/workspace_1.11.0_2/JAN_24/CM7/Core/Src/main.c:358:6: warning: incompatible implicit declaration of built-in function 'memset'
C:/Users/joepe/STM32CubeIDE/workspace_1.11.0_2/JAN_24/CM7/Core/Src/main.c:358:6: note: include '<string.h>' or provide a declaration of 'memset'
C:/Users/joepe/STM32CubeIDE/workspace_1.11.0_2/JAN_24/CM7/Core/Src/main.c:451:32: warning: passing argument 2 of 'HAL_SPI_Transmit' from incompatible pointer type [-Wincompatible-pointer-types]
  451 |        HAL_SPI_Transmit(&hspi2,(uint16_t *)&writeBuf1,1,100);
      |                                ^~~~~~~~~~~~~~~~~~~~~~
      |                                |
      |                                uint16_t * {aka short unsigned int *}
In file included from ../../../CM7/Core/Inc/stm32h7xx_hal_conf.h:442,
                 from ../../../Drivers/STM32H7xx_HAL_Driver/Inc/stm32h7xx_hal.h:29,
                 from ../../../CM7/Core/Inc/main.h:30,
                 from C:/Users/joepe/STM32CubeIDE/workspace_1.11.0_2/JAN_24/CM7/Core/Src/main.c:37:
../../../Drivers/STM32H7xx_HAL_Driver/Inc/stm32h7xx_hal_spi.h:865:76: note: expected 'const uint8_t *' {aka 'const unsigned char *'} but argument is of type 'uint16_t *' {aka 'short unsigned int *'}
  865 | HAL_StatusTypeDef HAL_SPI_Transmit(SPI_HandleTypeDef *hspi, const uint8_t *pData, uint16_t Size, uint32_t Timeout);
      |                                                             ~~~~~~~~~~~~~~~^~~~~
C:/Users/joepe/STM32CubeIDE/workspace_1.11.0_2/JAN_24/CM7/Core/Src/main.c:454:32: warning: passing argument 2 of 'HAL_SPI_Transmit' from incompatible pointer type [-Wincompatible-pointer-types]
  454 |        HAL_SPI_Transmit(&hspi2,(uint16_t *)&writeBuf2,1,100);
      |                                ^~~~~~~~~~~~~~~~~~~~~~
      |                                |
      |                                uint16_t * {aka short unsigned int *}
In file included from ../../../CM7/Core/Inc/stm32h7xx_hal_conf.h:442,
                 from ../../../Drivers/STM32H7xx_HAL_Driver/Inc/stm32h7xx_hal.h:29,
                 from ../../../CM7/Core/Inc/main.h:30,
                 from C:/Users/joepe/STM32CubeIDE/workspace_1.11.0_2/JAN_24/CM7/Core/Src/main.c:37:
../../../Drivers/STM32H7xx_HAL_Driver/Inc/stm32h7xx_hal_spi.h:865:76: note: expected 'const uint8_t *' {aka 'const unsigned char *'} but argument is of type 'uint16_t *' {aka 'short unsigned int *'}
  865 | HAL_StatusTypeDef HAL_SPI_Transmit(SPI_HandleTypeDef *hspi, const uint8_t *pData, uint16_t Size, uint32_t Timeout);
      |                                                             ~~~~~~~~~~~~~~~^~~~~
C:/Users/joepe/STM32CubeIDE/workspace_1.11.0_2/JAN_24/CM7/Core/Src/main.c:457:32: warning: passing argument 2 of 'HAL_SPI_Transmit' from incompatible pointer type [-Wincompatible-pointer-types]
  457 |        HAL_SPI_Transmit(&hspi2,(uint16_t *)&writeBuf3,1,100);
      |                                ^~~~~~~~~~~~~~~~~~~~~~
      |                                |
      |                                uint16_t * {aka short unsigned int *}
In file included from ../../../CM7/Core/Inc/stm32h7xx_hal_conf.h:442,
                 from ../../../Drivers/STM32H7xx_HAL_Driver/Inc/stm32h7xx_hal.h:29,
                 from ../../../CM7/Core/Inc/main.h:30,
                 from C:/Users/joepe/STM32CubeIDE/workspace_1.11.0_2/JAN_24/CM7/Core/Src/main.c:37:
../../../Drivers/STM32H7xx_HAL_Driver/Inc/stm32h7xx_hal_spi.h:865:76: note: expected 'const uint8_t *' {aka 'const unsigned char *'} but argument is of type 'uint16_t *' {aka 'short unsigned int *'}
  865 | HAL_StatusTypeDef HAL_SPI_Transmit(SPI_HandleTypeDef *hspi, const uint8_t *pData, uint16_t Size, uint32_t Timeout);
      |                                                             ~~~~~~~~~~~~~~~^~~~~
C:/Users/joepe/STM32CubeIDE/workspace_1.11.0_2/JAN_24/CM7/Core/Src/main.c:460:32: warning: passing argument 2 of 'HAL_SPI_Transmit' from incompatible pointer type [-Wincompatible-pointer-types]
  460 |        HAL_SPI_Transmit(&hspi2,(uint16_t *)&writeBuf4,1,100);
      |                                ^~~~~~~~~~~~~~~~~~~~~~
      |                                |
      |                                uint16_t * {aka short unsigned int *}
In file included from ../../../CM7/Core/Inc/stm32h7xx_hal_conf.h:442,
                 from ../../../Drivers/STM32H7xx_HAL_Driver/Inc/stm32h7xx_hal.h:29,
                 from ../../../CM7/Core/Inc/main.h:30,
                 from C:/Users/joepe/STM32CubeIDE/workspace_1.11.0_2/JAN_24/CM7/Core/Src/main.c:37:
../../../Drivers/STM32H7xx_HAL_Driver/Inc/stm32h7xx_hal_spi.h:865:76: note: expected 'const uint8_t *' {aka 'const unsigned char *'} but argument is of type 'uint16_t *' {aka 'short unsigned int *'}
  865 | HAL_StatusTypeDef HAL_SPI_Transmit(SPI_HandleTypeDef *hspi, const uint8_t *pData, uint16_t Size, uint32_t Timeout);
      |                                                             ~~~~~~~~~~~~~~~^~~~~
C:/Users/joepe/STM32CubeIDE/workspace_1.11.0_2/JAN_24/CM7/Core/Src/main.c:463:32: warning: passing argument 2 of 'HAL_SPI_Transmit' from incompatible pointer type [-Wincompatible-pointer-types]
  463 |        HAL_SPI_Transmit(&hspi2,(uint16_t *)&writeBuf5,1,100);
      |                                ^~~~~~~~~~~~~~~~~~~~~~
      |                                |
      |                                uint16_t * {aka short unsigned int *}
In file included from ../../../CM7/Core/Inc/stm32h7xx_hal_conf.h:442,
                 from ../../../Drivers/STM32H7xx_HAL_Driver/Inc/stm32h7xx_hal.h:29,
                 from ../../../CM7/Core/Inc/main.h:30,
                 from C:/Users/joepe/STM32CubeIDE/workspace_1.11.0_2/JAN_24/CM7/Core/Src/main.c:37:
../../../Drivers/STM32H7xx_HAL_Driver/Inc/stm32h7xx_hal_spi.h:865:76: note: expected 'const uint8_t *' {aka 'const unsigned char *'} but argument is of type 'uint16_t *' {aka 'short unsigned int *'}
  865 | HAL_StatusTypeDef HAL_SPI_Transmit(SPI_HandleTypeDef *hspi, const uint8_t *pData, uint16_t Size, uint32_t Timeout);
      |                                                             ~~~~~~~~~~~~~~~^~~~~
C:/Users/joepe/STM32CubeIDE/workspace_1.11.0_2/JAN_24/CM7/Core/Src/main.c:466:32: warning: passing argument 2 of 'HAL_SPI_Transmit' from incompatible pointer type [-Wincompatible-pointer-types]
  466 |        HAL_SPI_Transmit(&hspi2,(uint16_t *)&writeBuf6,1,100);
      |                                ^~~~~~~~~~~~~~~~~~~~~~
      |                                |
      |                                uint16_t * {aka short unsigned int *}
In file included from ../../../CM7/Core/Inc/stm32h7xx_hal_conf.h:442,
                 from ../../../Drivers/STM32H7xx_HAL_Driver/Inc/stm32h7xx_hal.h:29,
                 from ../../../CM7/Core/Inc/main.h:30,
                 from C:/Users/joepe/STM32CubeIDE/workspace_1.11.0_2/JAN_24/CM7/Core/Src/main.c:37:
../../../Drivers/STM32H7xx_HAL_Driver/Inc/stm32h7xx_hal_spi.h:865:76: note: expected 'const uint8_t *' {aka 'const unsigned char *'} but argument is of type 'uint16_t *' {aka 'short unsigned int *'}
  865 | HAL_StatusTypeDef HAL_SPI_Transmit(SPI_HandleTypeDef *hspi, const uint8_t *pData, uint16_t Size, uint32_t Timeout);
      |                                                             ~~~~~~~~~~~~~~~^~~~~
arm-none-eabi-gcc -o "JAN_24_CM7.elf" @"objects.list"   -mcpu=cortex-m7 -T"C:\Users\joepe\STM32CubeIDE\workspace_1.11.0_2\JAN_24\STM32CubeIDE\CM7\STM32H745XIHX_FLASH.ld" --specs=nosys.specs -Wl,-Map="JAN_24_CM7.map" -Wl,--gc-sections -static --specs=nano.specs -mfpu=fpv5-d16 -mfloat-abi=hard -mthumb -Wl,--start-group -lc -lm -Wl,--end-group
Finished building target: JAN_24_CM7.elf
 
arm-none-eabi-size   JAN_24_CM7.elf 
arm-none-eabi-objdump -h -S  JAN_24_CM7.elf  > "JAN_24_CM7.list"
   text	   data	    bss	    dec	    hex	filename
  56160	    128	   2544	  58832	   e5d0	JAN_24_CM7.elf
Finished building: default.size.stdout
 
Finished building: JAN_24_CM7.list
 
10:29:32 **** Incremental Build of configuration Debug for project JAN_24_CM4 ****
make -j4 all 
arm-none-eabi-size   JAN_24_CM4.elf 
   text	   data	    bss	    dec	    hex	filename
   3184	     24	   1568	   4776	   12a8	JAN_24_CM4.elf
Finished building: default.size.stdout
 
10:29:33 **** Incremental Build of configuration Debug for project JAN_24_CM7 ****
make -j4 all 
arm-none-eabi-gcc "C:/Users/joepe/STM32CubeIDE/workspace_1.11.0_2/JAN_24/CM7/Core/Src/main.c" -mcpu=cortex-m7 -std=gnu11 -g3 -DDEBUG -DCORE_CM7 -DUSE_HAL_DRIVER -DSTM32H745xx -c -I../../../CM7/Core/Inc -I../../../Drivers/STM32H7xx_HAL_Driver/Inc -I../../../Drivers/STM32H7xx_HAL_Driver/Inc/Legacy -I../../../Drivers/CMSIS/Device/ST/STM32H7xx/Include -I../../../Drivers/CMSIS/Include -O0 -ffunction-sections -fdata-sections -Wall -fstack-usage -MMD -MP -MF"Application/User/Core/main.d" -MT"Application/User/Core/main.o" --specs=nano.specs -mfpu=fpv5-d16 -mfloat-abi=hard -mthumb -o "Application/User/Core/main.o"
C:/Users/joepe/STM32CubeIDE/workspace_1.11.0_2/JAN_24/CM7/Core/Src/main.c: In function 'main':
C:/Users/joepe/STM32CubeIDE/workspace_1.11.0_2/JAN_24/CM7/Core/Src/main.c:237:27: warning: passing argument 2 of 'HAL_SPI_Transmit' from incompatible pointer type [-Wincompatible-pointer-types]
  237 |   HAL_SPI_Transmit(&hspi2,(uint16_t *)&writeBuf1,1,100);
      |                           ^~~~~~~~~~~~~~~~~~~~~~
      |                           |
      |                           uint16_t * {aka short unsigned int *}
In file included from ../../../CM7/Core/Inc/stm32h7xx_hal_conf.h:442,
                 from ../../../Drivers/STM32H7xx_HAL_Driver/Inc/stm32h7xx_hal.h:29,
                 from ../../../CM7/Core/Inc/main.h:30,
                 from C:/Users/joepe/STM32CubeIDE/workspace_1.11.0_2/JAN_24/CM7/Core/Src/main.c:37:
../../../Drivers/STM32H7xx_HAL_Driver/Inc/stm32h7xx_hal_spi.h:865:76: note: expected 'const uint8_t *' {aka 'const unsigned char *'} but argument is of type 'uint16_t *' {aka 'short unsigned int *'}
  865 | HAL_StatusTypeDef HAL_SPI_Transmit(SPI_HandleTypeDef *hspi, const uint8_t *pData, uint16_t Size, uint32_t Timeout);
      |                                                             ~~~~~~~~~~~~~~~^~~~~
C:/Users/joepe/STM32CubeIDE/workspace_1.11.0_2/JAN_24/CM7/Core/Src/main.c:240:27: warning: passing argument 2 of 'HAL_SPI_Transmit' from incompatible pointer type [-Wincompatible-pointer-types]
  240 |   HAL_SPI_Transmit(&hspi2,(uint16_t *)&writeBuf2,1,100);
      |                           ^~~~~~~~~~~~~~~~~~~~~~
      |                           |
      |                           uint16_t * {aka short unsigned int *}
In file included from ../../../CM7/Core/Inc/stm32h7xx_hal_conf.h:442,
                 from ../../../Drivers/STM32H7xx_HAL_Driver/Inc/stm32h7xx_hal.h:29,
                 from ../../../CM7/Core/Inc/main.h:30,
                 from C:/Users/joepe/STM32CubeIDE/workspace_1.11.0_2/JAN_24/CM7/Core/Src/main.c:37:
../../../Drivers/STM32H7xx_HAL_Driver/Inc/stm32h7xx_hal_spi.h:865:76: note: expected 'const uint8_t *' {aka 'const unsigned char *'} but argument is of type 'uint16_t *' {aka 'short unsigned int *'}
  865 | HAL_StatusTypeDef HAL_SPI_Transmit(SPI_HandleTypeDef *hspi, const uint8_t *pData, uint16_t Size, uint32_t Timeout);
      |                                                             ~~~~~~~~~~~~~~~^~~~~
C:/Users/joepe/STM32CubeIDE/workspace_1.11.0_2/JAN_24/CM7/Core/Src/main.c:243:27: warning: passing argument 2 of 'HAL_SPI_Transmit' from incompatible pointer type [-Wincompatible-pointer-types]
  243 |   HAL_SPI_Transmit(&hspi2,(uint16_t *)&writeBuf3,1,100);
      |                           ^~~~~~~~~~~~~~~~~~~~~~
      |                           |
      |                           uint16_t * {aka short unsigned int *}
In file included from ../../../CM7/Core/Inc/stm32h7xx_hal_conf.h:442,
                 from ../../../Drivers/STM32H7xx_HAL_Driver/Inc/stm32h7xx_hal.h:29,
                 from ../../../CM7/Core/Inc/main.h:30,
                 from C:/Users/joepe/STM32CubeIDE/workspace_1.11.0_2/JAN_24/CM7/Core/Src/main.c:37:
../../../Drivers/STM32H7xx_HAL_Driver/Inc/stm32h7xx_hal_spi.h:865:76: note: expected 'const uint8_t *' {aka 'const unsigned char *'} but argument is of type 'uint16_t *' {aka 'short unsigned int *'}
  865 | HAL_StatusTypeDef HAL_SPI_Transmit(SPI_HandleTypeDef *hspi, const uint8_t *pData, uint16_t Size, uint32_t Timeout);
      |                                                             ~~~~~~~~~~~~~~~^~~~~
C:/Users/joepe/STM32CubeIDE/workspace_1.11.0_2/JAN_24/CM7/Core/Src/main.c:246:27: warning: passing argument 2 of 'HAL_SPI_Transmit' from incompatible pointer type [-Wincompatible-pointer-types]
  246 |   HAL_SPI_Transmit(&hspi2,(uint16_t *)&writeBuf4,1,100);
      |                           ^~~~~~~~~~~~~~~~~~~~~~
      |                           |
      |                           uint16_t * {aka short unsigned int *}
In file included from ../../../CM7/Core/Inc/stm32h7xx_hal_conf.h:442,
                 from ../../../Drivers/STM32H7xx_HAL_Driver/Inc/stm32h7xx_hal.h:29,
                 from ../../../CM7/Core/Inc/main.h:30,
                 from C:/Users/joepe/STM32CubeIDE/workspace_1.11.0_2/JAN_24/CM7/Core/Src/main.c:37:
../../../Drivers/STM32H7xx_HAL_Driver/Inc/stm32h7xx_hal_spi.h:865:76: note: expected 'const uint8_t *' {aka 'const unsigned char *'} but argument is of type 'uint16_t *' {aka 'short unsigned int *'}
  865 | HAL_StatusTypeDef HAL_SPI_Transmit(SPI_HandleTypeDef *hspi, const uint8_t *pData, uint16_t Size, uint32_t Timeout);
      |                                                             ~~~~~~~~~~~~~~~^~~~~
C:/Users/joepe/STM32CubeIDE/workspace_1.11.0_2/JAN_24/CM7/Core/Src/main.c:249:27: warning: passing argument 2 of 'HAL_SPI_Transmit' from incompatible pointer type [-Wincompatible-pointer-types]
  249 |   HAL_SPI_Transmit(&hspi2,(uint16_t *)&writeBuf5,1,100);
      |                           ^~~~~~~~~~~~~~~~~~~~~~
      |                           |
      |                           uint16_t * {aka short unsigned int *}
In file included from ../../../CM7/Core/Inc/stm32h7xx_hal_conf.h:442,
                 from ../../../Drivers/STM32H7xx_HAL_Driver/Inc/stm32h7xx_hal.h:29,
                 from ../../../CM7/Core/Inc/main.h:30,
                 from C:/Users/joepe/STM32CubeIDE/workspace_1.11.0_2/JAN_24/CM7/Core/Src/main.c:37:
../../../Drivers/STM32H7xx_HAL_Driver/Inc/stm32h7xx_hal_spi.h:865:76: note: expected 'const uint8_t *' {aka 'const unsigned char *'} but argument is of type 'uint16_t *' {aka 'short unsigned int *'}
  865 | HAL_StatusTypeDef HAL_SPI_Transmit(SPI_HandleTypeDef *hspi, const uint8_t *pData, uint16_t Size, uint32_t Timeout);
      |                                                             ~~~~~~~~~~~~~~~^~~~~
C:/Users/joepe/STM32CubeIDE/workspace_1.11.0_2/JAN_24/CM7/Core/Src/main.c:252:27: warning: passing argument 2 of 'HAL_SPI_Transmit' from incompatible pointer type [-Wincompatible-pointer-types]
  252 |   HAL_SPI_Transmit(&hspi2,(uint16_t *)&writeBuf6,1,100);
      |                           ^~~~~~~~~~~~~~~~~~~~~~
      |                           |
      |                           uint16_t * {aka short unsigned int *}
In file included from ../../../CM7/Core/Inc/stm32h7xx_hal_conf.h:442,
                 from ../../../Drivers/STM32H7xx_HAL_Driver/Inc/stm32h7xx_hal.h:29,
                 from ../../../CM7/Core/Inc/main.h:30,
                 from C:/Users/joepe/STM32CubeIDE/workspace_1.11.0_2/JAN_24/CM7/Core/Src/main.c:37:
../../../Drivers/STM32H7xx_HAL_Driver/Inc/stm32h7xx_hal_spi.h:865:76: note: expected 'const uint8_t *' {aka 'const unsigned char *'} but argument is of type 'uint16_t *' {aka 'short unsigned int *'}
  865 | HAL_StatusTypeDef HAL_SPI_Transmit(SPI_HandleTypeDef *hspi, const uint8_t *pData, uint16_t Size, uint32_t Timeout);
      |                                                             ~~~~~~~~~~~~~~~^~~~~
C:/Users/joepe/STM32CubeIDE/workspace_1.11.0_2/JAN_24/CM7/Core/Src/main.c:284:33: warning: passing argument 2 of 'HAL_SPI_Receive' from incompatible pointer type [-Wincompatible-pointer-types]
  284 |         HAL_SPI_Receive(&hspi2, &spi_destroy_buf, 1, 100); //ADC needs this clock to convert analog value to Digital
      |                                 ^~~~~~~~~~~~~~~~
      |                                 |
      |                                 uint16_t * {aka short unsigned int *}
In file included from ../../../CM7/Core/Inc/stm32h7xx_hal_conf.h:442,
                 from ../../../Drivers/STM32H7xx_HAL_Driver/Inc/stm32h7xx_hal.h:29,
                 from ../../../CM7/Core/Inc/main.h:30,
                 from C:/Users/joepe/STM32CubeIDE/workspace_1.11.0_2/JAN_24/CM7/Core/Src/main.c:37:
../../../Drivers/STM32H7xx_HAL_Driver/Inc/stm32h7xx_hal_spi.h:866:69: note: expected 'uint8_t *' {aka 'unsigned char *'} but argument is of type 'uint16_t *' {aka 'short unsigned int *'}
  866 | HAL_StatusTypeDef HAL_SPI_Receive(SPI_HandleTypeDef *hspi, uint8_t *pData, uint16_t Size, uint32_t Timeout);
      |                                                            ~~~~~~~~~^~~~~
C:/Users/joepe/STM32CubeIDE/workspace_1.11.0_2/JAN_24/CM7/Core/Src/main.c:286:33: warning: passing argument 2 of 'HAL_SPI_Receive' from incompatible pointer type [-Wincompatible-pointer-types]
  286 |         HAL_SPI_Receive(&hspi2, &spi_read_buf, 1, 100); // Read digital value from ADC
      |                                 ^~~~~~~~~~~~~
      |                                 |
      |                                 uint16_t * {aka short unsigned int *}
In file included from ../../../CM7/Core/Inc/stm32h7xx_hal_conf.h:442,
                 from ../../../Drivers/STM32H7xx_HAL_Driver/Inc/stm32h7xx_hal.h:29,
                 from ../../../CM7/Core/Inc/main.h:30,
                 from C:/Users/joepe/STM32CubeIDE/workspace_1.11.0_2/JAN_24/CM7/Core/Src/main.c:37:
../../../Drivers/STM32H7xx_HAL_Driver/Inc/stm32h7xx_hal_spi.h:866:69: note: expected 'uint8_t *' {aka 'unsigned char *'} but argument is of type 'uint16_t *' {aka 'short unsigned int *'}
  866 | HAL_StatusTypeDef HAL_SPI_Receive(SPI_HandleTypeDef *hspi, uint8_t *pData, uint16_t Size, uint32_t Timeout);
      |                                                            ~~~~~~~~~^~~~~
C:/Users/joepe/STM32CubeIDE/workspace_1.11.0_2/JAN_24/CM7/Core/Src/main.c:345:7: warning: implicit declaration of function 'strcat' [-Wimplicit-function-declaration]
  345 |       strcat(uart_buf, num); // concatenate string with current number
      |       ^~~~~~
C:/Users/joepe/STM32CubeIDE/workspace_1.11.0_2/JAN_24/CM7/Core/Src/main.c:345:7: warning: incompatible implicit declaration of built-in function 'strcat'
C:/Users/joepe/STM32CubeIDE/workspace_1.11.0_2/JAN_24/CM7/Core/Src/main.c:46:1: note: include '<string.h>' or provide a declaration of 'strcat'
   45 | #include <stdlib.h>
  +++ |+#include <string.h>
   46 | /* USER CODE END Includes */
C:/Users/joepe/STM32CubeIDE/workspace_1.11.0_2/JAN_24/CM7/Core/Src/main.c:356:21: warning: implicit declaration of function 'strlen' [-Wimplicit-function-declaration]
  356 |      uart_buf_len = strlen(uart_buf);//sprintf(uart_buf, "%d", ADCData[127]);
      |                     ^~~~~~
C:/Users/joepe/STM32CubeIDE/workspace_1.11.0_2/JAN_24/CM7/Core/Src/main.c:356:21: warning: incompatible implicit declaration of built-in function 'strlen'
C:/Users/joepe/STM32CubeIDE/workspace_1.11.0_2/JAN_24/CM7/Core/Src/main.c:356:21: note: include '<string.h>' or provide a declaration of 'strlen'
C:/Users/joepe/STM32CubeIDE/workspace_1.11.0_2/JAN_24/CM7/Core/Src/main.c:358:6: warning: implicit declaration of function 'memset' [-Wimplicit-function-declaration]
  358 |      memset(uart_buf,0,uart_buf_len);
      |      ^~~~~~
C:/Users/joepe/STM32CubeIDE/workspace_1.11.0_2/JAN_24/CM7/Core/Src/main.c:358:6: warning: incompatible implicit declaration of built-in function 'memset'
C:/Users/joepe/STM32CubeIDE/workspace_1.11.0_2/JAN_24/CM7/Core/Src/main.c:358:6: note: include '<string.h>' or provide a declaration of 'memset'
C:/Users/joepe/STM32CubeIDE/workspace_1.11.0_2/JAN_24/CM7/Core/Src/main.c:451:32: warning: passing argument 2 of 'HAL_SPI_Transmit' from incompatible pointer type [-Wincompatible-pointer-types]
  451 |        HAL_SPI_Transmit(&hspi2,(uint16_t *)&writeBuf1,1,100);
      |                                ^~~~~~~~~~~~~~~~~~~~~~
      |                                |
      |                                uint16_t * {aka short unsigned int *}
In file included from ../../../CM7/Core/Inc/stm32h7xx_hal_conf.h:442,
                 from ../../../Drivers/STM32H7xx_HAL_Driver/Inc/stm32h7xx_hal.h:29,
                 from ../../../CM7/Core/Inc/main.h:30,
                 from C:/Users/joepe/STM32CubeIDE/workspace_1.11.0_2/JAN_24/CM7/Core/Src/main.c:37:
../../../Drivers/STM32H7xx_HAL_Driver/Inc/stm32h7xx_hal_spi.h:865:76: note: expected 'const uint8_t *' {aka 'const unsigned char *'} but argument is of type 'uint16_t *' {aka 'short unsigned int *'}
  865 | HAL_StatusTypeDef HAL_SPI_Transmit(SPI_HandleTypeDef *hspi, const uint8_t *pData, uint16_t Size, uint32_t Timeout);
      |                                                             ~~~~~~~~~~~~~~~^~~~~
C:/Users/joepe/STM32CubeIDE/workspace_1.11.0_2/JAN_24/CM7/Core/Src/main.c:454:32: warning: passing argument 2 of 'HAL_SPI_Transmit' from incompatible pointer type [-Wincompatible-pointer-types]
  454 |        HAL_SPI_Transmit(&hspi2,(uint16_t *)&writeBuf2,1,100);
      |                                ^~~~~~~~~~~~~~~~~~~~~~
      |                                |
      |                                uint16_t * {aka short unsigned int *}
In file included from ../../../CM7/Core/Inc/stm32h7xx_hal_conf.h:442,
                 from ../../../Drivers/STM32H7xx_HAL_Driver/Inc/stm32h7xx_hal.h:29,
                 from ../../../CM7/Core/Inc/main.h:30,
                 from C:/Users/joepe/STM32CubeIDE/workspace_1.11.0_2/JAN_24/CM7/Core/Src/main.c:37:
../../../Drivers/STM32H7xx_HAL_Driver/Inc/stm32h7xx_hal_spi.h:865:76: note: expected 'const uint8_t *' {aka 'const unsigned char *'} but argument is of type 'uint16_t *' {aka 'short unsigned int *'}
  865 | HAL_StatusTypeDef HAL_SPI_Transmit(SPI_HandleTypeDef *hspi, const uint8_t *pData, uint16_t Size, uint32_t Timeout);
      |                                                             ~~~~~~~~~~~~~~~^~~~~
C:/Users/joepe/STM32CubeIDE/workspace_1.11.0_2/JAN_24/CM7/Core/Src/main.c:457:32: warning: passing argument 2 of 'HAL_SPI_Transmit' from incompatible pointer type [-Wincompatible-pointer-types]
  457 |        HAL_SPI_Transmit(&hspi2,(uint16_t *)&writeBuf3,1,100);
      |                                ^~~~~~~~~~~~~~~~~~~~~~
      |                                |
      |                                uint16_t * {aka short unsigned int *}
In file included from ../../../CM7/Core/Inc/stm32h7xx_hal_conf.h:442,
                 from ../../../Drivers/STM32H7xx_HAL_Driver/Inc/stm32h7xx_hal.h:29,
                 from ../../../CM7/Core/Inc/main.h:30,
                 from C:/Users/joepe/STM32CubeIDE/workspace_1.11.0_2/JAN_24/CM7/Core/Src/main.c:37:
../../../Drivers/STM32H7xx_HAL_Driver/Inc/stm32h7xx_hal_spi.h:865:76: note: expected 'const uint8_t *' {aka 'const unsigned char *'} but argument is of type 'uint16_t *' {aka 'short unsigned int *'}
  865 | HAL_StatusTypeDef HAL_SPI_Transmit(SPI_HandleTypeDef *hspi, const uint8_t *pData, uint16_t Size, uint32_t Timeout);
      |                                                             ~~~~~~~~~~~~~~~^~~~~
C:/Users/joepe/STM32CubeIDE/workspace_1.11.0_2/JAN_24/CM7/Core/Src/main.c:460:32: warning: passing argument 2 of 'HAL_SPI_Transmit' from incompatible pointer type [-Wincompatible-pointer-types]
  460 |        HAL_SPI_Transmit(&hspi2,(uint16_t *)&writeBuf4,1,100);
      |                                ^~~~~~~~~~~~~~~~~~~~~~
      |                                |
      |                                uint16_t * {aka short unsigned int *}
In file included from ../../../CM7/Core/Inc/stm32h7xx_hal_conf.h:442,
                 from ../../../Drivers/STM32H7xx_HAL_Driver/Inc/stm32h7xx_hal.h:29,
                 from ../../../CM7/Core/Inc/main.h:30,
                 from C:/Users/joepe/STM32CubeIDE/workspace_1.11.0_2/JAN_24/CM7/Core/Src/main.c:37:
../../../Drivers/STM32H7xx_HAL_Driver/Inc/stm32h7xx_hal_spi.h:865:76: note: expected 'const uint8_t *' {aka 'const unsigned char *'} but argument is of type 'uint16_t *' {aka 'short unsigned int *'}
  865 | HAL_StatusTypeDef HAL_SPI_Transmit(SPI_HandleTypeDef *hspi, const uint8_t *pData, uint16_t Size, uint32_t Timeout);
      |                                                             ~~~~~~~~~~~~~~~^~~~~
C:/Users/joepe/STM32CubeIDE/workspace_1.11.0_2/JAN_24/CM7/Core/Src/main.c:463:32: warning: passing argument 2 of 'HAL_SPI_Transmit' from incompatible pointer type [-Wincompatible-pointer-types]
  463 |        HAL_SPI_Transmit(&hspi2,(uint16_t *)&writeBuf5,1,100);
      |                                ^~~~~~~~~~~~~~~~~~~~~~
      |                                |
      |                                uint16_t * {aka short unsigned int *}
In file included from ../../../CM7/Core/Inc/stm32h7xx_hal_conf.h:442,
                 from ../../../Drivers/STM32H7xx_HAL_Driver/Inc/stm32h7xx_hal.h:29,
                 from ../../../CM7/Core/Inc/main.h:30,
                 from C:/Users/joepe/STM32CubeIDE/workspace_1.11.0_2/JAN_24/CM7/Core/Src/main.c:37:
../../../Drivers/STM32H7xx_HAL_Driver/Inc/stm32h7xx_hal_spi.h:865:76: note: expected 'const uint8_t *' {aka 'const unsigned char *'} but argument is of type 'uint16_t *' {aka 'short unsigned int *'}
  865 | HAL_StatusTypeDef HAL_SPI_Transmit(SPI_HandleTypeDef *hspi, const uint8_t *pData, uint16_t Size, uint32_t Timeout);
      |                                                             ~~~~~~~~~~~~~~~^~~~~
C:/Users/joepe/STM32CubeIDE/workspace_1.11.0_2/JAN_24/CM7/Core/Src/main.c:466:32: warning: passing argument 2 of 'HAL_SPI_Transmit' from incompatible pointer type [-Wincompatible-pointer-types]
  466 |        HAL_SPI_Transmit(&hspi2,(uint16_t *)&writeBuf6,1,100);
      |                                ^~~~~~~~~~~~~~~~~~~~~~
      |                                |
      |                                uint16_t * {aka short unsigned int *}
In file included from ../../../CM7/Core/Inc/stm32h7xx_hal_conf.h:442,
                 from ../../../Drivers/STM32H7xx_HAL_Driver/Inc/stm32h7xx_hal.h:29,
                 from ../../../CM7/Core/Inc/main.h:30,
                 from C:/Users/joepe/STM32CubeIDE/workspace_1.11.0_2/JAN_24/CM7/Core/Src/main.c:37:
../../../Drivers/STM32H7xx_HAL_Driver/Inc/stm32h7xx_hal_spi.h:865:76: note: expected 'const uint8_t *' {aka 'const unsigned char *'} but argument is of type 'uint16_t *' {aka 'short unsigned int *'}
  865 | HAL_StatusTypeDef HAL_SPI_Transmit(SPI_HandleTypeDef *hspi, const uint8_t *pData, uint16_t Size, uint32_t Timeout);
      |                                                             ~~~~~~~~~~~~~~~^~~~~
arm-none-eabi-gcc -o "JAN_24_CM7.elf" @"objects.list"   -mcpu=cortex-m7 -T"C:\Users\joepe\STM32CubeIDE\workspace_1.11.0_2\JAN_24\STM32CubeIDE\CM7\STM32H745XIHX_FLASH.ld" --specs=nosys.specs -Wl,-Map="JAN_24_CM7.map" -Wl,--gc-sections -static --specs=nano.specs -mfpu=fpv5-d16 -mfloat-abi=hard -mthumb -Wl,--start-group -lc -lm -Wl,--end-group
Finished building target: JAN_24_CM7.elf
 
arm-none-eabi-size   JAN_24_CM7.elf 
arm-none-eabi-objdump -h -S  JAN_24_CM7.elf  > "JAN_24_CM7.list"
   text	   data	    bss	    dec	    hex	filename
  56164	    128	   2544	  58836	   e5d4	JAN_24_CM7.elf
Finished building: default.size.stdout
 
Finished building: JAN_24_CM7.list
 
10:32:11 **** Incremental Build of configuration Debug for project JAN_24_CM4 ****
make -j4 all 
arm-none-eabi-size   JAN_24_CM4.elf 
   text	   data	    bss	    dec	    hex	filename
   3184	     24	   1568	   4776	   12a8	JAN_24_CM4.elf
Finished building: default.size.stdout
 
10:32:12 **** Incremental Build of configuration Debug for project JAN_24_CM7 ****
make -j4 all 
[...]
C:/Users/joepe/STM32CubeIDE/workspace_1.11.0_2/JAN_24/CM7/Core/Src/main.c: In function 'main':
C:/Users/joepe/STM32CubeIDE/workspace_1.11.0_2/JAN_24/CM7/Core/Src/main.c:238:27: warning: passing argument 2 of 'HAL_SPI_Transmit' from incompatible pointer type [-Wincompatible-pointer-types]
  238 |   HAL_SPI_Transmit(&hspi2,(uint16_t *)&writeBuf1,1,100);
      |                           ^~~~~~~~~~~~~~~~~~~~~~
      |                           |
      |                           uint16_t * {aka short unsigned int *}
In file included from ../../../CM7/Core/Inc/stm32h7xx_hal_conf.h:442,
                 from ../../../Drivers/STM32H7xx_HAL_Driver/Inc/stm32h7xx_hal.h:29,
                 from ../../../CM7/Core/Inc/main.h:30,
                 from C:/Users/joepe/STM32CubeIDE/workspace_1.11.0_2/JAN_24/CM7/Core/Src/main.c:37:
../../../Drivers/STM32H7xx_HAL_Driver/Inc/stm32h7xx_hal_spi.h:865:76: note: expected 'const uint8_t *' {aka 'const unsigned char *'} but argument is of type 'uint16_t *' {aka 'short unsigned int *'}
  865 | HAL_StatusTypeDef HAL_SPI_Transmit(SPI_HandleTypeDef *hspi, const uint8_t *pData, uint16_t Size, uint32_t Timeout);
      |                                                             ~~~~~~~~~~~~~~~^~~~~
C:/Users/joepe/STM32CubeIDE/workspace_1.11.0_2/JAN_24/CM7/Core/Src/main.c:241:27: warning: passing argument 2 of 'HAL_SPI_Transmit' from incompatible pointer type [-Wincompatible-pointer-types]
  241 |   HAL_SPI_Transmit(&hspi2,(uint16_t *)&writeBuf2,1,100);
      |                           ^~~~~~~~~~~~~~~~~~~~~~
      |                           |
      |                           uint16_t * {aka short unsigned int *}
In file included from ../../../CM7/Core/Inc/stm32h7xx_hal_conf.h:442,
                 from ../../../Drivers/STM32H7xx_HAL_Driver/Inc/stm32h7xx_hal.h:29,
                 from ../../../CM7/Core/Inc/main.h:30,
                 from C:/Users/joepe/STM32CubeIDE/workspace_1.11.0_2/JAN_24/CM7/Core/Src/main.c:37:
../../../Drivers/STM32H7xx_HAL_Driver/Inc/stm32h7xx_hal_spi.h:865:76: note: expected 'const uint8_t *' {aka 'const unsigned char *'} but argument is of type 'uint16_t *' {aka 'short unsigned int *'}
  865 | HAL_StatusTypeDef HAL_SPI_Transmit(SPI_HandleTypeDef *hspi, const uint8_t *pData, uint16_t Size, uint32_t Timeout);
      |                                                             ~~~~~~~~~~~~~~~^~~~~
C:/Users/joepe/STM32CubeIDE/workspace_1.11.0_2/JAN_24/CM7/Core/Src/main.c:244:27: warning: passing argument 2 of 'HAL_SPI_Transmit' from incompatible pointer type [-Wincompatible-pointer-types]
  244 |   HAL_SPI_Transmit(&hspi2,(uint16_t *)&writeBuf3,1,100);
      |                           ^~~~~~~~~~~~~~~~~~~~~~
      |                           |
      |                           uint16_t * {aka short unsigned int *}
In file included from ../../../CM7/Core/Inc/stm32h7xx_hal_conf.h:442,
                 from ../../../Drivers/STM32H7xx_HAL_Driver/Inc/stm32h7xx_hal.h:29,
                 from ../../../CM7/Core/Inc/main.h:30,
                 from C:/Users/joepe/STM32CubeIDE/workspace_1.11.0_2/JAN_24/CM7/Core/Src/main.c:37:
../../../Drivers/STM32H7xx_HAL_Driver/Inc/stm32h7xx_hal_spi.h:865:76: note: expected 'const uint8_t *' {aka 'const unsigned char *'} but argument is of type 'uint16_t *' {aka 'short unsigned int *'}
  865 | HAL_StatusTypeDef HAL_SPI_Transmit(SPI_HandleTypeDef *hspi, const uint8_t *pData, uint16_t Size, uint32_t Timeout);
      |                                                             ~~~~~~~~~~~~~~~^~~~~
C:/Users/joepe/STM32CubeIDE/workspace_1.11.0_2/JAN_24/CM7/Core/Src/main.c:247:27: warning: passing argument 2 of 'HAL_SPI_Transmit' from incompatible pointer type [-Wincompatible-pointer-types]
  247 |   HAL_SPI_Transmit(&hspi2,(uint16_t *)&writeBuf4,1,100);
      |                           ^~~~~~~~~~~~~~~~~~~~~~
      |                           |
      |                           uint16_t * {aka short unsigned int *}
In file included from ../../../CM7/Core/Inc/stm32h7xx_hal_conf.h:442,
                 from ../../../Drivers/STM32H7xx_HAL_Driver/Inc/stm32h7xx_hal.h:29,
                 from ../../../CM7/Core/Inc/main.h:30,
                 from C:/Users/joepe/STM32CubeIDE/workspace_1.11.0_2/JAN_24/CM7/Core/Src/main.c:37:
../../../Drivers/STM32H7xx_HAL_Driver/Inc/stm32h7xx_hal_spi.h:865:76: note: expected 'const uint8_t *' {aka 'const unsigned char *'} but argument is of type 'uint16_t *' {aka 'short unsigned int *'}
  865 | HAL_StatusTypeDef HAL_SPI_Transmit(SPI_HandleTypeDef *hspi, const uint8_t *pData, uint16_t Size, uint32_t Timeout);
      |                                                             ~~~~~~~~~~~~~~~^~~~~
C:/Users/joepe/STM32CubeIDE/workspace_1.11.0_2/JAN_24/CM7/Core/Src/main.c:250:27: warning: passing argument 2 of 'HAL_SPI_Transmit' from incompatible pointer type [-Wincompatible-pointer-types]
  250 |   HAL_SPI_Transmit(&hspi2,(uint16_t *)&writeBuf5,1,100);
      |                           ^~~~~~~~~~~~~~~~~~~~~~
      |                           |
      |                           uint16_t * {aka short unsigned int *}
In file included from ../../../CM7/Core/Inc/stm32h7xx_hal_conf.h:442,
                 from ../../../Drivers/STM32H7xx_HAL_Driver/Inc/stm32h7xx_hal.h:29,
                 from ../../../CM7/Core/Inc/main.h:30,
                 from C:/Users/joepe/STM32CubeIDE/workspace_1.11.0_2/JAN_24/CM7/Core/Src/main.c:37:
../../../Drivers/STM32H7xx_HAL_Driver/Inc/stm32h7xx_hal_spi.h:865:76: note: expected 'const uint8_t *' {aka 'const unsigned char *'} but argument is of type 'uint16_t *' {aka 'short unsigned int *'}
  865 | HAL_StatusTypeDef HAL_SPI_Transmit(SPI_HandleTypeDef *hspi, const uint8_t *pData, uint16_t Size, uint32_t Timeout);
      |                                                             ~~~~~~~~~~~~~~~^~~~~
C:/Users/joepe/STM32CubeIDE/workspace_1.11.0_2/JAN_24/CM7/Core/Src/main.c:253:27: warning: passing argument 2 of 'HAL_SPI_Transmit' from incompatible pointer type [-Wincompatible-pointer-types]
  253 |   HAL_SPI_Transmit(&hspi2,(uint16_t *)&writeBuf6,1,100);
      |                           ^~~~~~~~~~~~~~~~~~~~~~
      |                           |
      |                           uint16_t * {aka short unsigned int *}
In file included from ../../../CM7/Core/Inc/stm32h7xx_hal_conf.h:442,
                 from ../../../Drivers/STM32H7xx_HAL_Driver/Inc/stm32h7xx_hal.h:29,
                 from ../../../CM7/Core/Inc/main.h:30,
                 from C:/Users/joepe/STM32CubeIDE/workspace_1.11.0_2/JAN_24/CM7/Core/Src/main.c:37:
../../../Drivers/STM32H7xx_HAL_Driver/Inc/stm32h7xx_hal_spi.h:865:76: note: expected 'const uint8_t *' {aka 'const unsigned char *'} but argument is of type 'uint16_t *' {aka 'short unsigned int *'}
  865 | HAL_StatusTypeDef HAL_SPI_Transmit(SPI_HandleTypeDef *hspi, const uint8_t *pData, uint16_t Size, uint32_t Timeout);
      |                                                             ~~~~~~~~~~~~~~~^~~~~
C:/Users/joepe/STM32CubeIDE/workspace_1.11.0_2/JAN_24/CM7/Core/Src/main.c:285:33: warning: passing argument 2 of 'HAL_SPI_Receive' from incompatible pointer type [-Wincompatible-pointer-types]
  285 |         HAL_SPI_Receive(&hspi2, &spi_destroy_buf, 1, 100); //ADC needs this clock to convert analog value to Digital
      |                                 ^~~~~~~~~~~~~~~~
      |                                 |
      |                                 uint16_t * {aka short unsigned int *}
In file included from ../../../CM7/Core/Inc/stm32h7xx_hal_conf.h:442,
                 from ../../../Drivers/STM32H7xx_HAL_Driver/Inc/stm32h7xx_hal.h:29,
                 from ../../../CM7/Core/Inc/main.h:30,
                 from C:/Users/joepe/STM32CubeIDE/workspace_1.11.0_2/JAN_24/CM7/Core/Src/main.c:37:
../../../Drivers/STM32H7xx_HAL_Driver/Inc/stm32h7xx_hal_spi.h:866:69: note: expected 'uint8_t *' {aka 'unsigned char *'} but argument is of type 'uint16_t *' {aka 'short unsigned int *'}
  866 | HAL_StatusTypeDef HAL_SPI_Receive(SPI_HandleTypeDef *hspi, uint8_t *pData, uint16_t Size, uint32_t Timeout);
      |                                                            ~~~~~~~~~^~~~~
C:/Users/joepe/STM32CubeIDE/workspace_1.11.0_2/JAN_24/CM7/Core/Src/main.c:287:33: warning: passing argument 2 of 'HAL_SPI_Receive' from incompatible pointer type [-Wincompatible-pointer-types]
  287 |         HAL_SPI_Receive(&hspi2, &spi_read_buf, 1, 100); // Read digital value from ADC
      |                                 ^~~~~~~~~~~~~
      |                                 |
      |                                 uint16_t * {aka short unsigned int *}
In file included from ../../../CM7/Core/Inc/stm32h7xx_hal_conf.h:442,
                 from ../../../Drivers/STM32H7xx_HAL_Driver/Inc/stm32h7xx_hal.h:29,
                 from ../../../CM7/Core/Inc/main.h:30,
                 from C:/Users/joepe/STM32CubeIDE/workspace_1.11.0_2/JAN_24/CM7/Core/Src/main.c:37:
../../../Drivers/STM32H7xx_HAL_Driver/Inc/stm32h7xx_hal_spi.h:866:69: note: expected 'uint8_t *' {aka 'unsigned char *'} but argument is of type 'uint16_t *' {aka 'short unsigned int *'}
  866 | HAL_StatusTypeDef HAL_SPI_Receive(SPI_HandleTypeDef *hspi, uint8_t *pData, uint16_t Size, uint32_t Timeout);
      |                                                            ~~~~~~~~~^~~~~
C:/Users/joepe/STM32CubeIDE/workspace_1.11.0_2/JAN_24/CM7/Core/Src/main.c:346:7: warning: implicit declaration of function 'strcat' [-Wimplicit-function-declaration]
  346 |       strcat(uart_buf, num); // concatenate string with current number
      |       ^~~~~~
C:/Users/joepe/STM32CubeIDE/workspace_1.11.0_2/JAN_24/CM7/Core/Src/main.c:346:7: warning: incompatible implicit declaration of built-in function 'strcat'
C:/Users/joepe/STM32CubeIDE/workspace_1.11.0_2/JAN_24/CM7/Core/Src/main.c:46:1: note: include '<string.h>' or provide a declaration of 'strcat'
   45 | #include <stdlib.h>
  +++ |+#include <string.h>
   46 | /* USER CODE END Includes */
C:/Users/joepe/STM32CubeIDE/workspace_1.11.0_2/JAN_24/CM7/Core/Src/main.c:357:21: warning: implicit declaration of function 'strlen' [-Wimplicit-function-declaration]
  357 |      uart_buf_len = strlen(uart_buf);//sprintf(uart_buf, "%d", ADCData[127]);
      |                     ^~~~~~
C:/Users/joepe/STM32CubeIDE/workspace_1.11.0_2/JAN_24/CM7/Core/Src/main.c:357:21: warning: incompatible implicit declaration of built-in function 'strlen'
C:/Users/joepe/STM32CubeIDE/workspace_1.11.0_2/JAN_24/CM7/Core/Src/main.c:357:21: note: include '<string.h>' or provide a declaration of 'strlen'
C:/Users/joepe/STM32CubeIDE/workspace_1.11.0_2/JAN_24/CM7/Core/Src/main.c:359:6: warning: implicit declaration of function 'memset' [-Wimplicit-function-declaration]
  359 |      memset(uart_buf,0,uart_buf_len);
      |      ^~~~~~
C:/Users/joepe/STM32CubeIDE/workspace_1.11.0_2/JAN_24/CM7/Core/Src/main.c:359:6: warning: incompatible implicit declaration of built-in function 'memset'
C:/Users/joepe/STM32CubeIDE/workspace_1.11.0_2/JAN_24/CM7/Core/Src/main.c:359:6: note: include '<string.h>' or provide a declaration of 'memset'
C:/Users/joepe/STM32CubeIDE/workspace_1.11.0_2/JAN_24/CM7/Core/Src/main.c:452:32: warning: passing argument 2 of 'HAL_SPI_Transmit' from incompatible pointer type [-Wincompatible-pointer-types]
  452 |        HAL_SPI_Transmit(&hspi2,(uint16_t *)&writeBuf1,1,100);
      |                                ^~~~~~~~~~~~~~~~~~~~~~
      |                                |
      |                                uint16_t * {aka short unsigned int *}
In file included from ../../../CM7/Core/Inc/stm32h7xx_hal_conf.h:442,
                 from ../../../Drivers/STM32H7xx_HAL_Driver/Inc/stm32h7xx_hal.h:29,
                 from ../../../CM7/Core/Inc/main.h:30,
                 from C:/Users/joepe/STM32CubeIDE/workspace_1.11.0_2/JAN_24/CM7/Core/Src/main.c:37:
../../../Drivers/STM32H7xx_HAL_Driver/Inc/stm32h7xx_hal_spi.h:865:76: note: expected 'const uint8_t *' {aka 'const unsigned char *'} but argument is of type 'uint16_t *' {aka 'short unsigned int *'}
  865 | HAL_StatusTypeDef HAL_SPI_Transmit(SPI_HandleTypeDef *hspi, const uint8_t *pData, uint16_t Size, uint32_t Timeout);
      |                                                             ~~~~~~~~~~~~~~~^~~~~
C:/Users/joepe/STM32CubeIDE/workspace_1.11.0_2/JAN_24/CM7/Core/Src/main.c:455:32: warning: passing argument 2 of 'HAL_SPI_Transmit' from incompatible pointer type [-Wincompatible-pointer-types]
  455 |        HAL_SPI_Transmit(&hspi2,(uint16_t *)&writeBuf2,1,100);
      |                                ^~~~~~~~~~~~~~~~~~~~~~
      |                                |
      |                                uint16_t * {aka short unsigned int *}
In file included from ../../../CM7/Core/Inc/stm32h7xx_hal_conf.h:442,
                 from ../../../Drivers/STM32H7xx_HAL_Driver/Inc/stm32h7xx_hal.h:29,
                 from ../../../CM7/Core/Inc/main.h:30,
                 from C:/Users/joepe/STM32CubeIDE/workspace_1.11.0_2/JAN_24/CM7/Core/Src/main.c:37:
../../../Drivers/STM32H7xx_HAL_Driver/Inc/stm32h7xx_hal_spi.h:865:76: note: expected 'const uint8_t *' {aka 'const unsigned char *'} but argument is of type 'uint16_t *' {aka 'short unsigned int *'}
  865 | HAL_StatusTypeDef HAL_SPI_Transmit(SPI_HandleTypeDef *hspi, const uint8_t *pData, uint16_t Size, uint32_t Timeout);
      |                                                             ~~~~~~~~~~~~~~~^~~~~
C:/Users/joepe/STM32CubeIDE/workspace_1.11.0_2/JAN_24/CM7/Core/Src/main.c:458:32: warning: passing argument 2 of 'HAL_SPI_Transmit' from incompatible pointer type [-Wincompatible-pointer-types]
  458 |        HAL_SPI_Transmit(&hspi2,(uint16_t *)&writeBuf3,1,100);
      |                                ^~~~~~~~~~~~~~~~~~~~~~
      |                                |
      |                                uint16_t * {aka short unsigned int *}
In file included from ../../../CM7/Core/Inc/stm32h7xx_hal_conf.h:442,
                 from ../../../Drivers/STM32H7xx_HAL_Driver/Inc/stm32h7xx_hal.h:29,
                 from ../../../CM7/Core/Inc/main.h:30,
                 from C:/Users/joepe/STM32CubeIDE/workspace_1.11.0_2/JAN_24/CM7/Core/Src/main.c:37:
../../../Drivers/STM32H7xx_HAL_Driver/Inc/stm32h7xx_hal_spi.h:865:76: note: expected 'const uint8_t *' {aka 'const unsigned char *'} but argument is of type 'uint16_t *' {aka 'short unsigned int *'}
  865 | HAL_StatusTypeDef HAL_SPI_Transmit(SPI_HandleTypeDef *hspi, const uint8_t *pData, uint16_t Size, uint32_t Timeout);
      |                                                             ~~~~~~~~~~~~~~~^~~~~
C:/Users/joepe/STM32CubeIDE/workspace_1.11.0_2/JAN_24/CM7/Core/Src/main.c:461:32: warning: passing argument 2 of 'HAL_SPI_Transmit' from incompatible pointer type [-Wincompatible-pointer-types]
  461 |        HAL_SPI_Transmit(&hspi2,(uint16_t *)&writeBuf4,1,100);
      |                                ^~~~~~~~~~~~~~~~~~~~~~
      |                                |
      |                                uint16_t * {aka short unsigned int *}
In file included from ../../../CM7/Core/Inc/stm32h7xx_hal_conf.h:442,
                 from ../../../Drivers/STM32H7xx_HAL_Driver/Inc/stm32h7xx_hal.h:29,
                 from ../../../CM7/Core/Inc/main.h:30,
                 from C:/Users/joepe/STM32CubeIDE/workspace_1.11.0_2/JAN_24/CM7/Core/Src/main.c:37:
../../../Drivers/STM32H7xx_HAL_Driver/Inc/stm32h7xx_hal_spi.h:865:76: note: expected 'const uint8_t *' {aka 'const unsigned char *'} but argument is of type 'uint16_t *' {aka 'short unsigned int *'}
  865 | HAL_StatusTypeDef HAL_SPI_Transmit(SPI_HandleTypeDef *hspi, const uint8_t *pData, uint16_t Size, uint32_t Timeout);
      |                                                             ~~~~~~~~~~~~~~~^~~~~
C:/Users/joepe/STM32CubeIDE/workspace_1.11.0_2/JAN_24/CM7/Core/Src/main.c:464:32: warning: passing argument 2 of 'HAL_SPI_Transmit' from incompatible pointer type [-Wincompatible-pointer-types]
  464 |        HAL_SPI_Transmit(&hspi2,(uint16_t *)&writeBuf5,1,100);
      |                                ^~~~~~~~~~~~~~~~~~~~~~
      |                                |
      |                                uint16_t * {aka short unsigned int *}
In file included from ../../../CM7/Core/Inc/stm32h7xx_hal_conf.h:442,
                 from ../../../Drivers/STM32H7xx_HAL_Driver/Inc/stm32h7xx_hal.h:29,
                 from ../../../CM7/Core/Inc/main.h:30,
                 from C:/Users/joepe/STM32CubeIDE/workspace_1.11.0_2/JAN_24/CM7/Core/Src/main.c:37:
../../../Drivers/STM32H7xx_HAL_Driver/Inc/stm32h7xx_hal_spi.h:865:76: note: expected 'const uint8_t *' {aka 'const unsigned char *'} but argument is of type 'uint16_t *' {aka 'short unsigned int *'}
  865 | HAL_StatusTypeDef HAL_SPI_Transmit(SPI_HandleTypeDef *hspi, const uint8_t *pData, uint16_t Size, uint32_t Timeout);
      |                                                             ~~~~~~~~~~~~~~~^~~~~
C:/Users/joepe/STM32CubeIDE/workspace_1.11.0_2/JAN_24/CM7/Core/Src/main.c:467:32: warning: passing argument 2 of 'HAL_SPI_Transmit' from incompatible pointer type [-Wincompatible-pointer-types]
  467 |        HAL_SPI_Transmit(&hspi2,(uint16_t *)&writeBuf6,1,100);
      |                                ^~~~~~~~~~~~~~~~~~~~~~
      |                                |
      |                                uint16_t * {aka short unsigned int *}
In file included from ../../../CM7/Core/Inc/stm32h7xx_hal_conf.h:442,
                 from ../../../Drivers/STM32H7xx_HAL_Driver/Inc/stm32h7xx_hal.h:29,
                 from ../../../CM7/Core/Inc/main.h:30,
                 from C:/Users/joepe/STM32CubeIDE/workspace_1.11.0_2/JAN_24/CM7/Core/Src/main.c:37:
../../../Drivers/STM32H7xx_HAL_Driver/Inc/stm32h7xx_hal_spi.h:865:76: note: expected 'const uint8_t *' {aka 'const unsigned char *'} but argument is of type 'uint16_t *' {aka 'short unsigned int *'}
  865 | HAL_StatusTypeDef HAL_SPI_Transmit(SPI_HandleTypeDef *hspi, const uint8_t *pData, uint16_t Size, uint32_t Timeout);
      |                                                             ~~~~~~~~~~~~~~~^~~~~
arm-none-eabi-gcc -o "JAN_24_CM7.elf" @"objects.list"   -mcpu=cortex-m7 -T"C:\Users\joepe\STM32CubeIDE\workspace_1.11.0_2\JAN_24\STM32CubeIDE\CM7\STM32H745XIHX_FLASH.ld" --specs=nosys.specs -Wl,-Map="JAN_24_CM7.map" -Wl,--gc-sections -static --specs=nano.specs -mfpu=fpv5-d16 -mfloat-abi=hard -mthumb -Wl,--start-group -lc -lm -Wl,--end-group
Finished building target: JAN_24_CM7.elf
 
arm-none-eabi-size   JAN_24_CM7.elf 
arm-none-eabi-objdump -h -S  JAN_24_CM7.elf  > "JAN_24_CM7.list"
   text	   data	    bss	    dec	    hex	filename
  56080	    128	   2536	  58744	   e578	JAN_24_CM7.elf
Finished building: default.size.stdout
 
Finished building: JAN_24_CM7.list
 
08:40:35 **** Incremental Build of configuration Debug for project JAN_24_CM4 ****
make -j4 all 
arm-none-eabi-size   JAN_24_CM4.elf 
   text	   data	    bss	    dec	    hex	filename
   3184	     24	   1568	   4776	   12a8	JAN_24_CM4.elf
Finished building: default.size.stdout
 
08:40:36 **** Incremental Build of configuration Debug for project JAN_24_CM7 ****
make -j4 all 
arm-none-eabi-size   JAN_24_CM7.elf 
   text	   data	    bss	    dec	    hex	filename
  56080	    128	   2536	  58744	   e578	JAN_24_CM7.elf
Finished building: default.size.stdout
 
08:59:10 **** Incremental Build of configuration Debug for project JAN_24_CM4 ****
make -j4 all 
arm-none-eabi-size   JAN_24_CM4.elf 
   text	   data	    bss	    dec	    hex	filename
   3184	     24	   1568	   4776	   12a8	JAN_24_CM4.elf
Finished building: default.size.stdout
 
08:59:11 **** Incremental Build of configuration Debug for project JAN_24_CM7 ****
make -j4 all 
arm-none-eabi-size   JAN_24_CM7.elf 
   text	   data	    bss	    dec	    hex	filename
  56080	    128	   2536	  58744	   e578	JAN_24_CM7.elf
Finished building: default.size.stdout
 
