08:52:20 **** Incremental Build of configuration Debug for project JAN_24_CM7 ****
make -j4 all 
arm-none-eabi-gcc "C:/Users/joepe/STM32CubeIDE/workspace_1.11.0_2/JAN_24/CM7/Core/Src/main.c" -mcpu=cortex-m7 -std=gnu11 -g3 -DDEBUG -DCORE_CM7 -DUSE_HAL_DRIVER -DSTM32H745xx -c -I../../../CM7/Core/Inc -I../../../Drivers/STM32H7xx_HAL_Driver/Inc -I../../../Drivers/STM32H7xx_HAL_Driver/Inc/Legacy -I../../../Drivers/CMSIS/Device/ST/STM32H7xx/Include -I../../../Drivers/CMSIS/Include -O0 -ffunction-sections -fdata-sections -Wall -fstack-usage -MMD -MP -MF"Application/User/Core/main.d" -MT"Application/User/Core/main.o" --specs=nano.specs -mfpu=fpv5-d16 -mfloat-abi=hard -mthumb -o "Application/User/Core/main.o"
C:/Users/joepe/STM32CubeIDE/workspace_1.11.0_2/JAN_24/CM7/Core/Src/main.c: In function 'main':
C:/Users/joepe/STM32CubeIDE/workspace_1.11.0_2/JAN_24/CM7/Core/Src/main.c:263:28: warning: passing argument 2 of 'HAL_SPI_Transmit' from incompatible pointer type [-Wincompatible-pointer-types]
  263 |    HAL_SPI_Transmit(&hspi2,(uint16_t *)&writeBuf,1,100);
      |                            ^~~~~~~~~~~~~~~~~~~~~
      |                            |
      |                            uint16_t * {aka short unsigned int *}
In file included from ../../../CM7/Core/Inc/stm32h7xx_hal_conf.h:442,
                 from ../../../Drivers/STM32H7xx_HAL_Driver/Inc/stm32h7xx_hal.h:29,
                 from ../../../CM7/Core/Inc/main.h:30,
                 from C:/Users/joepe/STM32CubeIDE/workspace_1.11.0_2/JAN_24/CM7/Core/Src/main.c:20:
../../../Drivers/STM32H7xx_HAL_Driver/Inc/stm32h7xx_hal_spi.h:865:76: note: expected 'const uint8_t *' {aka 'const unsigned char *'} but argument is of type 'uint16_t *' {aka 'short unsigned int *'}
  865 | HAL_StatusTypeDef HAL_SPI_Transmit(SPI_HandleTypeDef *hspi, const uint8_t *pData, uint16_t Size, uint32_t Timeout);
      |                                                             ~~~~~~~~~~~~~~~^~~~~
C:/Users/joepe/STM32CubeIDE/workspace_1.11.0_2/JAN_24/CM7/Core/Src/main.c:266:28: warning: passing argument 2 of 'HAL_SPI_Transmit' from incompatible pointer type [-Wincompatible-pointer-types]
  266 |    HAL_SPI_Transmit(&hspi2,(uint16_t *)&writeBuf2,1,100);
      |                            ^~~~~~~~~~~~~~~~~~~~~~
      |                            |
      |                            uint16_t * {aka short unsigned int *}
In file included from ../../../CM7/Core/Inc/stm32h7xx_hal_conf.h:442,
                 from ../../../Drivers/STM32H7xx_HAL_Driver/Inc/stm32h7xx_hal.h:29,
                 from ../../../CM7/Core/Inc/main.h:30,
                 from C:/Users/joepe/STM32CubeIDE/workspace_1.11.0_2/JAN_24/CM7/Core/Src/main.c:20:
../../../Drivers/STM32H7xx_HAL_Driver/Inc/stm32h7xx_hal_spi.h:865:76: note: expected 'const uint8_t *' {aka 'const unsigned char *'} but argument is of type 'uint16_t *' {aka 'short unsigned int *'}
  865 | HAL_StatusTypeDef HAL_SPI_Transmit(SPI_HandleTypeDef *hspi, const uint8_t *pData, uint16_t Size, uint32_t Timeout);
      |                                                             ~~~~~~~~~~~~~~~^~~~~
C:/Users/joepe/STM32CubeIDE/workspace_1.11.0_2/JAN_24/CM7/Core/Src/main.c:178:11: warning: unused variable 'timeout' [-Wunused-variable]
  178 |   int32_t timeout;
      |           ^~~~~~~
C:/Users/joepe/STM32CubeIDE/workspace_1.11.0_2/JAN_24/CM7/Core/Src/main.c:173:6: warning: variable 'spi_buf_len' set but not used [-Wunused-but-set-variable]
  173 |  int spi_buf_len;
      |      ^~~~~~~~~~~
arm-none-eabi-gcc -o "JAN_24_CM7.elf" @"objects.list"   -mcpu=cortex-m7 -T"C:\Users\joepe\STM32CubeIDE\workspace_1.11.0_2\JAN_24\STM32CubeIDE\CM7\STM32H745XIHX_FLASH.ld" --specs=nosys.specs -Wl,-Map="JAN_24_CM7.map" -Wl,--gc-sections -static --specs=nano.specs -mfpu=fpv5-d16 -mfloat-abi=hard -mthumb -Wl,--start-group -lc -lm -Wl,--end-group
Finished building target: JAN_24_CM7.elf
 
arm-none-eabi-size   JAN_24_CM7.elf 
arm-none-eabi-objdump -h -S  JAN_24_CM7.elf  > "JAN_24_CM7.list"
   text	   data	    bss	    dec	    hex	filename
  34904	    124	   2180	  37208	   9158	JAN_24_CM7.elf
Finished building: default.size.stdout
 
Finished building: JAN_24_CM7.list
 
08:53:57 **** Incremental Build of configuration Debug for project JAN_24_CM4 ****
make -j4 all 
arm-none-eabi-size   JAN_24_CM4.elf 
   text	   data	    bss	    dec	    hex	filename
   3128	     24	   1568	   4720	   1270	JAN_24_CM4.elf
Finished building: default.size.stdout
 
08:53:59 **** Incremental Build of configuration Debug for project JAN_24_CM7 ****
make -j4 all 
arm-none-eabi-size   JAN_24_CM7.elf 
   text	   data	    bss	    dec	    hex	filename
  34904	    124	   2180	  37208	   9158	JAN_24_CM7.elf
Finished building: default.size.stdout
 
08:57:55 **** Incremental Build of configuration Debug for project JAN_24_CM4 ****
make -j4 all 
arm-none-eabi-gcc -o "JAN_24_CM4.elf" @"objects.list"   -mcpu=cortex-m4 -T"C:\Users\joepe\STM32CubeIDE\workspace_1.11.0_2\JAN_24\STM32CubeIDE\CM4\STM32H745XIHX_FLASH.ld" --specs=nosys.specs -Wl,-Map="JAN_24_CM4.map" -Wl,--gc-sections -static --specs=nano.specs -mfpu=fpv4-sp-d16 -mfloat-abi=hard -mthumb -Wl,--start-group -lc -lm -Wl,--end-group
Finished building target: JAN_24_CM4.elf
 
arm-none-eabi-size   JAN_24_CM4.elf 
arm-none-eabi-objdump -h -S  JAN_24_CM4.elf  > "JAN_24_CM4.list"
   text	   data	    bss	    dec	    hex	filename
   3128	     24	   1568	   4720	   1270	JAN_24_CM4.elf
Finished building: default.size.stdout
 
Finished building: JAN_24_CM4.list
 
08:58:00 **** Incremental Build of configuration Debug for project JAN_24_CM7 ****
make -j4 all 
arm-none-eabi-gcc "C:/Users/joepe/STM32CubeIDE/workspace_1.11.0_2/JAN_24/CM7/Core/Src/main.c" -mcpu=cortex-m7 -std=gnu11 -g3 -DDEBUG -DCORE_CM7 -DUSE_HAL_DRIVER -DSTM32H745xx -c -I../../../CM7/Core/Inc -I../../../Drivers/STM32H7xx_HAL_Driver/Inc -I../../../Drivers/STM32H7xx_HAL_Driver/Inc/Legacy -I../../../Drivers/CMSIS/Device/ST/STM32H7xx/Include -I../../../Drivers/CMSIS/Include -O0 -ffunction-sections -fdata-sections -Wall -fstack-usage -MMD -MP -MF"Application/User/Core/main.d" -MT"Application/User/Core/main.o" --specs=nano.specs -mfpu=fpv5-d16 -mfloat-abi=hard -mthumb -o "Application/User/Core/main.o"
C:/Users/joepe/STM32CubeIDE/workspace_1.11.0_2/JAN_24/CM7/Core/Src/main.c: In function 'main':
C:/Users/joepe/STM32CubeIDE/workspace_1.11.0_2/JAN_24/CM7/Core/Src/main.c:263:28: warning: passing argument 2 of 'HAL_SPI_Transmit' from incompatible pointer type [-Wincompatible-pointer-types]
  263 |    HAL_SPI_Transmit(&hspi2,(uint16_t *)&writeBuf,1,100);
      |                            ^~~~~~~~~~~~~~~~~~~~~
      |                            |
      |                            uint16_t * {aka short unsigned int *}
In file included from ../../../CM7/Core/Inc/stm32h7xx_hal_conf.h:442,
                 from ../../../Drivers/STM32H7xx_HAL_Driver/Inc/stm32h7xx_hal.h:29,
                 from ../../../CM7/Core/Inc/main.h:30,
                 from C:/Users/joepe/STM32CubeIDE/workspace_1.11.0_2/JAN_24/CM7/Core/Src/main.c:20:
../../../Drivers/STM32H7xx_HAL_Driver/Inc/stm32h7xx_hal_spi.h:865:76: note: expected 'const uint8_t *' {aka 'const unsigned char *'} but argument is of type 'uint16_t *' {aka 'short unsigned int *'}
  865 | HAL_StatusTypeDef HAL_SPI_Transmit(SPI_HandleTypeDef *hspi, const uint8_t *pData, uint16_t Size, uint32_t Timeout);
      |                                                             ~~~~~~~~~~~~~~~^~~~~
C:/Users/joepe/STM32CubeIDE/workspace_1.11.0_2/JAN_24/CM7/Core/Src/main.c:266:28: warning: passing argument 2 of 'HAL_SPI_Transmit' from incompatible pointer type [-Wincompatible-pointer-types]
  266 |    HAL_SPI_Transmit(&hspi2,(uint16_t *)&writeBuf2,1,100);
      |                            ^~~~~~~~~~~~~~~~~~~~~~
      |                            |
      |                            uint16_t * {aka short unsigned int *}
In file included from ../../../CM7/Core/Inc/stm32h7xx_hal_conf.h:442,
                 from ../../../Drivers/STM32H7xx_HAL_Driver/Inc/stm32h7xx_hal.h:29,
                 from ../../../CM7/Core/Inc/main.h:30,
                 from C:/Users/joepe/STM32CubeIDE/workspace_1.11.0_2/JAN_24/CM7/Core/Src/main.c:20:
../../../Drivers/STM32H7xx_HAL_Driver/Inc/stm32h7xx_hal_spi.h:865:76: note: expected 'const uint8_t *' {aka 'const unsigned char *'} but argument is of type 'uint16_t *' {aka 'short unsigned int *'}
  865 | HAL_StatusTypeDef HAL_SPI_Transmit(SPI_HandleTypeDef *hspi, const uint8_t *pData, uint16_t Size, uint32_t Timeout);
      |                                                             ~~~~~~~~~~~~~~~^~~~~
C:/Users/joepe/STM32CubeIDE/workspace_1.11.0_2/JAN_24/CM7/Core/Src/main.c:178:11: warning: unused variable 'timeout' [-Wunused-variable]
  178 |   int32_t timeout;
      |           ^~~~~~~
C:/Users/joepe/STM32CubeIDE/workspace_1.11.0_2/JAN_24/CM7/Core/Src/main.c:173:6: warning: variable 'spi_buf_len' set but not used [-Wunused-but-set-variable]
  173 |  int spi_buf_len;
      |      ^~~~~~~~~~~
arm-none-eabi-gcc -o "JAN_24_CM7.elf" @"objects.list"   -mcpu=cortex-m7 -T"C:\Users\joepe\STM32CubeIDE\workspace_1.11.0_2\JAN_24\STM32CubeIDE\CM7\STM32H745XIHX_FLASH.ld" --specs=nosys.specs -Wl,-Map="JAN_24_CM7.map" -Wl,--gc-sections -static --specs=nano.specs -mfpu=fpv5-d16 -mfloat-abi=hard -mthumb -Wl,--start-group -lc -lm -Wl,--end-group
Finished building target: JAN_24_CM7.elf
 
arm-none-eabi-size   JAN_24_CM7.elf 
arm-none-eabi-objdump -h -S  JAN_24_CM7.elf  > "JAN_24_CM7.list"
   text	   data	    bss	    dec	    hex	filename
  34904	    124	   2180	  37208	   9158	JAN_24_CM7.elf
Finished building: default.size.stdout
 
Finished building: JAN_24_CM7.list
 
09:00:00 **** Incremental Build of configuration Debug for project JAN_24_CM4 ****
make -j4 all 
arm-none-eabi-size   JAN_24_CM4.elf 
   text	   data	    bss	    dec	    hex	filename
   3128	     24	   1568	   4720	   1270	JAN_24_CM4.elf
Finished building: default.size.stdout
 
09:00:01 **** Incremental Build of configuration Debug for project JAN_24_CM7 ****
make -j4 all 
arm-none-eabi-gcc "C:/Users/joepe/STM32CubeIDE/workspace_1.11.0_2/JAN_24/CM7/Core/Src/main.c" -mcpu=cortex-m7 -std=gnu11 -g3 -DDEBUG -DCORE_CM7 -DUSE_HAL_DRIVER -DSTM32H745xx -c -I../../../CM7/Core/Inc -I../../../Drivers/STM32H7xx_HAL_Driver/Inc -I../../../Drivers/STM32H7xx_HAL_Driver/Inc/Legacy -I../../../Drivers/CMSIS/Device/ST/STM32H7xx/Include -I../../../Drivers/CMSIS/Include -O0 -ffunction-sections -fdata-sections -Wall -fstack-usage -MMD -MP -MF"Application/User/Core/main.d" -MT"Application/User/Core/main.o" --specs=nano.specs -mfpu=fpv5-d16 -mfloat-abi=hard -mthumb -o "Application/User/Core/main.o"
C:/Users/joepe/STM32CubeIDE/workspace_1.11.0_2/JAN_24/CM7/Core/Src/main.c: In function 'main':
C:/Users/joepe/STM32CubeIDE/workspace_1.11.0_2/JAN_24/CM7/Core/Src/main.c:263:28: warning: passing argument 2 of 'HAL_SPI_Transmit' from incompatible pointer type [-Wincompatible-pointer-types]
  263 |    HAL_SPI_Transmit(&hspi2,(uint16_t *)&writeBuf,1,100);
      |                            ^~~~~~~~~~~~~~~~~~~~~
      |                            |
      |                            uint16_t * {aka short unsigned int *}
In file included from ../../../CM7/Core/Inc/stm32h7xx_hal_conf.h:442,
                 from ../../../Drivers/STM32H7xx_HAL_Driver/Inc/stm32h7xx_hal.h:29,
                 from ../../../CM7/Core/Inc/main.h:30,
                 from C:/Users/joepe/STM32CubeIDE/workspace_1.11.0_2/JAN_24/CM7/Core/Src/main.c:20:
../../../Drivers/STM32H7xx_HAL_Driver/Inc/stm32h7xx_hal_spi.h:865:76: note: expected 'const uint8_t *' {aka 'const unsigned char *'} but argument is of type 'uint16_t *' {aka 'short unsigned int *'}
  865 | HAL_StatusTypeDef HAL_SPI_Transmit(SPI_HandleTypeDef *hspi, const uint8_t *pData, uint16_t Size, uint32_t Timeout);
      |                                                             ~~~~~~~~~~~~~~~^~~~~
C:/Users/joepe/STM32CubeIDE/workspace_1.11.0_2/JAN_24/CM7/Core/Src/main.c:266:28: warning: passing argument 2 of 'HAL_SPI_Transmit' from incompatible pointer type [-Wincompatible-pointer-types]
  266 |    HAL_SPI_Transmit(&hspi2,(uint16_t *)&writeBuf2,1,100);
      |                            ^~~~~~~~~~~~~~~~~~~~~~
      |                            |
      |                            uint16_t * {aka short unsigned int *}
In file included from ../../../CM7/Core/Inc/stm32h7xx_hal_conf.h:442,
                 from ../../../Drivers/STM32H7xx_HAL_Driver/Inc/stm32h7xx_hal.h:29,
                 from ../../../CM7/Core/Inc/main.h:30,
                 from C:/Users/joepe/STM32CubeIDE/workspace_1.11.0_2/JAN_24/CM7/Core/Src/main.c:20:
../../../Drivers/STM32H7xx_HAL_Driver/Inc/stm32h7xx_hal_spi.h:865:76: note: expected 'const uint8_t *' {aka 'const unsigned char *'} but argument is of type 'uint16_t *' {aka 'short unsigned int *'}
  865 | HAL_StatusTypeDef HAL_SPI_Transmit(SPI_HandleTypeDef *hspi, const uint8_t *pData, uint16_t Size, uint32_t Timeout);
      |                                                             ~~~~~~~~~~~~~~~^~~~~
C:/Users/joepe/STM32CubeIDE/workspace_1.11.0_2/JAN_24/CM7/Core/Src/main.c:178:11: warning: unused variable 'timeout' [-Wunused-variable]
  178 |   int32_t timeout;
      |           ^~~~~~~
C:/Users/joepe/STM32CubeIDE/workspace_1.11.0_2/JAN_24/CM7/Core/Src/main.c:173:6: warning: variable 'spi_buf_len' set but not used [-Wunused-but-set-variable]
  173 |  int spi_buf_len;
      |      ^~~~~~~~~~~
arm-none-eabi-gcc -o "JAN_24_CM7.elf" @"objects.list"   -mcpu=cortex-m7 -T"C:\Users\joepe\STM32CubeIDE\workspace_1.11.0_2\JAN_24\STM32CubeIDE\CM7\STM32H745XIHX_FLASH.ld" --specs=nosys.specs -Wl,-Map="JAN_24_CM7.map" -Wl,--gc-sections -static --specs=nano.specs -mfpu=fpv5-d16 -mfloat-abi=hard -mthumb -Wl,--start-group -lc -lm -Wl,--end-group
Finished building target: JAN_24_CM7.elf
 
arm-none-eabi-size   JAN_24_CM7.elf 
arm-none-eabi-objdump -h -S  JAN_24_CM7.elf  > "JAN_24_CM7.list"
   text	   data	    bss	    dec	    hex	filename
  34904	    124	   2180	  37208	   9158	JAN_24_CM7.elf
Finished building: default.size.stdout
 
Finished building: JAN_24_CM7.list
 
09:00:51 **** Incremental Build of configuration Debug for project JAN_24_CM4 ****
make -j4 all 
arm-none-eabi-size   JAN_24_CM4.elf 
   text	   data	    bss	    dec	    hex	filename
   3128	     24	   1568	   4720	   1270	JAN_24_CM4.elf
Finished building: default.size.stdout
 
09:00:52 **** Incremental Build of configuration Debug for project JAN_24_CM7 ****
make -j4 all 
arm-none-eabi-gcc "C:/Users/joepe/STM32CubeIDE/workspace_1.11.0_2/JAN_24/CM7/Core/Src/main.c" -mcpu=cortex-m7 -std=gnu11 -g3 -DDEBUG -DCORE_CM7 -DUSE_HAL_DRIVER -DSTM32H745xx -c -I../../../CM7/Core/Inc -I../../../Drivers/STM32H7xx_HAL_Driver/Inc -I../../../Drivers/STM32H7xx_HAL_Driver/Inc/Legacy -I../../../Drivers/CMSIS/Device/ST/STM32H7xx/Include -I../../../Drivers/CMSIS/Include -O0 -ffunction-sections -fdata-sections -Wall -fstack-usage -MMD -MP -MF"Application/User/Core/main.d" -MT"Application/User/Core/main.o" --specs=nano.specs -mfpu=fpv5-d16 -mfloat-abi=hard -mthumb -o "Application/User/Core/main.o"
C:/Users/joepe/STM32CubeIDE/workspace_1.11.0_2/JAN_24/CM7/Core/Src/main.c: In function 'main':
C:/Users/joepe/STM32CubeIDE/workspace_1.11.0_2/JAN_24/CM7/Core/Src/main.c:263:28: warning: passing argument 2 of 'HAL_SPI_Transmit' from incompatible pointer type [-Wincompatible-pointer-types]
  263 |    HAL_SPI_Transmit(&hspi2,(uint16_t *)&writeBuf,1,100);
      |                            ^~~~~~~~~~~~~~~~~~~~~
      |                            |
      |                            uint16_t * {aka short unsigned int *}
In file included from ../../../CM7/Core/Inc/stm32h7xx_hal_conf.h:442,
                 from ../../../Drivers/STM32H7xx_HAL_Driver/Inc/stm32h7xx_hal.h:29,
                 from ../../../CM7/Core/Inc/main.h:30,
                 from C:/Users/joepe/STM32CubeIDE/workspace_1.11.0_2/JAN_24/CM7/Core/Src/main.c:20:
../../../Drivers/STM32H7xx_HAL_Driver/Inc/stm32h7xx_hal_spi.h:865:76: note: expected 'const uint8_t *' {aka 'const unsigned char *'} but argument is of type 'uint16_t *' {aka 'short unsigned int *'}
  865 | HAL_StatusTypeDef HAL_SPI_Transmit(SPI_HandleTypeDef *hspi, const uint8_t *pData, uint16_t Size, uint32_t Timeout);
      |                                                             ~~~~~~~~~~~~~~~^~~~~
C:/Users/joepe/STM32CubeIDE/workspace_1.11.0_2/JAN_24/CM7/Core/Src/main.c:266:28: warning: passing argument 2 of 'HAL_SPI_Transmit' from incompatible pointer type [-Wincompatible-pointer-types]
  266 |    HAL_SPI_Transmit(&hspi2,(uint16_t *)&writeBuf2,1,100);
      |                            ^~~~~~~~~~~~~~~~~~~~~~
      |                            |
      |                            uint16_t * {aka short unsigned int *}
In file included from ../../../CM7/Core/Inc/stm32h7xx_hal_conf.h:442,
                 from ../../../Drivers/STM32H7xx_HAL_Driver/Inc/stm32h7xx_hal.h:29,
                 from ../../../CM7/Core/Inc/main.h:30,
                 from C:/Users/joepe/STM32CubeIDE/workspace_1.11.0_2/JAN_24/CM7/Core/Src/main.c:20:
../../../Drivers/STM32H7xx_HAL_Driver/Inc/stm32h7xx_hal_spi.h:865:76: note: expected 'const uint8_t *' {aka 'const unsigned char *'} but argument is of type 'uint16_t *' {aka 'short unsigned int *'}
  865 | HAL_StatusTypeDef HAL_SPI_Transmit(SPI_HandleTypeDef *hspi, const uint8_t *pData, uint16_t Size, uint32_t Timeout);
      |                                                             ~~~~~~~~~~~~~~~^~~~~
C:/Users/joepe/STM32CubeIDE/workspace_1.11.0_2/JAN_24/CM7/Core/Src/main.c:178:11: warning: unused variable 'timeout' [-Wunused-variable]
  178 |   int32_t timeout;
      |           ^~~~~~~
C:/Users/joepe/STM32CubeIDE/workspace_1.11.0_2/JAN_24/CM7/Core/Src/main.c:173:6: warning: variable 'spi_buf_len' set but not used [-Wunused-but-set-variable]
  173 |  int spi_buf_len;
      |      ^~~~~~~~~~~
arm-none-eabi-gcc -o "JAN_24_CM7.elf" @"objects.list"   -mcpu=cortex-m7 -T"C:\Users\joepe\STM32CubeIDE\workspace_1.11.0_2\JAN_24\STM32CubeIDE\CM7\STM32H745XIHX_FLASH.ld" --specs=nosys.specs -Wl,-Map="JAN_24_CM7.map" -Wl,--gc-sections -static --specs=nano.specs -mfpu=fpv5-d16 -mfloat-abi=hard -mthumb -Wl,--start-group -lc -lm -Wl,--end-group
Finished building target: JAN_24_CM7.elf
 
arm-none-eabi-size   JAN_24_CM7.elf 
arm-none-eabi-objdump -h -S  JAN_24_CM7.elf  > "JAN_24_CM7.list"
   text	   data	    bss	    dec	    hex	filename
  34904	    124	   2180	  37208	   9158	JAN_24_CM7.elf
Finished building: default.size.stdout
 
Finished building: JAN_24_CM7.list
 
09:02:30 **** Incremental Build of configuration Debug for project JAN_24_CM4 ****
make -j4 all 
arm-none-eabi-size   JAN_24_CM4.elf 
   text	   data	    bss	    dec	    hex	filename
   3128	     24	   1568	   4720	   1270	JAN_24_CM4.elf
Finished building: default.size.stdout
 
09:02:31 **** Incremental Build of configuration Debug for project JAN_24_CM7 ****
make -j4 all 
arm-none-eabi-size   JAN_24_CM7.elf 
   text	   data	    bss	    dec	    hex	filename
  34904	    124	   2180	  37208	   9158	JAN_24_CM7.elf
Finished building: default.size.stdout
 
09:04:13 **** Incremental Build of configuration Debug for project JAN_24_CM4 ****
make -j4 all 
arm-none-eabi-size   JAN_24_CM4.elf 
   text	   data	    bss	    dec	    hex	filename
   3128	     24	   1568	   4720	   1270	JAN_24_CM4.elf
Finished building: default.size.stdout
 
09:04:14 **** Incremental Build of configuration Debug for project JAN_24_CM7 ****
make -j4 all 
arm-none-eabi-gcc "C:/Users/joepe/STM32CubeIDE/workspace_1.11.0_2/JAN_24/CM7/Core/Src/main.c" -mcpu=cortex-m7 -std=gnu11 -g3 -DDEBUG -DCORE_CM7 -DUSE_HAL_DRIVER -DSTM32H745xx -c -I../../../CM7/Core/Inc -I../../../Drivers/STM32H7xx_HAL_Driver/Inc -I../../../Drivers/STM32H7xx_HAL_Driver/Inc/Legacy -I../../../Drivers/CMSIS/Device/ST/STM32H7xx/Include -I../../../Drivers/CMSIS/Include -O0 -ffunction-sections -fdata-sections -Wall -fstack-usage -MMD -MP -MF"Application/User/Core/main.d" -MT"Application/User/Core/main.o" --specs=nano.specs -mfpu=fpv5-d16 -mfloat-abi=hard -mthumb -o "Application/User/Core/main.o"
C:/Users/joepe/STM32CubeIDE/workspace_1.11.0_2/JAN_24/CM7/Core/Src/main.c: In function 'main':
C:/Users/joepe/STM32CubeIDE/workspace_1.11.0_2/JAN_24/CM7/Core/Src/main.c:263:28: warning: passing argument 2 of 'HAL_SPI_Transmit' from incompatible pointer type [-Wincompatible-pointer-types]
  263 |    HAL_SPI_Transmit(&hspi2,(uint16_t *)&writeBuf,1,100);
      |                            ^~~~~~~~~~~~~~~~~~~~~
      |                            |
      |                            uint16_t * {aka short unsigned int *}
In file included from ../../../CM7/Core/Inc/stm32h7xx_hal_conf.h:442,
                 from ../../../Drivers/STM32H7xx_HAL_Driver/Inc/stm32h7xx_hal.h:29,
                 from ../../../CM7/Core/Inc/main.h:30,
                 from C:/Users/joepe/STM32CubeIDE/workspace_1.11.0_2/JAN_24/CM7/Core/Src/main.c:20:
../../../Drivers/STM32H7xx_HAL_Driver/Inc/stm32h7xx_hal_spi.h:865:76: note: expected 'const uint8_t *' {aka 'const unsigned char *'} but argument is of type 'uint16_t *' {aka 'short unsigned int *'}
  865 | HAL_StatusTypeDef HAL_SPI_Transmit(SPI_HandleTypeDef *hspi, const uint8_t *pData, uint16_t Size, uint32_t Timeout);
      |                                                             ~~~~~~~~~~~~~~~^~~~~
C:/Users/joepe/STM32CubeIDE/workspace_1.11.0_2/JAN_24/CM7/Core/Src/main.c:266:28: warning: passing argument 2 of 'HAL_SPI_Transmit' from incompatible pointer type [-Wincompatible-pointer-types]
  266 |    HAL_SPI_Transmit(&hspi2,(uint16_t *)&writeBuf2,1,100);
      |                            ^~~~~~~~~~~~~~~~~~~~~~
      |                            |
      |                            uint16_t * {aka short unsigned int *}
In file included from ../../../CM7/Core/Inc/stm32h7xx_hal_conf.h:442,
                 from ../../../Drivers/STM32H7xx_HAL_Driver/Inc/stm32h7xx_hal.h:29,
                 from ../../../CM7/Core/Inc/main.h:30,
                 from C:/Users/joepe/STM32CubeIDE/workspace_1.11.0_2/JAN_24/CM7/Core/Src/main.c:20:
../../../Drivers/STM32H7xx_HAL_Driver/Inc/stm32h7xx_hal_spi.h:865:76: note: expected 'const uint8_t *' {aka 'const unsigned char *'} but argument is of type 'uint16_t *' {aka 'short unsigned int *'}
  865 | HAL_StatusTypeDef HAL_SPI_Transmit(SPI_HandleTypeDef *hspi, const uint8_t *pData, uint16_t Size, uint32_t Timeout);
      |                                                             ~~~~~~~~~~~~~~~^~~~~
C:/Users/joepe/STM32CubeIDE/workspace_1.11.0_2/JAN_24/CM7/Core/Src/main.c:178:11: warning: unused variable 'timeout' [-Wunused-variable]
  178 |   int32_t timeout;
      |           ^~~~~~~
C:/Users/joepe/STM32CubeIDE/workspace_1.11.0_2/JAN_24/CM7/Core/Src/main.c:173:6: warning: variable 'spi_buf_len' set but not used [-Wunused-but-set-variable]
  173 |  int spi_buf_len;
      |      ^~~~~~~~~~~
arm-none-eabi-gcc -o "JAN_24_CM7.elf" @"objects.list"   -mcpu=cortex-m7 -T"C:\Users\joepe\STM32CubeIDE\workspace_1.11.0_2\JAN_24\STM32CubeIDE\CM7\STM32H745XIHX_FLASH.ld" --specs=nosys.specs -Wl,-Map="JAN_24_CM7.map" -Wl,--gc-sections -static --specs=nano.specs -mfpu=fpv5-d16 -mfloat-abi=hard -mthumb -Wl,--start-group -lc -lm -Wl,--end-group
Finished building target: JAN_24_CM7.elf
 
arm-none-eabi-size   JAN_24_CM7.elf 
arm-none-eabi-objdump -h -S  JAN_24_CM7.elf  > "JAN_24_CM7.list"
   text	   data	    bss	    dec	    hex	filename
  34900	    124	   2180	  37204	   9154	JAN_24_CM7.elf
Finished building: default.size.stdout
 
Finished building: JAN_24_CM7.list
 
09:04:54 **** Incremental Build of configuration Debug for project JAN_24_CM4 ****
make -j4 all 
arm-none-eabi-size   JAN_24_CM4.elf 
   text	   data	    bss	    dec	    hex	filename
   3128	     24	   1568	   4720	   1270	JAN_24_CM4.elf
Finished building: default.size.stdout
 
09:04:56 **** Incremental Build of configuration Debug for project JAN_24_CM7 ****
make -j4 all 
arm-none-eabi-gcc "C:/Users/joepe/STM32CubeIDE/workspace_1.11.0_2/JAN_24/CM7/Core/Src/main.c" -mcpu=cortex-m7 -std=gnu11 -g3 -DDEBUG -DCORE_CM7 -DUSE_HAL_DRIVER -DSTM32H745xx -c -I../../../CM7/Core/Inc -I../../../Drivers/STM32H7xx_HAL_Driver/Inc -I../../../Drivers/STM32H7xx_HAL_Driver/Inc/Legacy -I../../../Drivers/CMSIS/Device/ST/STM32H7xx/Include -I../../../Drivers/CMSIS/Include -O0 -ffunction-sections -fdata-sections -Wall -fstack-usage -MMD -MP -MF"Application/User/Core/main.d" -MT"Application/User/Core/main.o" --specs=nano.specs -mfpu=fpv5-d16 -mfloat-abi=hard -mthumb -o "Application/User/Core/main.o"
C:/Users/joepe/STM32CubeIDE/workspace_1.11.0_2/JAN_24/CM7/Core/Src/main.c: In function 'main':
C:/Users/joepe/STM32CubeIDE/workspace_1.11.0_2/JAN_24/CM7/Core/Src/main.c:263:28: warning: passing argument 2 of 'HAL_SPI_Transmit' from incompatible pointer type [-Wincompatible-pointer-types]
  263 |    HAL_SPI_Transmit(&hspi2,(uint16_t *)&writeBuf,1,100);
      |                            ^~~~~~~~~~~~~~~~~~~~~
      |                            |
      |                            uint16_t * {aka short unsigned int *}
In file included from ../../../CM7/Core/Inc/stm32h7xx_hal_conf.h:442,
                 from ../../../Drivers/STM32H7xx_HAL_Driver/Inc/stm32h7xx_hal.h:29,
                 from ../../../CM7/Core/Inc/main.h:30,
                 from C:/Users/joepe/STM32CubeIDE/workspace_1.11.0_2/JAN_24/CM7/Core/Src/main.c:20:
../../../Drivers/STM32H7xx_HAL_Driver/Inc/stm32h7xx_hal_spi.h:865:76: note: expected 'const uint8_t *' {aka 'const unsigned char *'} but argument is of type 'uint16_t *' {aka 'short unsigned int *'}
  865 | HAL_StatusTypeDef HAL_SPI_Transmit(SPI_HandleTypeDef *hspi, const uint8_t *pData, uint16_t Size, uint32_t Timeout);
      |                                                             ~~~~~~~~~~~~~~~^~~~~
C:/Users/joepe/STM32CubeIDE/workspace_1.11.0_2/JAN_24/CM7/Core/Src/main.c:266:28: warning: passing argument 2 of 'HAL_SPI_Transmit' from incompatible pointer type [-Wincompatible-pointer-types]
  266 |    HAL_SPI_Transmit(&hspi2,(uint16_t *)&writeBuf2,1,100);
      |                            ^~~~~~~~~~~~~~~~~~~~~~
      |                            |
      |                            uint16_t * {aka short unsigned int *}
In file included from ../../../CM7/Core/Inc/stm32h7xx_hal_conf.h:442,
                 from ../../../Drivers/STM32H7xx_HAL_Driver/Inc/stm32h7xx_hal.h:29,
                 from ../../../CM7/Core/Inc/main.h:30,
                 from C:/Users/joepe/STM32CubeIDE/workspace_1.11.0_2/JAN_24/CM7/Core/Src/main.c:20:
../../../Drivers/STM32H7xx_HAL_Driver/Inc/stm32h7xx_hal_spi.h:865:76: note: expected 'const uint8_t *' {aka 'const unsigned char *'} but argument is of type 'uint16_t *' {aka 'short unsigned int *'}
  865 | HAL_StatusTypeDef HAL_SPI_Transmit(SPI_HandleTypeDef *hspi, const uint8_t *pData, uint16_t Size, uint32_t Timeout);
      |                                                             ~~~~~~~~~~~~~~~^~~~~
C:/Users/joepe/STM32CubeIDE/workspace_1.11.0_2/JAN_24/CM7/Core/Src/main.c:178:11: warning: unused variable 'timeout' [-Wunused-variable]
  178 |   int32_t timeout;
      |           ^~~~~~~
C:/Users/joepe/STM32CubeIDE/workspace_1.11.0_2/JAN_24/CM7/Core/Src/main.c:173:6: warning: variable 'spi_buf_len' set but not used [-Wunused-but-set-variable]
  173 |  int spi_buf_len;
      |      ^~~~~~~~~~~
arm-none-eabi-gcc -o "JAN_24_CM7.elf" @"objects.list"   -mcpu=cortex-m7 -T"C:\Users\joepe\STM32CubeIDE\workspace_1.11.0_2\JAN_24\STM32CubeIDE\CM7\STM32H745XIHX_FLASH.ld" --specs=nosys.specs -Wl,-Map="JAN_24_CM7.map" -Wl,--gc-sections -static --specs=nano.specs -mfpu=fpv5-d16 -mfloat-abi=hard -mthumb -Wl,--start-group -lc -lm -Wl,--end-group
Finished building target: JAN_24_CM7.elf
 
arm-none-eabi-size   JAN_24_CM7.elf 
arm-none-eabi-objdump -h -S  JAN_24_CM7.elf  > "JAN_24_CM7.list"
   text	   data	    bss	    dec	    hex	filename
  34900	    124	   2180	  37204	   9154	JAN_24_CM7.elf
Finished building: default.size.stdout
 
Finished building: JAN_24_CM7.list
 
09:07:19 **** Incremental Build of configuration Debug for project JAN_24_CM4 ****
make -j4 all 
arm-none-eabi-size   JAN_24_CM4.elf 
   text	   data	    bss	    dec	    hex	filename
   3128	     24	   1568	   4720	   1270	JAN_24_CM4.elf
Finished building: default.size.stdout
 
09:07:20 **** Incremental Build of configuration Debug for project JAN_24_CM7 ****
make -j4 all 
arm-none-eabi-gcc "C:/Users/joepe/STM32CubeIDE/workspace_1.11.0_2/JAN_24/CM7/Core/Src/main.c" -mcpu=cortex-m7 -std=gnu11 -g3 -DDEBUG -DCORE_CM7 -DUSE_HAL_DRIVER -DSTM32H745xx -c -I../../../CM7/Core/Inc -I../../../Drivers/STM32H7xx_HAL_Driver/Inc -I../../../Drivers/STM32H7xx_HAL_Driver/Inc/Legacy -I../../../Drivers/CMSIS/Device/ST/STM32H7xx/Include -I../../../Drivers/CMSIS/Include -O0 -ffunction-sections -fdata-sections -Wall -fstack-usage -MMD -MP -MF"Application/User/Core/main.d" -MT"Application/User/Core/main.o" --specs=nano.specs -mfpu=fpv5-d16 -mfloat-abi=hard -mthumb -o "Application/User/Core/main.o"
C:/Users/joepe/STM32CubeIDE/workspace_1.11.0_2/JAN_24/CM7/Core/Src/main.c: In function 'main':
C:/Users/joepe/STM32CubeIDE/workspace_1.11.0_2/JAN_24/CM7/Core/Src/main.c:263:28: warning: passing argument 2 of 'HAL_SPI_Transmit' from incompatible pointer type [-Wincompatible-pointer-types]
  263 |    HAL_SPI_Transmit(&hspi2,(uint16_t *)&writeBuf,1,100);
      |                            ^~~~~~~~~~~~~~~~~~~~~
      |                            |
      |                            uint16_t * {aka short unsigned int *}
In file included from ../../../CM7/Core/Inc/stm32h7xx_hal_conf.h:442,
                 from ../../../Drivers/STM32H7xx_HAL_Driver/Inc/stm32h7xx_hal.h:29,
                 from ../../../CM7/Core/Inc/main.h:30,
                 from C:/Users/joepe/STM32CubeIDE/workspace_1.11.0_2/JAN_24/CM7/Core/Src/main.c:20:
../../../Drivers/STM32H7xx_HAL_Driver/Inc/stm32h7xx_hal_spi.h:865:76: note: expected 'const uint8_t *' {aka 'const unsigned char *'} but argument is of type 'uint16_t *' {aka 'short unsigned int *'}
  865 | HAL_StatusTypeDef HAL_SPI_Transmit(SPI_HandleTypeDef *hspi, const uint8_t *pData, uint16_t Size, uint32_t Timeout);
      |                                                             ~~~~~~~~~~~~~~~^~~~~
C:/Users/joepe/STM32CubeIDE/workspace_1.11.0_2/JAN_24/CM7/Core/Src/main.c:266:28: warning: passing argument 2 of 'HAL_SPI_Transmit' from incompatible pointer type [-Wincompatible-pointer-types]
  266 |    HAL_SPI_Transmit(&hspi2,(uint16_t *)&writeBuf2,1,100);
      |                            ^~~~~~~~~~~~~~~~~~~~~~
      |                            |
      |                            uint16_t * {aka short unsigned int *}
In file included from ../../../CM7/Core/Inc/stm32h7xx_hal_conf.h:442,
                 from ../../../Drivers/STM32H7xx_HAL_Driver/Inc/stm32h7xx_hal.h:29,
                 from ../../../CM7/Core/Inc/main.h:30,
                 from C:/Users/joepe/STM32CubeIDE/workspace_1.11.0_2/JAN_24/CM7/Core/Src/main.c:20:
../../../Drivers/STM32H7xx_HAL_Driver/Inc/stm32h7xx_hal_spi.h:865:76: note: expected 'const uint8_t *' {aka 'const unsigned char *'} but argument is of type 'uint16_t *' {aka 'short unsigned int *'}
  865 | HAL_StatusTypeDef HAL_SPI_Transmit(SPI_HandleTypeDef *hspi, const uint8_t *pData, uint16_t Size, uint32_t Timeout);
      |                                                             ~~~~~~~~~~~~~~~^~~~~
C:/Users/joepe/STM32CubeIDE/workspace_1.11.0_2/JAN_24/CM7/Core/Src/main.c:178:11: warning: unused variable 'timeout' [-Wunused-variable]
  178 |   int32_t timeout;
      |           ^~~~~~~
C:/Users/joepe/STM32CubeIDE/workspace_1.11.0_2/JAN_24/CM7/Core/Src/main.c:173:6: warning: variable 'spi_buf_len' set but not used [-Wunused-but-set-variable]
  173 |  int spi_buf_len;
      |      ^~~~~~~~~~~
arm-none-eabi-gcc -o "JAN_24_CM7.elf" @"objects.list"   -mcpu=cortex-m7 -T"C:\Users\joepe\STM32CubeIDE\workspace_1.11.0_2\JAN_24\STM32CubeIDE\CM7\STM32H745XIHX_FLASH.ld" --specs=nosys.specs -Wl,-Map="JAN_24_CM7.map" -Wl,--gc-sections -static --specs=nano.specs -mfpu=fpv5-d16 -mfloat-abi=hard -mthumb -Wl,--start-group -lc -lm -Wl,--end-group
Finished building target: JAN_24_CM7.elf
 
arm-none-eabi-size   JAN_24_CM7.elf 
arm-none-eabi-objdump -h -S  JAN_24_CM7.elf  > "JAN_24_CM7.list"
   text	   data	    bss	    dec	    hex	filename
  34900	    124	   2180	  37204	   9154	JAN_24_CM7.elf
Finished building: default.size.stdout
 
Finished building: JAN_24_CM7.list
 
09:09:42 **** Incremental Build of configuration Debug for project JAN_24_CM4 ****
make -j4 all 
arm-none-eabi-gcc -o "JAN_24_CM4.elf" @"objects.list"   -mcpu=cortex-m4 -T"C:\Users\joepe\STM32CubeIDE\workspace_1.11.0_2\JAN_24\STM32CubeIDE\CM4\STM32H745XIHX_FLASH.ld" --specs=nosys.specs -Wl,-Map="JAN_24_CM4.map" -Wl,--gc-sections -static --specs=nano.specs -mfpu=fpv4-sp-d16 -mfloat-abi=hard -mthumb -Wl,--start-group -lc -lm -Wl,--end-group
Finished building target: JAN_24_CM4.elf
 
arm-none-eabi-size   JAN_24_CM4.elf 
arm-none-eabi-objdump -h -S  JAN_24_CM4.elf  > "JAN_24_CM4.list"
   text	   data	    bss	    dec	    hex	filename
   3128	     24	   1568	   4720	   1270	JAN_24_CM4.elf
Finished building: default.size.stdout
 
Finished building: JAN_24_CM4.list
 
09:09:45 **** Incremental Build of configuration Debug for project JAN_24_CM7 ****
make -j4 all 
arm-none-eabi-gcc "C:/Users/joepe/STM32CubeIDE/workspace_1.11.0_2/JAN_24/CM7/Core/Src/main.c" -mcpu=cortex-m7 -std=gnu11 -g3 -DDEBUG -DCORE_CM7 -DUSE_HAL_DRIVER -DSTM32H745xx -c -I../../../CM7/Core/Inc -I../../../Drivers/STM32H7xx_HAL_Driver/Inc -I../../../Drivers/STM32H7xx_HAL_Driver/Inc/Legacy -I../../../Drivers/CMSIS/Device/ST/STM32H7xx/Include -I../../../Drivers/CMSIS/Include -O0 -ffunction-sections -fdata-sections -Wall -fstack-usage -MMD -MP -MF"Application/User/Core/main.d" -MT"Application/User/Core/main.o" --specs=nano.specs -mfpu=fpv5-d16 -mfloat-abi=hard -mthumb -o "Application/User/Core/main.o"
C:/Users/joepe/STM32CubeIDE/workspace_1.11.0_2/JAN_24/CM7/Core/Src/main.c: In function 'main':
C:/Users/joepe/STM32CubeIDE/workspace_1.11.0_2/JAN_24/CM7/Core/Src/main.c:263:28: warning: passing argument 2 of 'HAL_SPI_Transmit' from incompatible pointer type [-Wincompatible-pointer-types]
  263 |    HAL_SPI_Transmit(&hspi2,(uint16_t *)&writeBuf,1,100);
      |                            ^~~~~~~~~~~~~~~~~~~~~
      |                            |
      |                            uint16_t * {aka short unsigned int *}
In file included from ../../../CM7/Core/Inc/stm32h7xx_hal_conf.h:442,
                 from ../../../Drivers/STM32H7xx_HAL_Driver/Inc/stm32h7xx_hal.h:29,
                 from ../../../CM7/Core/Inc/main.h:30,
                 from C:/Users/joepe/STM32CubeIDE/workspace_1.11.0_2/JAN_24/CM7/Core/Src/main.c:20:
../../../Drivers/STM32H7xx_HAL_Driver/Inc/stm32h7xx_hal_spi.h:865:76: note: expected 'const uint8_t *' {aka 'const unsigned char *'} but argument is of type 'uint16_t *' {aka 'short unsigned int *'}
  865 | HAL_StatusTypeDef HAL_SPI_Transmit(SPI_HandleTypeDef *hspi, const uint8_t *pData, uint16_t Size, uint32_t Timeout);
      |                                                             ~~~~~~~~~~~~~~~^~~~~
C:/Users/joepe/STM32CubeIDE/workspace_1.11.0_2/JAN_24/CM7/Core/Src/main.c:266:28: warning: passing argument 2 of 'HAL_SPI_Transmit' from incompatible pointer type [-Wincompatible-pointer-types]
  266 |    HAL_SPI_Transmit(&hspi2,(uint16_t *)&writeBuf2,1,100);
      |                            ^~~~~~~~~~~~~~~~~~~~~~
      |                            |
      |                            uint16_t * {aka short unsigned int *}
In file included from ../../../CM7/Core/Inc/stm32h7xx_hal_conf.h:442,
                 from ../../../Drivers/STM32H7xx_HAL_Driver/Inc/stm32h7xx_hal.h:29,
                 from ../../../CM7/Core/Inc/main.h:30,
                 from C:/Users/joepe/STM32CubeIDE/workspace_1.11.0_2/JAN_24/CM7/Core/Src/main.c:20:
../../../Drivers/STM32H7xx_HAL_Driver/Inc/stm32h7xx_hal_spi.h:865:76: note: expected 'const uint8_t *' {aka 'const unsigned char *'} but argument is of type 'uint16_t *' {aka 'short unsigned int *'}
  865 | HAL_StatusTypeDef HAL_SPI_Transmit(SPI_HandleTypeDef *hspi, const uint8_t *pData, uint16_t Size, uint32_t Timeout);
      |                                                             ~~~~~~~~~~~~~~~^~~~~
C:/Users/joepe/STM32CubeIDE/workspace_1.11.0_2/JAN_24/CM7/Core/Src/main.c:178:11: warning: unused variable 'timeout' [-Wunused-variable]
  178 |   int32_t timeout;
      |           ^~~~~~~
C:/Users/joepe/STM32CubeIDE/workspace_1.11.0_2/JAN_24/CM7/Core/Src/main.c:173:6: warning: variable 'spi_buf_len' set but not used [-Wunused-but-set-variable]
  173 |  int spi_buf_len;
      |      ^~~~~~~~~~~
arm-none-eabi-gcc -o "JAN_24_CM7.elf" @"objects.list"   -mcpu=cortex-m7 -T"C:\Users\joepe\STM32CubeIDE\workspace_1.11.0_2\JAN_24\STM32CubeIDE\CM7\STM32H745XIHX_FLASH.ld" --specs=nosys.specs -Wl,-Map="JAN_24_CM7.map" -Wl,--gc-sections -static --specs=nano.specs -mfpu=fpv5-d16 -mfloat-abi=hard -mthumb -Wl,--start-group -lc -lm -Wl,--end-group
Finished building target: JAN_24_CM7.elf
 
arm-none-eabi-size   JAN_24_CM7.elf 
arm-none-eabi-objdump -h -S  JAN_24_CM7.elf  > "JAN_24_CM7.list"
   text	   data	    bss	    dec	    hex	filename
  34900	    124	   2180	  37204	   9154	JAN_24_CM7.elf
Finished building: default.size.stdout
 
Finished building: JAN_24_CM7.list
 
09:10:14 **** Incremental Build of configuration Debug for project JAN_24_CM4 ****
make -j4 all 
arm-none-eabi-size   JAN_24_CM4.elf 
   text	   data	    bss	    dec	    hex	filename
   3128	     24	   1568	   4720	   1270	JAN_24_CM4.elf
Finished building: default.size.stdout
 
09:10:15 **** Incremental Build of configuration Debug for project JAN_24_CM7 ****
make -j4 all 
arm-none-eabi-gcc "C:/Users/joepe/STM32CubeIDE/workspace_1.11.0_2/JAN_24/CM7/Core/Src/main.c" -mcpu=cortex-m7 -std=gnu11 -g3 -DDEBUG -DCORE_CM7 -DUSE_HAL_DRIVER -DSTM32H745xx -c -I../../../CM7/Core/Inc -I../../../Drivers/STM32H7xx_HAL_Driver/Inc -I../../../Drivers/STM32H7xx_HAL_Driver/Inc/Legacy -I../../../Drivers/CMSIS/Device/ST/STM32H7xx/Include -I../../../Drivers/CMSIS/Include -O0 -ffunction-sections -fdata-sections -Wall -fstack-usage -MMD -MP -MF"Application/User/Core/main.d" -MT"Application/User/Core/main.o" --specs=nano.specs -mfpu=fpv5-d16 -mfloat-abi=hard -mthumb -o "Application/User/Core/main.o"
C:/Users/joepe/STM32CubeIDE/workspace_1.11.0_2/JAN_24/CM7/Core/Src/main.c: In function 'main':
C:/Users/joepe/STM32CubeIDE/workspace_1.11.0_2/JAN_24/CM7/Core/Src/main.c:263:28: warning: passing argument 2 of 'HAL_SPI_Transmit' from incompatible pointer type [-Wincompatible-pointer-types]
  263 |    HAL_SPI_Transmit(&hspi2,(uint16_t *)&writeBuf,1,100);
      |                            ^~~~~~~~~~~~~~~~~~~~~
      |                            |
      |                            uint16_t * {aka short unsigned int *}
In file included from ../../../CM7/Core/Inc/stm32h7xx_hal_conf.h:442,
                 from ../../../Drivers/STM32H7xx_HAL_Driver/Inc/stm32h7xx_hal.h:29,
                 from ../../../CM7/Core/Inc/main.h:30,
                 from C:/Users/joepe/STM32CubeIDE/workspace_1.11.0_2/JAN_24/CM7/Core/Src/main.c:20:
../../../Drivers/STM32H7xx_HAL_Driver/Inc/stm32h7xx_hal_spi.h:865:76: note: expected 'const uint8_t *' {aka 'const unsigned char *'} but argument is of type 'uint16_t *' {aka 'short unsigned int *'}
  865 | HAL_StatusTypeDef HAL_SPI_Transmit(SPI_HandleTypeDef *hspi, const uint8_t *pData, uint16_t Size, uint32_t Timeout);
      |                                                             ~~~~~~~~~~~~~~~^~~~~
C:/Users/joepe/STM32CubeIDE/workspace_1.11.0_2/JAN_24/CM7/Core/Src/main.c:266:28: warning: passing argument 2 of 'HAL_SPI_Transmit' from incompatible pointer type [-Wincompatible-pointer-types]
  266 |    HAL_SPI_Transmit(&hspi2,(uint16_t *)&writeBuf2,1,100);
      |                            ^~~~~~~~~~~~~~~~~~~~~~
      |                            |
      |                            uint16_t * {aka short unsigned int *}
In file included from ../../../CM7/Core/Inc/stm32h7xx_hal_conf.h:442,
                 from ../../../Drivers/STM32H7xx_HAL_Driver/Inc/stm32h7xx_hal.h:29,
                 from ../../../CM7/Core/Inc/main.h:30,
                 from C:/Users/joepe/STM32CubeIDE/workspace_1.11.0_2/JAN_24/CM7/Core/Src/main.c:20:
../../../Drivers/STM32H7xx_HAL_Driver/Inc/stm32h7xx_hal_spi.h:865:76: note: expected 'const uint8_t *' {aka 'const unsigned char *'} but argument is of type 'uint16_t *' {aka 'short unsigned int *'}
  865 | HAL_StatusTypeDef HAL_SPI_Transmit(SPI_HandleTypeDef *hspi, const uint8_t *pData, uint16_t Size, uint32_t Timeout);
      |                                                             ~~~~~~~~~~~~~~~^~~~~
C:/Users/joepe/STM32CubeIDE/workspace_1.11.0_2/JAN_24/CM7/Core/Src/main.c:178:11: warning: unused variable 'timeout' [-Wunused-variable]
  178 |   int32_t timeout;
      |           ^~~~~~~
C:/Users/joepe/STM32CubeIDE/workspace_1.11.0_2/JAN_24/CM7/Core/Src/main.c:173:6: warning: variable 'spi_buf_len' set but not used [-Wunused-but-set-variable]
  173 |  int spi_buf_len;
      |      ^~~~~~~~~~~
arm-none-eabi-gcc -o "JAN_24_CM7.elf" @"objects.list"   -mcpu=cortex-m7 -T"C:\Users\joepe\STM32CubeIDE\workspace_1.11.0_2\JAN_24\STM32CubeIDE\CM7\STM32H745XIHX_FLASH.ld" --specs=nosys.specs -Wl,-Map="JAN_24_CM7.map" -Wl,--gc-sections -static --specs=nano.specs -mfpu=fpv5-d16 -mfloat-abi=hard -mthumb -Wl,--start-group -lc -lm -Wl,--end-group
Finished building target: JAN_24_CM7.elf
 
arm-none-eabi-size   JAN_24_CM7.elf 
arm-none-eabi-objdump -h -S  JAN_24_CM7.elf  > "JAN_24_CM7.list"
   text	   data	    bss	    dec	    hex	filename
  34900	    124	   2180	  37204	   9154	JAN_24_CM7.elf
Finished building: default.size.stdout
 
Finished building: JAN_24_CM7.list
 
09:12:37 **** Incremental Build of configuration Debug for project JAN_24_CM4 ****
make -j4 all 
arm-none-eabi-size   JAN_24_CM4.elf 
   text	   data	    bss	    dec	    hex	filename
   3128	     24	   1568	   4720	   1270	JAN_24_CM4.elf
Finished building: default.size.stdout
 
09:12:38 **** Incremental Build of configuration Debug for project JAN_24_CM7 ****
make -j4 all 
arm-none-eabi-gcc "C:/Users/joepe/STM32CubeIDE/workspace_1.11.0_2/JAN_24/CM7/Core/Src/main.c" -mcpu=cortex-m7 -std=gnu11 -g3 -DDEBUG -DCORE_CM7 -DUSE_HAL_DRIVER -DSTM32H745xx -c -I../../../CM7/Core/Inc -I../../../Drivers/STM32H7xx_HAL_Driver/Inc -I../../../Drivers/STM32H7xx_HAL_Driver/Inc/Legacy -I../../../Drivers/CMSIS/Device/ST/STM32H7xx/Include -I../../../Drivers/CMSIS/Include -O0 -ffunction-sections -fdata-sections -Wall -fstack-usage -MMD -MP -MF"Application/User/Core/main.d" -MT"Application/User/Core/main.o" --specs=nano.specs -mfpu=fpv5-d16 -mfloat-abi=hard -mthumb -o "Application/User/Core/main.o"
C:/Users/joepe/STM32CubeIDE/workspace_1.11.0_2/JAN_24/CM7/Core/Src/main.c: In function 'main':
C:/Users/joepe/STM32CubeIDE/workspace_1.11.0_2/JAN_24/CM7/Core/Src/main.c:263:28: warning: passing argument 2 of 'HAL_SPI_Transmit' from incompatible pointer type [-Wincompatible-pointer-types]
  263 |    HAL_SPI_Transmit(&hspi2,(uint16_t *)&writeBuf,1,100);
      |                            ^~~~~~~~~~~~~~~~~~~~~
      |                            |
      |                            uint16_t * {aka short unsigned int *}
In file included from ../../../CM7/Core/Inc/stm32h7xx_hal_conf.h:442,
                 from ../../../Drivers/STM32H7xx_HAL_Driver/Inc/stm32h7xx_hal.h:29,
                 from ../../../CM7/Core/Inc/main.h:30,
                 from C:/Users/joepe/STM32CubeIDE/workspace_1.11.0_2/JAN_24/CM7/Core/Src/main.c:20:
../../../Drivers/STM32H7xx_HAL_Driver/Inc/stm32h7xx_hal_spi.h:865:76: note: expected 'const uint8_t *' {aka 'const unsigned char *'} but argument is of type 'uint16_t *' {aka 'short unsigned int *'}
  865 | HAL_StatusTypeDef HAL_SPI_Transmit(SPI_HandleTypeDef *hspi, const uint8_t *pData, uint16_t Size, uint32_t Timeout);
      |                                                             ~~~~~~~~~~~~~~~^~~~~
C:/Users/joepe/STM32CubeIDE/workspace_1.11.0_2/JAN_24/CM7/Core/Src/main.c:266:28: warning: passing argument 2 of 'HAL_SPI_Transmit' from incompatible pointer type [-Wincompatible-pointer-types]
  266 |    HAL_SPI_Transmit(&hspi2,(uint16_t *)&writeBuf2,1,100);
      |                            ^~~~~~~~~~~~~~~~~~~~~~
      |                            |
      |                            uint16_t * {aka short unsigned int *}
In file included from ../../../CM7/Core/Inc/stm32h7xx_hal_conf.h:442,
                 from ../../../Drivers/STM32H7xx_HAL_Driver/Inc/stm32h7xx_hal.h:29,
                 from ../../../CM7/Core/Inc/main.h:30,
                 from C:/Users/joepe/STM32CubeIDE/workspace_1.11.0_2/JAN_24/CM7/Core/Src/main.c:20:
../../../Drivers/STM32H7xx_HAL_Driver/Inc/stm32h7xx_hal_spi.h:865:76: note: expected 'const uint8_t *' {aka 'const unsigned char *'} but argument is of type 'uint16_t *' {aka 'short unsigned int *'}
  865 | HAL_StatusTypeDef HAL_SPI_Transmit(SPI_HandleTypeDef *hspi, const uint8_t *pData, uint16_t Size, uint32_t Timeout);
      |                                                             ~~~~~~~~~~~~~~~^~~~~
C:/Users/joepe/STM32CubeIDE/workspace_1.11.0_2/JAN_24/CM7/Core/Src/main.c:178:11: warning: unused variable 'timeout' [-Wunused-variable]
  178 |   int32_t timeout;
      |           ^~~~~~~
C:/Users/joepe/STM32CubeIDE/workspace_1.11.0_2/JAN_24/CM7/Core/Src/main.c:173:6: warning: variable 'spi_buf_len' set but not used [-Wunused-but-set-variable]
  173 |  int spi_buf_len;
      |      ^~~~~~~~~~~
arm-none-eabi-gcc -o "JAN_24_CM7.elf" @"objects.list"   -mcpu=cortex-m7 -T"C:\Users\joepe\STM32CubeIDE\workspace_1.11.0_2\JAN_24\STM32CubeIDE\CM7\STM32H745XIHX_FLASH.ld" --specs=nosys.specs -Wl,-Map="JAN_24_CM7.map" -Wl,--gc-sections -static --specs=nano.specs -mfpu=fpv5-d16 -mfloat-abi=hard -mthumb -Wl,--start-group -lc -lm -Wl,--end-group
Finished building target: JAN_24_CM7.elf
 
arm-none-eabi-size   JAN_24_CM7.elf 
arm-none-eabi-objdump -h -S  JAN_24_CM7.elf  > "JAN_24_CM7.list"
   text	   data	    bss	    dec	    hex	filename
  34900	    124	   2180	  37204	   9154	JAN_24_CM7.elf
Finished building: default.size.stdout
 
Finished building: JAN_24_CM7.list
 
09:13:41 **** Incremental Build of configuration Debug for project JAN_24_CM4 ****
make -j4 all 
arm-none-eabi-size   JAN_24_CM4.elf 
   text	   data	    bss	    dec	    hex	filename
   3128	     24	   1568	   4720	   1270	JAN_24_CM4.elf
Finished building: default.size.stdout
 
09:13:42 **** Incremental Build of configuration Debug for project JAN_24_CM7 ****
make -j4 all 
arm-none-eabi-gcc "C:/Users/joepe/STM32CubeIDE/workspace_1.11.0_2/JAN_24/CM7/Core/Src/main.c" -mcpu=cortex-m7 -std=gnu11 -g3 -DDEBUG -DCORE_CM7 -DUSE_HAL_DRIVER -DSTM32H745xx -c -I../../../CM7/Core/Inc -I../../../Drivers/STM32H7xx_HAL_Driver/Inc -I../../../Drivers/STM32H7xx_HAL_Driver/Inc/Legacy -I../../../Drivers/CMSIS/Device/ST/STM32H7xx/Include -I../../../Drivers/CMSIS/Include -O0 -ffunction-sections -fdata-sections -Wall -fstack-usage -MMD -MP -MF"Application/User/Core/main.d" -MT"Application/User/Core/main.o" --specs=nano.specs -mfpu=fpv5-d16 -mfloat-abi=hard -mthumb -o "Application/User/Core/main.o"
C:/Users/joepe/STM32CubeIDE/workspace_1.11.0_2/JAN_24/CM7/Core/Src/main.c: In function 'main':
C:/Users/joepe/STM32CubeIDE/workspace_1.11.0_2/JAN_24/CM7/Core/Src/main.c:263:28: warning: passing argument 2 of 'HAL_SPI_Transmit' from incompatible pointer type [-Wincompatible-pointer-types]
  263 |    HAL_SPI_Transmit(&hspi2,(uint16_t *)&writeBuf,1,100);
      |                            ^~~~~~~~~~~~~~~~~~~~~
      |                            |
      |                            uint16_t * {aka short unsigned int *}
In file included from ../../../CM7/Core/Inc/stm32h7xx_hal_conf.h:442,
                 from ../../../Drivers/STM32H7xx_HAL_Driver/Inc/stm32h7xx_hal.h:29,
                 from ../../../CM7/Core/Inc/main.h:30,
                 from C:/Users/joepe/STM32CubeIDE/workspace_1.11.0_2/JAN_24/CM7/Core/Src/main.c:20:
../../../Drivers/STM32H7xx_HAL_Driver/Inc/stm32h7xx_hal_spi.h:865:76: note: expected 'const uint8_t *' {aka 'const unsigned char *'} but argument is of type 'uint16_t *' {aka 'short unsigned int *'}
  865 | HAL_StatusTypeDef HAL_SPI_Transmit(SPI_HandleTypeDef *hspi, const uint8_t *pData, uint16_t Size, uint32_t Timeout);
      |                                                             ~~~~~~~~~~~~~~~^~~~~
C:/Users/joepe/STM32CubeIDE/workspace_1.11.0_2/JAN_24/CM7/Core/Src/main.c:266:28: warning: passing argument 2 of 'HAL_SPI_Transmit' from incompatible pointer type [-Wincompatible-pointer-types]
  266 |    HAL_SPI_Transmit(&hspi2,(uint16_t *)&writeBuf2,1,100);
      |                            ^~~~~~~~~~~~~~~~~~~~~~
      |                            |
      |                            uint16_t * {aka short unsigned int *}
In file included from ../../../CM7/Core/Inc/stm32h7xx_hal_conf.h:442,
                 from ../../../Drivers/STM32H7xx_HAL_Driver/Inc/stm32h7xx_hal.h:29,
                 from ../../../CM7/Core/Inc/main.h:30,
                 from C:/Users/joepe/STM32CubeIDE/workspace_1.11.0_2/JAN_24/CM7/Core/Src/main.c:20:
../../../Drivers/STM32H7xx_HAL_Driver/Inc/stm32h7xx_hal_spi.h:865:76: note: expected 'const uint8_t *' {aka 'const unsigned char *'} but argument is of type 'uint16_t *' {aka 'short unsigned int *'}
  865 | HAL_StatusTypeDef HAL_SPI_Transmit(SPI_HandleTypeDef *hspi, const uint8_t *pData, uint16_t Size, uint32_t Timeout);
      |                                                             ~~~~~~~~~~~~~~~^~~~~
C:/Users/joepe/STM32CubeIDE/workspace_1.11.0_2/JAN_24/CM7/Core/Src/main.c:178:11: warning: unused variable 'timeout' [-Wunused-variable]
  178 |   int32_t timeout;
      |           ^~~~~~~
C:/Users/joepe/STM32CubeIDE/workspace_1.11.0_2/JAN_24/CM7/Core/Src/main.c:173:6: warning: variable 'spi_buf_len' set but not used [-Wunused-but-set-variable]
  173 |  int spi_buf_len;
      |      ^~~~~~~~~~~
arm-none-eabi-gcc -o "JAN_24_CM7.elf" @"objects.list"   -mcpu=cortex-m7 -T"C:\Users\joepe\STM32CubeIDE\workspace_1.11.0_2\JAN_24\STM32CubeIDE\CM7\STM32H745XIHX_FLASH.ld" --specs=nosys.specs -Wl,-Map="JAN_24_CM7.map" -Wl,--gc-sections -static --specs=nano.specs -mfpu=fpv5-d16 -mfloat-abi=hard -mthumb -Wl,--start-group -lc -lm -Wl,--end-group
Finished building target: JAN_24_CM7.elf
 
arm-none-eabi-size   JAN_24_CM7.elf 
arm-none-eabi-objdump -h -S  JAN_24_CM7.elf  > "JAN_24_CM7.list"
   text	   data	    bss	    dec	    hex	filename
  34900	    124	   2180	  37204	   9154	JAN_24_CM7.elf
Finished building: default.size.stdout
 
Finished building: JAN_24_CM7.list
 
09:15:54 **** Incremental Build of configuration Debug for project JAN_24_CM4 ****
make -j4 all 
arm-none-eabi-size   JAN_24_CM4.elf 
   text	   data	    bss	    dec	    hex	filename
   3128	     24	   1568	   4720	   1270	JAN_24_CM4.elf
Finished building: default.size.stdout
 
09:15:54 **** Incremental Build of configuration Debug for project JAN_24_CM7 ****
make -j4 all 
arm-none-eabi-gcc "C:/Users/joepe/STM32CubeIDE/workspace_1.11.0_2/JAN_24/CM7/Core/Src/main.c" -mcpu=cortex-m7 -std=gnu11 -g3 -DDEBUG -DCORE_CM7 -DUSE_HAL_DRIVER -DSTM32H745xx -c -I../../../CM7/Core/Inc -I../../../Drivers/STM32H7xx_HAL_Driver/Inc -I../../../Drivers/STM32H7xx_HAL_Driver/Inc/Legacy -I../../../Drivers/CMSIS/Device/ST/STM32H7xx/Include -I../../../Drivers/CMSIS/Include -O0 -ffunction-sections -fdata-sections -Wall -fstack-usage -MMD -MP -MF"Application/User/Core/main.d" -MT"Application/User/Core/main.o" --specs=nano.specs -mfpu=fpv5-d16 -mfloat-abi=hard -mthumb -o "Application/User/Core/main.o"
C:/Users/joepe/STM32CubeIDE/workspace_1.11.0_2/JAN_24/CM7/Core/Src/main.c: In function 'main':
C:/Users/joepe/STM32CubeIDE/workspace_1.11.0_2/JAN_24/CM7/Core/Src/main.c:263:28: warning: passing argument 2 of 'HAL_SPI_Transmit' from incompatible pointer type [-Wincompatible-pointer-types]
  263 |    HAL_SPI_Transmit(&hspi2,(uint16_t *)&writeBuf,1,100);
      |                            ^~~~~~~~~~~~~~~~~~~~~
      |                            |
      |                            uint16_t * {aka short unsigned int *}
In file included from ../../../CM7/Core/Inc/stm32h7xx_hal_conf.h:442,
                 from ../../../Drivers/STM32H7xx_HAL_Driver/Inc/stm32h7xx_hal.h:29,
                 from ../../../CM7/Core/Inc/main.h:30,
                 from C:/Users/joepe/STM32CubeIDE/workspace_1.11.0_2/JAN_24/CM7/Core/Src/main.c:20:
../../../Drivers/STM32H7xx_HAL_Driver/Inc/stm32h7xx_hal_spi.h:865:76: note: expected 'const uint8_t *' {aka 'const unsigned char *'} but argument is of type 'uint16_t *' {aka 'short unsigned int *'}
  865 | HAL_StatusTypeDef HAL_SPI_Transmit(SPI_HandleTypeDef *hspi, const uint8_t *pData, uint16_t Size, uint32_t Timeout);
      |                                                             ~~~~~~~~~~~~~~~^~~~~
C:/Users/joepe/STM32CubeIDE/workspace_1.11.0_2/JAN_24/CM7/Core/Src/main.c:266:28: warning: passing argument 2 of 'HAL_SPI_Transmit' from incompatible pointer type [-Wincompatible-pointer-types]
  266 |    HAL_SPI_Transmit(&hspi2,(uint16_t *)&writeBuf2,1,100);
      |                            ^~~~~~~~~~~~~~~~~~~~~~
      |                            |
      |                            uint16_t * {aka short unsigned int *}
In file included from ../../../CM7/Core/Inc/stm32h7xx_hal_conf.h:442,
                 from ../../../Drivers/STM32H7xx_HAL_Driver/Inc/stm32h7xx_hal.h:29,
                 from ../../../CM7/Core/Inc/main.h:30,
                 from C:/Users/joepe/STM32CubeIDE/workspace_1.11.0_2/JAN_24/CM7/Core/Src/main.c:20:
../../../Drivers/STM32H7xx_HAL_Driver/Inc/stm32h7xx_hal_spi.h:865:76: note: expected 'const uint8_t *' {aka 'const unsigned char *'} but argument is of type 'uint16_t *' {aka 'short unsigned int *'}
  865 | HAL_StatusTypeDef HAL_SPI_Transmit(SPI_HandleTypeDef *hspi, const uint8_t *pData, uint16_t Size, uint32_t Timeout);
      |                                                             ~~~~~~~~~~~~~~~^~~~~
C:/Users/joepe/STM32CubeIDE/workspace_1.11.0_2/JAN_24/CM7/Core/Src/main.c:178:11: warning: unused variable 'timeout' [-Wunused-variable]
  178 |   int32_t timeout;
      |           ^~~~~~~
C:/Users/joepe/STM32CubeIDE/workspace_1.11.0_2/JAN_24/CM7/Core/Src/main.c:173:6: warning: variable 'spi_buf_len' set but not used [-Wunused-but-set-variable]
  173 |  int spi_buf_len;
      |      ^~~~~~~~~~~
arm-none-eabi-gcc -o "JAN_24_CM7.elf" @"objects.list"   -mcpu=cortex-m7 -T"C:\Users\joepe\STM32CubeIDE\workspace_1.11.0_2\JAN_24\STM32CubeIDE\CM7\STM32H745XIHX_FLASH.ld" --specs=nosys.specs -Wl,-Map="JAN_24_CM7.map" -Wl,--gc-sections -static --specs=nano.specs -mfpu=fpv5-d16 -mfloat-abi=hard -mthumb -Wl,--start-group -lc -lm -Wl,--end-group
Finished building target: JAN_24_CM7.elf
 
arm-none-eabi-size   JAN_24_CM7.elf 
arm-none-eabi-objdump -h -S  JAN_24_CM7.elf  > "JAN_24_CM7.list"
   text	   data	    bss	    dec	    hex	filename
  34900	    124	   2180	  37204	   9154	JAN_24_CM7.elf
Finished building: default.size.stdout
 
Finished building: JAN_24_CM7.list
 
09:44:18 **** Incremental Build of configuration Debug for project JAN_24_CM4 ****
make -j4 all 
arm-none-eabi-gcc -o "JAN_24_CM4.elf" @"objects.list"   -mcpu=cortex-m4 -T"C:\Users\joepe\STM32CubeIDE\workspace_1.11.0_2\JAN_24\STM32CubeIDE\CM4\STM32H745XIHX_FLASH.ld" --specs=nosys.specs -Wl,-Map="JAN_24_CM4.map" -Wl,--gc-sections -static --specs=nano.specs -mfpu=fpv4-sp-d16 -mfloat-abi=hard -mthumb -Wl,--start-group -lc -lm -Wl,--end-group
Finished building target: JAN_24_CM4.elf
 
arm-none-eabi-size   JAN_24_CM4.elf 
arm-none-eabi-objdump -h -S  JAN_24_CM4.elf  > "JAN_24_CM4.list"
   text	   data	    bss	    dec	    hex	filename
   3128	     24	   1568	   4720	   1270	JAN_24_CM4.elf
Finished building: default.size.stdout
 
Finished building: JAN_24_CM4.list
 
09:44:24 **** Incremental Build of configuration Debug for project JAN_24_CM7 ****
make -j4 all 
arm-none-eabi-gcc "C:/Users/joepe/STM32CubeIDE/workspace_1.11.0_2/JAN_24/CM7/Core/Src/main.c" -mcpu=cortex-m7 -std=gnu11 -g3 -DDEBUG -DCORE_CM7 -DUSE_HAL_DRIVER -DSTM32H745xx -c -I../../../CM7/Core/Inc -I../../../Drivers/STM32H7xx_HAL_Driver/Inc -I../../../Drivers/STM32H7xx_HAL_Driver/Inc/Legacy -I../../../Drivers/CMSIS/Device/ST/STM32H7xx/Include -I../../../Drivers/CMSIS/Include -O0 -ffunction-sections -fdata-sections -Wall -fstack-usage -MMD -MP -MF"Application/User/Core/main.d" -MT"Application/User/Core/main.o" --specs=nano.specs -mfpu=fpv5-d16 -mfloat-abi=hard -mthumb -o "Application/User/Core/main.o"
arm-none-eabi-gcc "C:/Users/joepe/STM32CubeIDE/workspace_1.11.0_2/JAN_24/CM7/Core/Src/stm32h7xx_hal_msp.c" -mcpu=cortex-m7 -std=gnu11 -g3 -DDEBUG -DCORE_CM7 -DUSE_HAL_DRIVER -DSTM32H745xx -c -I../../../CM7/Core/Inc -I../../../Drivers/STM32H7xx_HAL_Driver/Inc -I../../../Drivers/STM32H7xx_HAL_Driver/Inc/Legacy -I../../../Drivers/CMSIS/Device/ST/STM32H7xx/Include -I../../../Drivers/CMSIS/Include -O0 -ffunction-sections -fdata-sections -Wall -fstack-usage -MMD -MP -MF"Application/User/Core/stm32h7xx_hal_msp.d" -MT"Application/User/Core/stm32h7xx_hal_msp.o" --specs=nano.specs -mfpu=fpv5-d16 -mfloat-abi=hard -mthumb -o "Application/User/Core/stm32h7xx_hal_msp.o"
arm-none-eabi-gcc "C:/Users/joepe/STM32CubeIDE/workspace_1.11.0_2/JAN_24/CM7/Core/Src/stm32h7xx_it.c" -mcpu=cortex-m7 -std=gnu11 -g3 -DDEBUG -DCORE_CM7 -DUSE_HAL_DRIVER -DSTM32H745xx -c -I../../../CM7/Core/Inc -I../../../Drivers/STM32H7xx_HAL_Driver/Inc -I../../../Drivers/STM32H7xx_HAL_Driver/Inc/Legacy -I../../../Drivers/CMSIS/Device/ST/STM32H7xx/Include -I../../../Drivers/CMSIS/Include -O0 -ffunction-sections -fdata-sections -Wall -fstack-usage -MMD -MP -MF"Application/User/Core/stm32h7xx_it.d" -MT"Application/User/Core/stm32h7xx_it.o" --specs=nano.specs -mfpu=fpv5-d16 -mfloat-abi=hard -mthumb -o "Application/User/Core/stm32h7xx_it.o"
C:/Users/joepe/STM32CubeIDE/workspace_1.11.0_2/JAN_24/CM7/Core/Src/main.c: In function 'main':
C:/Users/joepe/STM32CubeIDE/workspace_1.11.0_2/JAN_24/CM7/Core/Src/main.c:263:28: warning: passing argument 2 of 'HAL_SPI_Transmit' from incompatible pointer type [-Wincompatible-pointer-types]
  263 |    HAL_SPI_Transmit(&hspi2,(uint16_t *)&writeBuf,1,100);
      |                            ^~~~~~~~~~~~~~~~~~~~~
      |                            |
      |                            uint16_t * {aka short unsigned int *}
In file included from ../../../CM7/Core/Inc/stm32h7xx_hal_conf.h:442,
                 from ../../../Drivers/STM32H7xx_HAL_Driver/Inc/stm32h7xx_hal.h:29,
                 from ../../../CM7/Core/Inc/main.h:30,
                 from C:/Users/joepe/STM32CubeIDE/workspace_1.11.0_2/JAN_24/CM7/Core/Src/main.c:20:
../../../Drivers/STM32H7xx_HAL_Driver/Inc/stm32h7xx_hal_spi.h:865:76: note: expected 'const uint8_t *' {aka 'const unsigned char *'} but argument is of type 'uint16_t *' {aka 'short unsigned int *'}
  865 | HAL_StatusTypeDef HAL_SPI_Transmit(SPI_HandleTypeDef *hspi, const uint8_t *pData, uint16_t Size, uint32_t Timeout);
      |                                                             ~~~~~~~~~~~~~~~^~~~~
C:/Users/joepe/STM32CubeIDE/workspace_1.11.0_2/JAN_24/CM7/Core/Src/main.c:266:28: warning: passing argument 2 of 'HAL_SPI_Transmit' from incompatible pointer type [-Wincompatible-pointer-types]
  266 |    HAL_SPI_Transmit(&hspi2,(uint16_t *)&writeBuf2,1,100);
      |                            ^~~~~~~~~~~~~~~~~~~~~~
      |                            |
      |                            uint16_t * {aka short unsigned int *}
In file included from ../../../CM7/Core/Inc/stm32h7xx_hal_conf.h:442,
                 from ../../../Drivers/STM32H7xx_HAL_Driver/Inc/stm32h7xx_hal.h:29,
                 from ../../../CM7/Core/Inc/main.h:30,
                 from C:/Users/joepe/STM32CubeIDE/workspace_1.11.0_2/JAN_24/CM7/Core/Src/main.c:20:
../../../Drivers/STM32H7xx_HAL_Driver/Inc/stm32h7xx_hal_spi.h:865:76: note: expected 'const uint8_t *' {aka 'const unsigned char *'} but argument is of type 'uint16_t *' {aka 'short unsigned int *'}
  865 | HAL_StatusTypeDef HAL_SPI_Transmit(SPI_HandleTypeDef *hspi, const uint8_t *pData, uint16_t Size, uint32_t Timeout);
      |                                                             ~~~~~~~~~~~~~~~^~~~~
C:/Users/joepe/STM32CubeIDE/workspace_1.11.0_2/JAN_24/CM7/Core/Src/main.c:178:11: warning: unused variable 'timeout' [-Wunused-variable]
  178 |   int32_t timeout;
      |           ^~~~~~~
C:/Users/joepe/STM32CubeIDE/workspace_1.11.0_2/JAN_24/CM7/Core/Src/main.c:173:6: warning: variable 'spi_buf_len' set but not used [-Wunused-but-set-variable]
  173 |  int spi_buf_len;
      |      ^~~~~~~~~~~
arm-none-eabi-gcc -o "JAN_24_CM7.elf" @"objects.list"   -mcpu=cortex-m7 -T"C:\Users\joepe\STM32CubeIDE\workspace_1.11.0_2\JAN_24\STM32CubeIDE\CM7\STM32H745XIHX_FLASH.ld" --specs=nosys.specs -Wl,-Map="JAN_24_CM7.map" -Wl,--gc-sections -static --specs=nano.specs -mfpu=fpv5-d16 -mfloat-abi=hard -mthumb -Wl,--start-group -lc -lm -Wl,--end-group
Finished building target: JAN_24_CM7.elf
 
arm-none-eabi-size   JAN_24_CM7.elf 
arm-none-eabi-objdump -h -S  JAN_24_CM7.elf  > "JAN_24_CM7.list"
   text	   data	    bss	    dec	    hex	filename
  35008	    124	   2180	  37312	   91c0	JAN_24_CM7.elf
Finished building: default.size.stdout
 
Finished building: JAN_24_CM7.list
 
08:20:28 **** Incremental Build of configuration Debug for project JAN_24_CM4 ****
make -j4 all 
arm-none-eabi-gcc -o "JAN_24_CM4.elf" @"objects.list"   -mcpu=cortex-m4 -T"C:\Users\joepe\STM32CubeIDE\workspace_1.11.0_2\JAN_24\STM32CubeIDE\CM4\STM32H745XIHX_FLASH.ld" --specs=nosys.specs -Wl,-Map="JAN_24_CM4.map" -Wl,--gc-sections -static --specs=nano.specs -mfpu=fpv4-sp-d16 -mfloat-abi=hard -mthumb -Wl,--start-group -lc -lm -Wl,--end-group
Finished building target: JAN_24_CM4.elf
 
arm-none-eabi-size   JAN_24_CM4.elf 
arm-none-eabi-objdump -h -S  JAN_24_CM4.elf  > "JAN_24_CM4.list"
   text	   data	    bss	    dec	    hex	filename
   3128	     24	   1568	   4720	   1270	JAN_24_CM4.elf
Finished building: default.size.stdout
 
Finished building: JAN_24_CM4.list
 
08:20:35 **** Incremental Build of configuration Debug for project JAN_24_CM7 ****
make -j4 all 
arm-none-eabi-gcc "C:/Users/joepe/STM32CubeIDE/workspace_1.11.0_2/JAN_24/CM7/Core/Src/main.c" -mcpu=cortex-m7 -std=gnu11 -g3 -DDEBUG -DCORE_CM7 -DUSE_HAL_DRIVER -DSTM32H745xx -c -I../../../CM7/Core/Inc -I../../../Drivers/STM32H7xx_HAL_Driver/Inc -I../../../Drivers/STM32H7xx_HAL_Driver/Inc/Legacy -I../../../Drivers/CMSIS/Device/ST/STM32H7xx/Include -I../../../Drivers/CMSIS/Include -O0 -ffunction-sections -fdata-sections -Wall -fstack-usage -MMD -MP -MF"Application/User/Core/main.d" -MT"Application/User/Core/main.o" --specs=nano.specs -mfpu=fpv5-d16 -mfloat-abi=hard -mthumb -o "Application/User/Core/main.o"
arm-none-eabi-gcc "C:/Users/joepe/STM32CubeIDE/workspace_1.11.0_2/JAN_24/CM7/Core/Src/stm32h7xx_hal_msp.c" -mcpu=cortex-m7 -std=gnu11 -g3 -DDEBUG -DCORE_CM7 -DUSE_HAL_DRIVER -DSTM32H745xx -c -I../../../CM7/Core/Inc -I../../../Drivers/STM32H7xx_HAL_Driver/Inc -I../../../Drivers/STM32H7xx_HAL_Driver/Inc/Legacy -I../../../Drivers/CMSIS/Device/ST/STM32H7xx/Include -I../../../Drivers/CMSIS/Include -O0 -ffunction-sections -fdata-sections -Wall -fstack-usage -MMD -MP -MF"Application/User/Core/stm32h7xx_hal_msp.d" -MT"Application/User/Core/stm32h7xx_hal_msp.o" --specs=nano.specs -mfpu=fpv5-d16 -mfloat-abi=hard -mthumb -o "Application/User/Core/stm32h7xx_hal_msp.o"
arm-none-eabi-gcc "C:/Users/joepe/STM32CubeIDE/workspace_1.11.0_2/JAN_24/CM7/Core/Src/stm32h7xx_it.c" -mcpu=cortex-m7 -std=gnu11 -g3 -DDEBUG -DCORE_CM7 -DUSE_HAL_DRIVER -DSTM32H745xx -c -I../../../CM7/Core/Inc -I../../../Drivers/STM32H7xx_HAL_Driver/Inc -I../../../Drivers/STM32H7xx_HAL_Driver/Inc/Legacy -I../../../Drivers/CMSIS/Device/ST/STM32H7xx/Include -I../../../Drivers/CMSIS/Include -O0 -ffunction-sections -fdata-sections -Wall -fstack-usage -MMD -MP -MF"Application/User/Core/stm32h7xx_it.d" -MT"Application/User/Core/stm32h7xx_it.o" --specs=nano.specs -mfpu=fpv5-d16 -mfloat-abi=hard -mthumb -o "Application/User/Core/stm32h7xx_it.o"
C:/Users/joepe/STM32CubeIDE/workspace_1.11.0_2/JAN_24/CM7/Core/Src/main.c: In function 'main':
C:/Users/joepe/STM32CubeIDE/workspace_1.11.0_2/JAN_24/CM7/Core/Src/main.c:263:28: warning: passing argument 2 of 'HAL_SPI_Transmit' from incompatible pointer type [-Wincompatible-pointer-types]
  263 |    HAL_SPI_Transmit(&hspi2,(uint16_t *)&writeBuf,1,100);
      |                            ^~~~~~~~~~~~~~~~~~~~~
      |                            |
      |                            uint16_t * {aka short unsigned int *}
In file included from ../../../CM7/Core/Inc/stm32h7xx_hal_conf.h:442,
                 from ../../../Drivers/STM32H7xx_HAL_Driver/Inc/stm32h7xx_hal.h:29,
                 from ../../../CM7/Core/Inc/main.h:30,
                 from C:/Users/joepe/STM32CubeIDE/workspace_1.11.0_2/JAN_24/CM7/Core/Src/main.c:20:
../../../Drivers/STM32H7xx_HAL_Driver/Inc/stm32h7xx_hal_spi.h:865:76: note: expected 'const uint8_t *' {aka 'const unsigned char *'} but argument is of type 'uint16_t *' {aka 'short unsigned int *'}
  865 | HAL_StatusTypeDef HAL_SPI_Transmit(SPI_HandleTypeDef *hspi, const uint8_t *pData, uint16_t Size, uint32_t Timeout);
      |                                                             ~~~~~~~~~~~~~~~^~~~~
C:/Users/joepe/STM32CubeIDE/workspace_1.11.0_2/JAN_24/CM7/Core/Src/main.c:266:28: warning: passing argument 2 of 'HAL_SPI_Transmit' from incompatible pointer type [-Wincompatible-pointer-types]
  266 |    HAL_SPI_Transmit(&hspi2,(uint16_t *)&writeBuf2,1,100);
      |                            ^~~~~~~~~~~~~~~~~~~~~~
      |                            |
      |                            uint16_t * {aka short unsigned int *}
In file included from ../../../CM7/Core/Inc/stm32h7xx_hal_conf.h:442,
                 from ../../../Drivers/STM32H7xx_HAL_Driver/Inc/stm32h7xx_hal.h:29,
                 from ../../../CM7/Core/Inc/main.h:30,
                 from C:/Users/joepe/STM32CubeIDE/workspace_1.11.0_2/JAN_24/CM7/Core/Src/main.c:20:
../../../Drivers/STM32H7xx_HAL_Driver/Inc/stm32h7xx_hal_spi.h:865:76: note: expected 'const uint8_t *' {aka 'const unsigned char *'} but argument is of type 'uint16_t *' {aka 'short unsigned int *'}
  865 | HAL_StatusTypeDef HAL_SPI_Transmit(SPI_HandleTypeDef *hspi, const uint8_t *pData, uint16_t Size, uint32_t Timeout);
      |                                                             ~~~~~~~~~~~~~~~^~~~~
C:/Users/joepe/STM32CubeIDE/workspace_1.11.0_2/JAN_24/CM7/Core/Src/main.c:178:11: warning: unused variable 'timeout' [-Wunused-variable]
  178 |   int32_t timeout;
      |           ^~~~~~~
C:/Users/joepe/STM32CubeIDE/workspace_1.11.0_2/JAN_24/CM7/Core/Src/main.c:173:6: warning: variable 'spi_buf_len' set but not used [-Wunused-but-set-variable]
  173 |  int spi_buf_len;
      |      ^~~~~~~~~~~
arm-none-eabi-gcc -o "JAN_24_CM7.elf" @"objects.list"   -mcpu=cortex-m7 -T"C:\Users\joepe\STM32CubeIDE\workspace_1.11.0_2\JAN_24\STM32CubeIDE\CM7\STM32H745XIHX_FLASH.ld" --specs=nosys.specs -Wl,-Map="JAN_24_CM7.map" -Wl,--gc-sections -static --specs=nano.specs -mfpu=fpv5-d16 -mfloat-abi=hard -mthumb -Wl,--start-group -lc -lm -Wl,--end-group
Finished building target: JAN_24_CM7.elf
 
arm-none-eabi-size   JAN_24_CM7.elf 
arm-none-eabi-objdump -h -S  JAN_24_CM7.elf  > "JAN_24_CM7.list"
   text	   data	    bss	    dec	    hex	filename
  34992	    124	   2180	  37296	   91b0	JAN_24_CM7.elf
Finished building: default.size.stdout
 
Finished building: JAN_24_CM7.list
 
08:21:57 **** Incremental Build of configuration Debug for project JAN_24_CM4 ****
make -j4 all 
arm-none-eabi-size   JAN_24_CM4.elf 
   text	   data	    bss	    dec	    hex	filename
   3128	     24	   1568	   4720	   1270	JAN_24_CM4.elf
Finished building: default.size.stdout
 
08:21:58 **** Incremental Build of configuration Debug for project JAN_24_CM7 ****
make -j4 all 
arm-none-eabi-gcc "C:/Users/joepe/STM32CubeIDE/workspace_1.11.0_2/JAN_24/CM7/Core/Src/main.c" -mcpu=cortex-m7 -std=gnu11 -g3 -DDEBUG -DCORE_CM7 -DUSE_HAL_DRIVER -DSTM32H745xx -c -I../../../CM7/Core/Inc -I../../../Drivers/STM32H7xx_HAL_Driver/Inc -I../../../Drivers/STM32H7xx_HAL_Driver/Inc/Legacy -I../../../Drivers/CMSIS/Device/ST/STM32H7xx/Include -I../../../Drivers/CMSIS/Include -O0 -ffunction-sections -fdata-sections -Wall -fstack-usage -MMD -MP -MF"Application/User/Core/main.d" -MT"Application/User/Core/main.o" --specs=nano.specs -mfpu=fpv5-d16 -mfloat-abi=hard -mthumb -o "Application/User/Core/main.o"
C:/Users/joepe/STM32CubeIDE/workspace_1.11.0_2/JAN_24/CM7/Core/Src/main.c: In function 'main':
C:/Users/joepe/STM32CubeIDE/workspace_1.11.0_2/JAN_24/CM7/Core/Src/main.c:265:28: warning: passing argument 2 of 'HAL_SPI_Transmit' from incompatible pointer type [-Wincompatible-pointer-types]
  265 |    HAL_SPI_Transmit(&hspi2,(uint16_t *)&writeBuf,1,100);
      |                            ^~~~~~~~~~~~~~~~~~~~~
      |                            |
      |                            uint16_t * {aka short unsigned int *}
In file included from ../../../CM7/Core/Inc/stm32h7xx_hal_conf.h:442,
                 from ../../../Drivers/STM32H7xx_HAL_Driver/Inc/stm32h7xx_hal.h:29,
                 from ../../../CM7/Core/Inc/main.h:30,
                 from C:/Users/joepe/STM32CubeIDE/workspace_1.11.0_2/JAN_24/CM7/Core/Src/main.c:20:
../../../Drivers/STM32H7xx_HAL_Driver/Inc/stm32h7xx_hal_spi.h:865:76: note: expected 'const uint8_t *' {aka 'const unsigned char *'} but argument is of type 'uint16_t *' {aka 'short unsigned int *'}
  865 | HAL_StatusTypeDef HAL_SPI_Transmit(SPI_HandleTypeDef *hspi, const uint8_t *pData, uint16_t Size, uint32_t Timeout);
      |                                                             ~~~~~~~~~~~~~~~^~~~~
C:/Users/joepe/STM32CubeIDE/workspace_1.11.0_2/JAN_24/CM7/Core/Src/main.c:268:28: warning: passing argument 2 of 'HAL_SPI_Transmit' from incompatible pointer type [-Wincompatible-pointer-types]
  268 |    HAL_SPI_Transmit(&hspi2,(uint16_t *)&writeBuf2,1,100);
      |                            ^~~~~~~~~~~~~~~~~~~~~~
      |                            |
      |                            uint16_t * {aka short unsigned int *}
In file included from ../../../CM7/Core/Inc/stm32h7xx_hal_conf.h:442,
                 from ../../../Drivers/STM32H7xx_HAL_Driver/Inc/stm32h7xx_hal.h:29,
                 from ../../../CM7/Core/Inc/main.h:30,
                 from C:/Users/joepe/STM32CubeIDE/workspace_1.11.0_2/JAN_24/CM7/Core/Src/main.c:20:
../../../Drivers/STM32H7xx_HAL_Driver/Inc/stm32h7xx_hal_spi.h:865:76: note: expected 'const uint8_t *' {aka 'const unsigned char *'} but argument is of type 'uint16_t *' {aka 'short unsigned int *'}
  865 | HAL_StatusTypeDef HAL_SPI_Transmit(SPI_HandleTypeDef *hspi, const uint8_t *pData, uint16_t Size, uint32_t Timeout);
      |                                                             ~~~~~~~~~~~~~~~^~~~~
C:/Users/joepe/STM32CubeIDE/workspace_1.11.0_2/JAN_24/CM7/Core/Src/main.c:178:11: warning: unused variable 'timeout' [-Wunused-variable]
  178 |   int32_t timeout;
      |           ^~~~~~~
C:/Users/joepe/STM32CubeIDE/workspace_1.11.0_2/JAN_24/CM7/Core/Src/main.c:173:6: warning: variable 'spi_buf_len' set but not used [-Wunused-but-set-variable]
  173 |  int spi_buf_len;
      |      ^~~~~~~~~~~
arm-none-eabi-gcc -o "JAN_24_CM7.elf" @"objects.list"   -mcpu=cortex-m7 -T"C:\Users\joepe\STM32CubeIDE\workspace_1.11.0_2\JAN_24\STM32CubeIDE\CM7\STM32H745XIHX_FLASH.ld" --specs=nosys.specs -Wl,-Map="JAN_24_CM7.map" -Wl,--gc-sections -static --specs=nano.specs -mfpu=fpv5-d16 -mfloat-abi=hard -mthumb -Wl,--start-group -lc -lm -Wl,--end-group
Finished building target: JAN_24_CM7.elf
 
arm-none-eabi-size   JAN_24_CM7.elf 
arm-none-eabi-objdump -h -S  JAN_24_CM7.elf  > "JAN_24_CM7.list"
   text	   data	    bss	    dec	    hex	filename
  35008	    124	   2180	  37312	   91c0	JAN_24_CM7.elf
Finished building: default.size.stdout
 
Finished building: JAN_24_CM7.list
 
08:35:04 **** Incremental Build of configuration Debug for project JAN_24_CM4 ****
make -j4 all 
arm-none-eabi-gcc -o "JAN_24_CM4.elf" @"objects.list"   -mcpu=cortex-m4 -T"C:\Users\joepe\STM32CubeIDE\workspace_1.11.0_2\JAN_24\STM32CubeIDE\CM4\STM32H745XIHX_FLASH.ld" --specs=nosys.specs -Wl,-Map="JAN_24_CM4.map" -Wl,--gc-sections -static --specs=nano.specs -mfpu=fpv4-sp-d16 -mfloat-abi=hard -mthumb -Wl,--start-group -lc -lm -Wl,--end-group
Finished building target: JAN_24_CM4.elf
 
arm-none-eabi-size   JAN_24_CM4.elf 
arm-none-eabi-objdump -h -S  JAN_24_CM4.elf  > "JAN_24_CM4.list"
   text	   data	    bss	    dec	    hex	filename
   3128	     24	   1568	   4720	   1270	JAN_24_CM4.elf
Finished building: default.size.stdout
 
Finished building: JAN_24_CM4.list
 
08:35:07 **** Incremental Build of configuration Debug for project JAN_24_CM7 ****
make -j4 all 
arm-none-eabi-gcc "C:/Users/joepe/STM32CubeIDE/workspace_1.11.0_2/JAN_24/CM7/Core/Src/main.c" -mcpu=cortex-m7 -std=gnu11 -g3 -DDEBUG -DCORE_CM7 -DUSE_HAL_DRIVER -DSTM32H745xx -c -I../../../CM7/Core/Inc -I../../../Drivers/STM32H7xx_HAL_Driver/Inc -I../../../Drivers/STM32H7xx_HAL_Driver/Inc/Legacy -I../../../Drivers/CMSIS/Device/ST/STM32H7xx/Include -I../../../Drivers/CMSIS/Include -O0 -ffunction-sections -fdata-sections -Wall -fstack-usage -MMD -MP -MF"Application/User/Core/main.d" -MT"Application/User/Core/main.o" --specs=nano.specs -mfpu=fpv5-d16 -mfloat-abi=hard -mthumb -o "Application/User/Core/main.o"
arm-none-eabi-gcc "C:/Users/joepe/STM32CubeIDE/workspace_1.11.0_2/JAN_24/CM7/Core/Src/stm32h7xx_hal_msp.c" -mcpu=cortex-m7 -std=gnu11 -g3 -DDEBUG -DCORE_CM7 -DUSE_HAL_DRIVER -DSTM32H745xx -c -I../../../CM7/Core/Inc -I../../../Drivers/STM32H7xx_HAL_Driver/Inc -I../../../Drivers/STM32H7xx_HAL_Driver/Inc/Legacy -I../../../Drivers/CMSIS/Device/ST/STM32H7xx/Include -I../../../Drivers/CMSIS/Include -O0 -ffunction-sections -fdata-sections -Wall -fstack-usage -MMD -MP -MF"Application/User/Core/stm32h7xx_hal_msp.d" -MT"Application/User/Core/stm32h7xx_hal_msp.o" --specs=nano.specs -mfpu=fpv5-d16 -mfloat-abi=hard -mthumb -o "Application/User/Core/stm32h7xx_hal_msp.o"
arm-none-eabi-gcc "C:/Users/joepe/STM32CubeIDE/workspace_1.11.0_2/JAN_24/CM7/Core/Src/stm32h7xx_it.c" -mcpu=cortex-m7 -std=gnu11 -g3 -DDEBUG -DCORE_CM7 -DUSE_HAL_DRIVER -DSTM32H745xx -c -I../../../CM7/Core/Inc -I../../../Drivers/STM32H7xx_HAL_Driver/Inc -I../../../Drivers/STM32H7xx_HAL_Driver/Inc/Legacy -I../../../Drivers/CMSIS/Device/ST/STM32H7xx/Include -I../../../Drivers/CMSIS/Include -O0 -ffunction-sections -fdata-sections -Wall -fstack-usage -MMD -MP -MF"Application/User/Core/stm32h7xx_it.d" -MT"Application/User/Core/stm32h7xx_it.o" --specs=nano.specs -mfpu=fpv5-d16 -mfloat-abi=hard -mthumb -o "Application/User/Core/stm32h7xx_it.o"
C:/Users/joepe/STM32CubeIDE/workspace_1.11.0_2/JAN_24/CM7/Core/Src/main.c: In function 'main':
C:/Users/joepe/STM32CubeIDE/workspace_1.11.0_2/JAN_24/CM7/Core/Src/main.c:265:28: warning: passing argument 2 of 'HAL_SPI_Transmit' from incompatible pointer type [-Wincompatible-pointer-types]
  265 |    HAL_SPI_Transmit(&hspi2,(uint16_t *)&writeBuf,1,100);
      |                            ^~~~~~~~~~~~~~~~~~~~~
      |                            |
      |                            uint16_t * {aka short unsigned int *}
In file included from ../../../CM7/Core/Inc/stm32h7xx_hal_conf.h:442,
                 from ../../../Drivers/STM32H7xx_HAL_Driver/Inc/stm32h7xx_hal.h:29,
                 from ../../../CM7/Core/Inc/main.h:30,
                 from C:/Users/joepe/STM32CubeIDE/workspace_1.11.0_2/JAN_24/CM7/Core/Src/main.c:20:
../../../Drivers/STM32H7xx_HAL_Driver/Inc/stm32h7xx_hal_spi.h:865:76: note: expected 'const uint8_t *' {aka 'const unsigned char *'} but argument is of type 'uint16_t *' {aka 'short unsigned int *'}
  865 | HAL_StatusTypeDef HAL_SPI_Transmit(SPI_HandleTypeDef *hspi, const uint8_t *pData, uint16_t Size, uint32_t Timeout);
      |                                                             ~~~~~~~~~~~~~~~^~~~~
C:/Users/joepe/STM32CubeIDE/workspace_1.11.0_2/JAN_24/CM7/Core/Src/main.c:268:28: warning: passing argument 2 of 'HAL_SPI_Transmit' from incompatible pointer type [-Wincompatible-pointer-types]
  268 |    HAL_SPI_Transmit(&hspi2,(uint16_t *)&writeBuf2,1,100);
      |                            ^~~~~~~~~~~~~~~~~~~~~~
      |                            |
      |                            uint16_t * {aka short unsigned int *}
In file included from ../../../CM7/Core/Inc/stm32h7xx_hal_conf.h:442,
                 from ../../../Drivers/STM32H7xx_HAL_Driver/Inc/stm32h7xx_hal.h:29,
                 from ../../../CM7/Core/Inc/main.h:30,
                 from C:/Users/joepe/STM32CubeIDE/workspace_1.11.0_2/JAN_24/CM7/Core/Src/main.c:20:
../../../Drivers/STM32H7xx_HAL_Driver/Inc/stm32h7xx_hal_spi.h:865:76: note: expected 'const uint8_t *' {aka 'const unsigned char *'} but argument is of type 'uint16_t *' {aka 'short unsigned int *'}
  865 | HAL_StatusTypeDef HAL_SPI_Transmit(SPI_HandleTypeDef *hspi, const uint8_t *pData, uint16_t Size, uint32_t Timeout);
      |                                                             ~~~~~~~~~~~~~~~^~~~~
C:/Users/joepe/STM32CubeIDE/workspace_1.11.0_2/JAN_24/CM7/Core/Src/main.c:178:11: warning: unused variable 'timeout' [-Wunused-variable]
  178 |   int32_t timeout;
      |           ^~~~~~~
C:/Users/joepe/STM32CubeIDE/workspace_1.11.0_2/JAN_24/CM7/Core/Src/main.c:173:6: warning: variable 'spi_buf_len' set but not used [-Wunused-but-set-variable]
  173 |  int spi_buf_len;
      |      ^~~~~~~~~~~
C:/Users/joepe/STM32CubeIDE/workspace_1.11.0_2/JAN_24/CM7/Core/Src/main.c: In function 'HAL_TIM_PeriodElapsedCallback':
C:/Users/joepe/STM32CubeIDE/workspace_1.11.0_2/JAN_24/CM7/Core/Src/main.c:835:7: error: 'coutner' undeclared (first use in this function); did you mean 'counter'?
  835 |   if (coutner == 0)
      |       ^~~~~~~
      |       counter
C:/Users/joepe/STM32CubeIDE/workspace_1.11.0_2/JAN_24/CM7/Core/Src/main.c:835:7: note: each undeclared identifier is reported only once for each function it appears in
C:/Users/joepe/STM32CubeIDE/workspace_1.11.0_2/JAN_24/CM7/Core/Src/main.c:837:29: error: 'SPEC_RST' undeclared (first use in this function); did you mean 'SPEC_RST_Pin'?
  837 |    HAL_GPIO_WritePin(GPIOD, SPEC_RST,GPIO_PIN_SET);
      |                             ^~~~~~~~
      |                             SPEC_RST_Pin
make: *** [Application/User/Core/subdir.mk:31: Application/User/Core/main.o] Error 1
make: *** Waiting for unfinished jobs....
"make -j4 all" terminated with exit code 2. Build might be incomplete.
08:36:17 **** Incremental Build of configuration Debug for project JAN_24_CM4 ****
make -j4 all 
arm-none-eabi-size   JAN_24_CM4.elf 
   text	   data	    bss	    dec	    hex	filename
   3128	     24	   1568	   4720	   1270	JAN_24_CM4.elf
Finished building: default.size.stdout
 
08:36:18 **** Incremental Build of configuration Debug for project JAN_24_CM7 ****
make -j4 all 
arm-none-eabi-gcc "C:/Users/joepe/STM32CubeIDE/workspace_1.11.0_2/JAN_24/CM7/Core/Src/main.c" -mcpu=cortex-m7 -std=gnu11 -g3 -DDEBUG -DCORE_CM7 -DUSE_HAL_DRIVER -DSTM32H745xx -c -I../../../CM7/Core/Inc -I../../../Drivers/STM32H7xx_HAL_Driver/Inc -I../../../Drivers/STM32H7xx_HAL_Driver/Inc/Legacy -I../../../Drivers/CMSIS/Device/ST/STM32H7xx/Include -I../../../Drivers/CMSIS/Include -O0 -ffunction-sections -fdata-sections -Wall -fstack-usage -MMD -MP -MF"Application/User/Core/main.d" -MT"Application/User/Core/main.o" --specs=nano.specs -mfpu=fpv5-d16 -mfloat-abi=hard -mthumb -o "Application/User/Core/main.o"
C:/Users/joepe/STM32CubeIDE/workspace_1.11.0_2/JAN_24/CM7/Core/Src/main.c: In function 'main':
[...]
C:/Users/joepe/STM32CubeIDE/workspace_1.11.0_2/JAN_24/CM7/Core/Src/main.c: In function 'main':
C:/Users/joepe/STM32CubeIDE/workspace_1.11.0_2/JAN_24/CM7/Core/Src/main.c:264:18: warning: unused variable 'writeBuf5' [-Wunused-variable]
  264 |   const uint16_t writeBuf5 = 0b0000110011110000;
      |                  ^~~~~~~~~
C:/Users/joepe/STM32CubeIDE/workspace_1.11.0_2/JAN_24/CM7/Core/Src/main.c:263:18: warning: unused variable 'writeBuf4' [-Wunused-variable]
  263 |   const uint16_t writeBuf4 = 0b0000110011110000;
      |                  ^~~~~~~~~
C:/Users/joepe/STM32CubeIDE/workspace_1.11.0_2/JAN_24/CM7/Core/Src/main.c:262:18: warning: unused variable 'writeBuf3' [-Wunused-variable]
  262 |   const uint16_t writeBuf3 = 0b0000110011110000;
      |                  ^~~~~~~~~
C:/Users/joepe/STM32CubeIDE/workspace_1.11.0_2/JAN_24/CM7/Core/Src/main.c:261:18: warning: unused variable 'writeBuf2' [-Wunused-variable]
  261 |   const uint16_t writeBuf2 = 0b0000110011110000;
      |                  ^~~~~~~~~
C:/Users/joepe/STM32CubeIDE/workspace_1.11.0_2/JAN_24/CM7/Core/Src/main.c:260:18: warning: unused variable 'writeBuf1' [-Wunused-variable]
  260 |   const uint16_t writeBuf1 = 0b0000110010001111;
      |                  ^~~~~~~~~
C:/Users/joepe/STM32CubeIDE/workspace_1.11.0_2/JAN_24/CM7/Core/Src/main.c:185:11: warning: unused variable 'timeout' [-Wunused-variable]
  185 |   int32_t timeout;
      |           ^~~~~~~
C:/Users/joepe/STM32CubeIDE/workspace_1.11.0_2/JAN_24/CM7/Core/Src/main.c:180:6: warning: unused variable 'spi_buf_len' [-Wunused-variable]
  180 |  int spi_buf_len;
      |      ^~~~~~~~~~~
C:/Users/joepe/STM32CubeIDE/workspace_1.11.0_2/JAN_24/CM7/Core/Src/main.c:179:6: warning: unused variable 'uart_buf_len' [-Wunused-variable]
  179 |  int uart_buf_len;
      |      ^~~~~~~~~~~~
C:/Users/joepe/STM32CubeIDE/workspace_1.11.0_2/JAN_24/CM7/Core/Src/main.c:178:7: warning: unused variable 'spi_buf' [-Wunused-variable]
  178 |  char spi_buf[50];
      |       ^~~~~~~
C:/Users/joepe/STM32CubeIDE/workspace_1.11.0_2/JAN_24/CM7/Core/Src/main.c:177:7: warning: unused variable 'uart_buf' [-Wunused-variable]
  177 |  char uart_buf[50];
      |       ^~~~~~~~
arm-none-eabi-gcc -o "JAN_24_CM7.elf" @"objects.list"   -mcpu=cortex-m7 -T"C:\Users\joepe\STM32CubeIDE\workspace_1.11.0_2\JAN_24\STM32CubeIDE\CM7\STM32H745XIHX_FLASH.ld" --specs=nosys.specs -Wl,-Map="JAN_24_CM7.map" -Wl,--gc-sections -static --specs=nano.specs -mfpu=fpv5-d16 -mfloat-abi=hard -mthumb -Wl,--start-group -lc -lm -Wl,--end-group
Finished building target: JAN_24_CM7.elf
 
arm-none-eabi-size   JAN_24_CM7.elf 
arm-none-eabi-objdump -h -S  JAN_24_CM7.elf  > "JAN_24_CM7.list"
   text	   data	    bss	    dec	    hex	filename
  32160	     24	   2448	  34632	   8748	JAN_24_CM7.elf
Finished building: default.size.stdout
 
Finished building: JAN_24_CM7.list
 
09:44:25 **** Incremental Build of configuration Debug for project JAN_24_CM4 ****
make -j4 all 
arm-none-eabi-size   JAN_24_CM4.elf 
   text	   data	    bss	    dec	    hex	filename
   3128	     24	   1568	   4720	   1270	JAN_24_CM4.elf
Finished building: default.size.stdout
 
09:44:25 **** Incremental Build of configuration Debug for project JAN_24_CM7 ****
make -j4 all 
arm-none-eabi-gcc "C:/Users/joepe/STM32CubeIDE/workspace_1.11.0_2/JAN_24/CM7/Core/Src/main.c" -mcpu=cortex-m7 -std=gnu11 -g3 -DDEBUG -DCORE_CM7 -DUSE_HAL_DRIVER -DSTM32H745xx -c -I../../../CM7/Core/Inc -I../../../Drivers/STM32H7xx_HAL_Driver/Inc -I../../../Drivers/STM32H7xx_HAL_Driver/Inc/Legacy -I../../../Drivers/CMSIS/Device/ST/STM32H7xx/Include -I../../../Drivers/CMSIS/Include -O0 -ffunction-sections -fdata-sections -Wall -fstack-usage -MMD -MP -MF"Application/User/Core/main.d" -MT"Application/User/Core/main.o" --specs=nano.specs -mfpu=fpv5-d16 -mfloat-abi=hard -mthumb -o "Application/User/Core/main.o"
C:/Users/joepe/STM32CubeIDE/workspace_1.11.0_2/JAN_24/CM7/Core/Src/main.c: In function 'main':
C:/Users/joepe/STM32CubeIDE/workspace_1.11.0_2/JAN_24/CM7/Core/Src/main.c:264:18: warning: unused variable 'writeBuf5' [-Wunused-variable]
  264 |   const uint16_t writeBuf5 = 0b0000110011110000;
      |                  ^~~~~~~~~
C:/Users/joepe/STM32CubeIDE/workspace_1.11.0_2/JAN_24/CM7/Core/Src/main.c:263:18: warning: unused variable 'writeBuf4' [-Wunused-variable]
  263 |   const uint16_t writeBuf4 = 0b0000110011110000;
      |                  ^~~~~~~~~
C:/Users/joepe/STM32CubeIDE/workspace_1.11.0_2/JAN_24/CM7/Core/Src/main.c:262:18: warning: unused variable 'writeBuf3' [-Wunused-variable]
  262 |   const uint16_t writeBuf3 = 0b0000110011110000;
      |                  ^~~~~~~~~
C:/Users/joepe/STM32CubeIDE/workspace_1.11.0_2/JAN_24/CM7/Core/Src/main.c:261:18: warning: unused variable 'writeBuf2' [-Wunused-variable]
  261 |   const uint16_t writeBuf2 = 0b0000110011110000;
      |                  ^~~~~~~~~
C:/Users/joepe/STM32CubeIDE/workspace_1.11.0_2/JAN_24/CM7/Core/Src/main.c:260:18: warning: unused variable 'writeBuf1' [-Wunused-variable]
  260 |   const uint16_t writeBuf1 = 0b0000110010001111;
      |                  ^~~~~~~~~
C:/Users/joepe/STM32CubeIDE/workspace_1.11.0_2/JAN_24/CM7/Core/Src/main.c:185:11: warning: unused variable 'timeout' [-Wunused-variable]
  185 |   int32_t timeout;
      |           ^~~~~~~
C:/Users/joepe/STM32CubeIDE/workspace_1.11.0_2/JAN_24/CM7/Core/Src/main.c:180:6: warning: unused variable 'spi_buf_len' [-Wunused-variable]
  180 |  int spi_buf_len;
      |      ^~~~~~~~~~~
C:/Users/joepe/STM32CubeIDE/workspace_1.11.0_2/JAN_24/CM7/Core/Src/main.c:179:6: warning: unused variable 'uart_buf_len' [-Wunused-variable]
  179 |  int uart_buf_len;
      |      ^~~~~~~~~~~~
C:/Users/joepe/STM32CubeIDE/workspace_1.11.0_2/JAN_24/CM7/Core/Src/main.c:178:7: warning: unused variable 'spi_buf' [-Wunused-variable]
  178 |  char spi_buf[50];
      |       ^~~~~~~
C:/Users/joepe/STM32CubeIDE/workspace_1.11.0_2/JAN_24/CM7/Core/Src/main.c:177:7: warning: unused variable 'uart_buf' [-Wunused-variable]
  177 |  char uart_buf[50];
      |       ^~~~~~~~
arm-none-eabi-gcc -o "JAN_24_CM7.elf" @"objects.list"   -mcpu=cortex-m7 -T"C:\Users\joepe\STM32CubeIDE\workspace_1.11.0_2\JAN_24\STM32CubeIDE\CM7\STM32H745XIHX_FLASH.ld" --specs=nosys.specs -Wl,-Map="JAN_24_CM7.map" -Wl,--gc-sections -static --specs=nano.specs -mfpu=fpv5-d16 -mfloat-abi=hard -mthumb -Wl,--start-group -lc -lm -Wl,--end-group
Finished building target: JAN_24_CM7.elf
 
arm-none-eabi-size   JAN_24_CM7.elf 
arm-none-eabi-objdump -h -S  JAN_24_CM7.elf  > "JAN_24_CM7.list"
   text	   data	    bss	    dec	    hex	filename
  32160	     24	   2448	  34632	   8748	JAN_24_CM7.elf
Finished building: default.size.stdout
 
Finished building: JAN_24_CM7.list
 
09:45:26 **** Incremental Build of configuration Debug for project JAN_24_CM4 ****
make -j4 all 
arm-none-eabi-size   JAN_24_CM4.elf 
   text	   data	    bss	    dec	    hex	filename
   3128	     24	   1568	   4720	   1270	JAN_24_CM4.elf
Finished building: default.size.stdout
 
09:45:27 **** Incremental Build of configuration Debug for project JAN_24_CM7 ****
make -j4 all 
arm-none-eabi-size   JAN_24_CM7.elf 
   text	   data	    bss	    dec	    hex	filename
  32160	     24	   2448	  34632	   8748	JAN_24_CM7.elf
Finished building: default.size.stdout
 
09:45:55 **** Incremental Build of configuration Debug for project JAN_24_CM4 ****
make -j4 all 
arm-none-eabi-size   JAN_24_CM4.elf 
   text	   data	    bss	    dec	    hex	filename
   3128	     24	   1568	   4720	   1270	JAN_24_CM4.elf
Finished building: default.size.stdout
 
09:45:55 **** Incremental Build of configuration Debug for project JAN_24_CM7 ****
make -j4 all 
arm-none-eabi-gcc "C:/Users/joepe/STM32CubeIDE/workspace_1.11.0_2/JAN_24/CM7/Core/Src/main.c" -mcpu=cortex-m7 -std=gnu11 -g3 -DDEBUG -DCORE_CM7 -DUSE_HAL_DRIVER -DSTM32H745xx -c -I../../../CM7/Core/Inc -I../../../Drivers/STM32H7xx_HAL_Driver/Inc -I../../../Drivers/STM32H7xx_HAL_Driver/Inc/Legacy -I../../../Drivers/CMSIS/Device/ST/STM32H7xx/Include -I../../../Drivers/CMSIS/Include -O0 -ffunction-sections -fdata-sections -Wall -fstack-usage -MMD -MP -MF"Application/User/Core/main.d" -MT"Application/User/Core/main.o" --specs=nano.specs -mfpu=fpv5-d16 -mfloat-abi=hard -mthumb -o "Application/User/Core/main.o"
C:/Users/joepe/STM32CubeIDE/workspace_1.11.0_2/JAN_24/CM7/Core/Src/main.c: In function 'main':
C:/Users/joepe/STM32CubeIDE/workspace_1.11.0_2/JAN_24/CM7/Core/Src/main.c:264:18: warning: unused variable 'writeBuf5' [-Wunused-variable]
  264 |   const uint16_t writeBuf5 = 0b0000110011110000;
      |                  ^~~~~~~~~
C:/Users/joepe/STM32CubeIDE/workspace_1.11.0_2/JAN_24/CM7/Core/Src/main.c:263:18: warning: unused variable 'writeBuf4' [-Wunused-variable]
  263 |   const uint16_t writeBuf4 = 0b0000110011110000;
      |                  ^~~~~~~~~
C:/Users/joepe/STM32CubeIDE/workspace_1.11.0_2/JAN_24/CM7/Core/Src/main.c:262:18: warning: unused variable 'writeBuf3' [-Wunused-variable]
  262 |   const uint16_t writeBuf3 = 0b0000110011110000;
      |                  ^~~~~~~~~
C:/Users/joepe/STM32CubeIDE/workspace_1.11.0_2/JAN_24/CM7/Core/Src/main.c:261:18: warning: unused variable 'writeBuf2' [-Wunused-variable]
  261 |   const uint16_t writeBuf2 = 0b0000110011110000;
      |                  ^~~~~~~~~
C:/Users/joepe/STM32CubeIDE/workspace_1.11.0_2/JAN_24/CM7/Core/Src/main.c:260:18: warning: unused variable 'writeBuf1' [-Wunused-variable]
  260 |   const uint16_t writeBuf1 = 0b0000110010001111;
      |                  ^~~~~~~~~
C:/Users/joepe/STM32CubeIDE/workspace_1.11.0_2/JAN_24/CM7/Core/Src/main.c:185:11: warning: unused variable 'timeout' [-Wunused-variable]
  185 |   int32_t timeout;
      |           ^~~~~~~
C:/Users/joepe/STM32CubeIDE/workspace_1.11.0_2/JAN_24/CM7/Core/Src/main.c:180:6: warning: unused variable 'spi_buf_len' [-Wunused-variable]
  180 |  int spi_buf_len;
      |      ^~~~~~~~~~~
C:/Users/joepe/STM32CubeIDE/workspace_1.11.0_2/JAN_24/CM7/Core/Src/main.c:179:6: warning: unused variable 'uart_buf_len' [-Wunused-variable]
  179 |  int uart_buf_len;
      |      ^~~~~~~~~~~~
C:/Users/joepe/STM32CubeIDE/workspace_1.11.0_2/JAN_24/CM7/Core/Src/main.c:178:7: warning: unused variable 'spi_buf' [-Wunused-variable]
  178 |  char spi_buf[50];
      |       ^~~~~~~
C:/Users/joepe/STM32CubeIDE/workspace_1.11.0_2/JAN_24/CM7/Core/Src/main.c:177:7: warning: unused variable 'uart_buf' [-Wunused-variable]
  177 |  char uart_buf[50];
      |       ^~~~~~~~
arm-none-eabi-gcc -o "JAN_24_CM7.elf" @"objects.list"   -mcpu=cortex-m7 -T"C:\Users\joepe\STM32CubeIDE\workspace_1.11.0_2\JAN_24\STM32CubeIDE\CM7\STM32H745XIHX_FLASH.ld" --specs=nosys.specs -Wl,-Map="JAN_24_CM7.map" -Wl,--gc-sections -static --specs=nano.specs -mfpu=fpv5-d16 -mfloat-abi=hard -mthumb -Wl,--start-group -lc -lm -Wl,--end-group
Finished building target: JAN_24_CM7.elf
 
arm-none-eabi-size   JAN_24_CM7.elf 
arm-none-eabi-objdump -h -S  JAN_24_CM7.elf  > "JAN_24_CM7.list"
   text	   data	    bss	    dec	    hex	filename
  32160	     24	   2448	  34632	   8748	JAN_24_CM7.elf
Finished building: default.size.stdout
 
Finished building: JAN_24_CM7.list
 
09:49:32 **** Incremental Build of configuration Debug for project JAN_24_CM4 ****
make -j4 all 
arm-none-eabi-size   JAN_24_CM4.elf 
   text	   data	    bss	    dec	    hex	filename
   3128	     24	   1568	   4720	   1270	JAN_24_CM4.elf
Finished building: default.size.stdout
 
09:49:33 **** Incremental Build of configuration Debug for project JAN_24_CM7 ****
make -j4 all 
arm-none-eabi-gcc "C:/Users/joepe/STM32CubeIDE/workspace_1.11.0_2/JAN_24/CM7/Core/Src/main.c" -mcpu=cortex-m7 -std=gnu11 -g3 -DDEBUG -DCORE_CM7 -DUSE_HAL_DRIVER -DSTM32H745xx -c -I../../../CM7/Core/Inc -I../../../Drivers/STM32H7xx_HAL_Driver/Inc -I../../../Drivers/STM32H7xx_HAL_Driver/Inc/Legacy -I../../../Drivers/CMSIS/Device/ST/STM32H7xx/Include -I../../../Drivers/CMSIS/Include -O0 -ffunction-sections -fdata-sections -Wall -fstack-usage -MMD -MP -MF"Application/User/Core/main.d" -MT"Application/User/Core/main.o" --specs=nano.specs -mfpu=fpv5-d16 -mfloat-abi=hard -mthumb -o "Application/User/Core/main.o"
C:/Users/joepe/STM32CubeIDE/workspace_1.11.0_2/JAN_24/CM7/Core/Src/main.c: In function 'main':
C:/Users/joepe/STM32CubeIDE/workspace_1.11.0_2/JAN_24/CM7/Core/Src/main.c:264:18: warning: unused variable 'writeBuf5' [-Wunused-variable]
  264 |   const uint16_t writeBuf5 = 0b0000110011110000;
      |                  ^~~~~~~~~
C:/Users/joepe/STM32CubeIDE/workspace_1.11.0_2/JAN_24/CM7/Core/Src/main.c:263:18: warning: unused variable 'writeBuf4' [-Wunused-variable]
  263 |   const uint16_t writeBuf4 = 0b0000110011110000;
      |                  ^~~~~~~~~
C:/Users/joepe/STM32CubeIDE/workspace_1.11.0_2/JAN_24/CM7/Core/Src/main.c:262:18: warning: unused variable 'writeBuf3' [-Wunused-variable]
  262 |   const uint16_t writeBuf3 = 0b0000110011110000;
      |                  ^~~~~~~~~
C:/Users/joepe/STM32CubeIDE/workspace_1.11.0_2/JAN_24/CM7/Core/Src/main.c:261:18: warning: unused variable 'writeBuf2' [-Wunused-variable]
  261 |   const uint16_t writeBuf2 = 0b0000110011110000;
      |                  ^~~~~~~~~
C:/Users/joepe/STM32CubeIDE/workspace_1.11.0_2/JAN_24/CM7/Core/Src/main.c:260:18: warning: unused variable 'writeBuf1' [-Wunused-variable]
  260 |   const uint16_t writeBuf1 = 0b0000110010001111;
      |                  ^~~~~~~~~
C:/Users/joepe/STM32CubeIDE/workspace_1.11.0_2/JAN_24/CM7/Core/Src/main.c:185:11: warning: unused variable 'timeout' [-Wunused-variable]
  185 |   int32_t timeout;
      |           ^~~~~~~
C:/Users/joepe/STM32CubeIDE/workspace_1.11.0_2/JAN_24/CM7/Core/Src/main.c:180:6: warning: unused variable 'spi_buf_len' [-Wunused-variable]
  180 |  int spi_buf_len;
      |      ^~~~~~~~~~~
C:/Users/joepe/STM32CubeIDE/workspace_1.11.0_2/JAN_24/CM7/Core/Src/main.c:179:6: warning: unused variable 'uart_buf_len' [-Wunused-variable]
  179 |  int uart_buf_len;
      |      ^~~~~~~~~~~~
C:/Users/joepe/STM32CubeIDE/workspace_1.11.0_2/JAN_24/CM7/Core/Src/main.c:178:7: warning: unused variable 'spi_buf' [-Wunused-variable]
  178 |  char spi_buf[50];
      |       ^~~~~~~
C:/Users/joepe/STM32CubeIDE/workspace_1.11.0_2/JAN_24/CM7/Core/Src/main.c:177:7: warning: unused variable 'uart_buf' [-Wunused-variable]
  177 |  char uart_buf[50];
      |       ^~~~~~~~
arm-none-eabi-gcc -o "JAN_24_CM7.elf" @"objects.list"   -mcpu=cortex-m7 -T"C:\Users\joepe\STM32CubeIDE\workspace_1.11.0_2\JAN_24\STM32CubeIDE\CM7\STM32H745XIHX_FLASH.ld" --specs=nosys.specs -Wl,-Map="JAN_24_CM7.map" -Wl,--gc-sections -static --specs=nano.specs -mfpu=fpv5-d16 -mfloat-abi=hard -mthumb -Wl,--start-group -lc -lm -Wl,--end-group
Finished building target: JAN_24_CM7.elf
 
arm-none-eabi-size   JAN_24_CM7.elf 
arm-none-eabi-objdump -h -S  JAN_24_CM7.elf  > "JAN_24_CM7.list"
   text	   data	    bss	    dec	    hex	filename
  32164	     24	   2448	  34636	   874c	JAN_24_CM7.elf
Finished building: default.size.stdout
 
Finished building: JAN_24_CM7.list
 
09:50:25 **** Incremental Build of configuration Debug for project JAN_24_CM4 ****
make -j4 all 
arm-none-eabi-size   JAN_24_CM4.elf 
   text	   data	    bss	    dec	    hex	filename
   3128	     24	   1568	   4720	   1270	JAN_24_CM4.elf
Finished building: default.size.stdout
 
09:50:26 **** Incremental Build of configuration Debug for project JAN_24_CM7 ****
make -j4 all 
arm-none-eabi-size   JAN_24_CM7.elf 
   text	   data	    bss	    dec	    hex	filename
  32164	     24	   2448	  34636	   874c	JAN_24_CM7.elf
Finished building: default.size.stdout
 
09:51:03 **** Incremental Build of configuration Debug for project JAN_24_CM4 ****
make -j4 all 
arm-none-eabi-size   JAN_24_CM4.elf 
   text	   data	    bss	    dec	    hex	filename
   3128	     24	   1568	   4720	   1270	JAN_24_CM4.elf
Finished building: default.size.stdout
 
09:51:04 **** Incremental Build of configuration Debug for project JAN_24_CM7 ****
make -j4 all 
arm-none-eabi-gcc "C:/Users/joepe/STM32CubeIDE/workspace_1.11.0_2/JAN_24/CM7/Core/Src/main.c" -mcpu=cortex-m7 -std=gnu11 -g3 -DDEBUG -DCORE_CM7 -DUSE_HAL_DRIVER -DSTM32H745xx -c -I../../../CM7/Core/Inc -I../../../Drivers/STM32H7xx_HAL_Driver/Inc -I../../../Drivers/STM32H7xx_HAL_Driver/Inc/Legacy -I../../../Drivers/CMSIS/Device/ST/STM32H7xx/Include -I../../../Drivers/CMSIS/Include -O0 -ffunction-sections -fdata-sections -Wall -fstack-usage -MMD -MP -MF"Application/User/Core/main.d" -MT"Application/User/Core/main.o" --specs=nano.specs -mfpu=fpv5-d16 -mfloat-abi=hard -mthumb -o "Application/User/Core/main.o"
C:/Users/joepe/STM32CubeIDE/workspace_1.11.0_2/JAN_24/CM7/Core/Src/main.c: In function 'main':
C:/Users/joepe/STM32CubeIDE/workspace_1.11.0_2/JAN_24/CM7/Core/Src/main.c:264:18: warning: unused variable 'writeBuf5' [-Wunused-variable]
  264 |   const uint16_t writeBuf5 = 0b0000110011110000;
      |                  ^~~~~~~~~
C:/Users/joepe/STM32CubeIDE/workspace_1.11.0_2/JAN_24/CM7/Core/Src/main.c:263:18: warning: unused variable 'writeBuf4' [-Wunused-variable]
  263 |   const uint16_t writeBuf4 = 0b0000110011110000;
      |                  ^~~~~~~~~
C:/Users/joepe/STM32CubeIDE/workspace_1.11.0_2/JAN_24/CM7/Core/Src/main.c:262:18: warning: unused variable 'writeBuf3' [-Wunused-variable]
  262 |   const uint16_t writeBuf3 = 0b0000110011110000;
      |                  ^~~~~~~~~
C:/Users/joepe/STM32CubeIDE/workspace_1.11.0_2/JAN_24/CM7/Core/Src/main.c:261:18: warning: unused variable 'writeBuf2' [-Wunused-variable]
  261 |   const uint16_t writeBuf2 = 0b0000110011110000;
      |                  ^~~~~~~~~
C:/Users/joepe/STM32CubeIDE/workspace_1.11.0_2/JAN_24/CM7/Core/Src/main.c:260:18: warning: unused variable 'writeBuf1' [-Wunused-variable]
  260 |   const uint16_t writeBuf1 = 0b0000110010001111;
      |                  ^~~~~~~~~
C:/Users/joepe/STM32CubeIDE/workspace_1.11.0_2/JAN_24/CM7/Core/Src/main.c:185:11: warning: unused variable 'timeout' [-Wunused-variable]
  185 |   int32_t timeout;
      |           ^~~~~~~
C:/Users/joepe/STM32CubeIDE/workspace_1.11.0_2/JAN_24/CM7/Core/Src/main.c:180:6: warning: unused variable 'spi_buf_len' [-Wunused-variable]
  180 |  int spi_buf_len;
      |      ^~~~~~~~~~~
C:/Users/joepe/STM32CubeIDE/workspace_1.11.0_2/JAN_24/CM7/Core/Src/main.c:179:6: warning: unused variable 'uart_buf_len' [-Wunused-variable]
  179 |  int uart_buf_len;
      |      ^~~~~~~~~~~~
C:/Users/joepe/STM32CubeIDE/workspace_1.11.0_2/JAN_24/CM7/Core/Src/main.c:178:7: warning: unused variable 'spi_buf' [-Wunused-variable]
  178 |  char spi_buf[50];
      |       ^~~~~~~
C:/Users/joepe/STM32CubeIDE/workspace_1.11.0_2/JAN_24/CM7/Core/Src/main.c:177:7: warning: unused variable 'uart_buf' [-Wunused-variable]
  177 |  char uart_buf[50];
      |       ^~~~~~~~
arm-none-eabi-gcc -o "JAN_24_CM7.elf" @"objects.list"   -mcpu=cortex-m7 -T"C:\Users\joepe\STM32CubeIDE\workspace_1.11.0_2\JAN_24\STM32CubeIDE\CM7\STM32H745XIHX_FLASH.ld" --specs=nosys.specs -Wl,-Map="JAN_24_CM7.map" -Wl,--gc-sections -static --specs=nano.specs -mfpu=fpv5-d16 -mfloat-abi=hard -mthumb -Wl,--start-group -lc -lm -Wl,--end-group
Finished building target: JAN_24_CM7.elf
 
arm-none-eabi-size   JAN_24_CM7.elf 
arm-none-eabi-objdump -h -S  JAN_24_CM7.elf  > "JAN_24_CM7.list"
   text	   data	    bss	    dec	    hex	filename
  32164	     24	   2448	  34636	   874c	JAN_24_CM7.elf
Finished building: default.size.stdout
 
Finished building: JAN_24_CM7.list
 
