09:51:04 **** Incremental Build of configuration Debug for project JAN_24_CM7 ****
make -j4 all 
arm-none-eabi-gcc "C:/Users/joepe/STM32CubeIDE/workspace_1.11.0_2/JAN_24/CM7/Core/Src/main.c" -mcpu=cortex-m7 -std=gnu11 -g3 -DDEBUG -DCORE_CM7 -DUSE_HAL_DRIVER -DSTM32H745xx -c -I../../../CM7/Core/Inc -I../../../Drivers/STM32H7xx_HAL_Driver/Inc -I../../../Drivers/STM32H7xx_HAL_Driver/Inc/Legacy -I../../../Drivers/CMSIS/Device/ST/STM32H7xx/Include -I../../../Drivers/CMSIS/Include -O0 -ffunction-sections -fdata-sections -Wall -fstack-usage -MMD -MP -MF"Application/User/Core/main.d" -MT"Application/User/Core/main.o" --specs=nano.specs -mfpu=fpv5-d16 -mfloat-abi=hard -mthumb -o "Application/User/Core/main.o"
C:/Users/joepe/STM32CubeIDE/workspace_1.11.0_2/JAN_24/CM7/Core/Src/main.c: In function 'main':
C:/Users/joepe/STM32CubeIDE/workspace_1.11.0_2/JAN_24/CM7/Core/Src/main.c:264:18: warning: unused variable 'writeBuf5' [-Wunused-variable]
  264 |   const uint16_t writeBuf5 = 0b0000110011110000;
      |                  ^~~~~~~~~
C:/Users/joepe/STM32CubeIDE/workspace_1.11.0_2/JAN_24/CM7/Core/Src/main.c:263:18: warning: unused variable 'writeBuf4' [-Wunused-variable]
  263 |   const uint16_t writeBuf4 = 0b0000110011110000;
      |                  ^~~~~~~~~
C:/Users/joepe/STM32CubeIDE/workspace_1.11.0_2/JAN_24/CM7/Core/Src/main.c:262:18: warning: unused variable 'writeBuf3' [-Wunused-variable]
  262 |   const uint16_t writeBuf3 = 0b0000110011110000;
      |                  ^~~~~~~~~
C:/Users/joepe/STM32CubeIDE/workspace_1.11.0_2/JAN_24/CM7/Core/Src/main.c:261:18: warning: unused variable 'writeBuf2' [-Wunused-variable]
  261 |   const uint16_t writeBuf2 = 0b0000110011110000;
      |                  ^~~~~~~~~
C:/Users/joepe/STM32CubeIDE/workspace_1.11.0_2/JAN_24/CM7/Core/Src/main.c:260:18: warning: unused variable 'writeBuf1' [-Wunused-variable]
  260 |   const uint16_t writeBuf1 = 0b0000110010001111;
      |                  ^~~~~~~~~
C:/Users/joepe/STM32CubeIDE/workspace_1.11.0_2/JAN_24/CM7/Core/Src/main.c:185:11: warning: unused variable 'timeout' [-Wunused-variable]
  185 |   int32_t timeout;
      |           ^~~~~~~
C:/Users/joepe/STM32CubeIDE/workspace_1.11.0_2/JAN_24/CM7/Core/Src/main.c:180:6: warning: unused variable 'spi_buf_len' [-Wunused-variable]
  180 |  int spi_buf_len;
      |      ^~~~~~~~~~~
C:/Users/joepe/STM32CubeIDE/workspace_1.11.0_2/JAN_24/CM7/Core/Src/main.c:179:6: warning: unused variable 'uart_buf_len' [-Wunused-variable]
  179 |  int uart_buf_len;
      |      ^~~~~~~~~~~~
C:/Users/joepe/STM32CubeIDE/workspace_1.11.0_2/JAN_24/CM7/Core/Src/main.c:178:7: warning: unused variable 'spi_buf' [-Wunused-variable]
  178 |  char spi_buf[50];
      |       ^~~~~~~
C:/Users/joepe/STM32CubeIDE/workspace_1.11.0_2/JAN_24/CM7/Core/Src/main.c:177:7: warning: unused variable 'uart_buf' [-Wunused-variable]
  177 |  char uart_buf[50];
      |       ^~~~~~~~
arm-none-eabi-gcc -o "JAN_24_CM7.elf" @"objects.list"   -mcpu=cortex-m7 -T"C:\Users\joepe\STM32CubeIDE\workspace_1.11.0_2\JAN_24\STM32CubeIDE\CM7\STM32H745XIHX_FLASH.ld" --specs=nosys.specs -Wl,-Map="JAN_24_CM7.map" -Wl,--gc-sections -static --specs=nano.specs -mfpu=fpv5-d16 -mfloat-abi=hard -mthumb -Wl,--start-group -lc -lm -Wl,--end-group
Finished building target: JAN_24_CM7.elf
 
arm-none-eabi-size   JAN_24_CM7.elf 
arm-none-eabi-objdump -h -S  JAN_24_CM7.elf  > "JAN_24_CM7.list"
   text	   data	    bss	    dec	    hex	filename
  32164	     24	   2448	  34636	   874c	JAN_24_CM7.elf
Finished building: default.size.stdout
 
Finished building: JAN_24_CM7.list
 

09:51:06 Build Finished. 0 errors, 10 warnings. (took 1s.659ms)

